Component: ARM Compiler 5.06 update 7 (build 960) Tool: armlink [4d3601]

==============================================================================

Section Cross References

    startup_n32wb03x.o(RESET) refers to startup_n32wb03x.o(STACK) for __initial_sp
    startup_n32wb03x.o(RESET) refers to startup_n32wb03x.o(.text) for Reset_Handler
    startup_n32wb03x.o(RESET) refers to app_gpio.o(i.EXTI4_12_IRQHandler) for EXTI4_12_IRQHandler
    startup_n32wb03x.o(.text) refers to system_n32wb03x.o(i.SystemInit) for SystemInit
    startup_n32wb03x.o(.text) refers to entry.o(.ARM.Collect$$$$00000000) for __main
    system_n32wb03x.o(i.RCC_HsiCalib) refers to system_n32wb03x.o(.emb_text) for system_delay_cycles
    system_n32wb03x.o(i.SystemCoreClockUpdate) refers to system_n32wb03x.o(.data) for .data
    system_n32wb03x.o(i.SystemGetMacAddr) refers to system_n32wb03x.o(i.SystemTrimValueRead) for SystemTrimValueRead
    system_n32wb03x.o(i.SystemGetMacAddr) refers to system_n32wb03x.o(.bss) for .bss
    system_n32wb03x.o(i.SystemGetUUID) refers to system_n32wb03x.o(i.SystemTrimValueRead) for SystemTrimValueRead
    system_n32wb03x.o(i.SystemGetUUID) refers to system_n32wb03x.o(.bss) for .bss
    system_n32wb03x.o(i.SystemInit) refers to system_n32wb03x.o(i.SystemTrimValueRead) for SystemTrimValueRead
    system_n32wb03x.o(i.SystemInit) refers to system_n32wb03x.o(i.RCC_HsiCalib) for RCC_HsiCalib
    system_n32wb03x.o(i.SystemInit) refers to system_n32wb03x.o(.bss) for .bss
    system_n32wb03x.o(i.SystemTrimValueGet) refers to system_n32wb03x.o(i.SystemTrimValueRead) for SystemTrimValueRead
    system_n32wb03x.o(i.SystemTrimValueGet) refers to system_n32wb03x.o(.bss) for .bss
    system_n32wb03x.o(i.SystemTrimValueRead) refers to memcpya.o(.text) for __aeabi_memcpy
    system_n32wb03x.o(i.SystemTrimValueRead) refers to system_n32wb03x.o(.constdata) for .constdata
    system_n32wb03x.o(i.system_delay_n_10us) refers to system_n32wb03x.o(.emb_text) for system_delay_cycles
    n32wb03x_adc.o(i.ADC16Bit_ConverValueToVoltage) refers to system_n32wb03x.o(i.SystemTrimValueGet) for SystemTrimValueGet
    n32wb03x_adc.o(i.ADC16Bit_ConverValueToVoltage) refers to idiv.o(.text) for __aeabi_idivmod
    n32wb03x_adc.o(i.ADC_ConverValueToTemperature) refers to system_n32wb03x.o(i.SystemTrimValueGet) for SystemTrimValueGet
    n32wb03x_adc.o(i.ADC_ConverValueToTemperature) refers to ffltui.o(.text) for __aeabi_ui2f
    n32wb03x_adc.o(i.ADC_ConverValueToTemperature) refers to fadd.o(.text) for __aeabi_frsub
    n32wb03x_adc.o(i.ADC_ConverValueToTemperature) refers to f2d.o(.text) for __aeabi_f2d
    n32wb03x_adc.o(i.ADC_ConverValueToTemperature) refers to ddiv.o(.text) for __aeabi_ddiv
    n32wb03x_adc.o(i.ADC_ConverValueToTemperature) refers to dadd.o(.text) for __aeabi_dadd
    n32wb03x_adc.o(i.ADC_ConverValueToTemperature) refers to d2f.o(.text) for __aeabi_d2f
    n32wb03x_adc.o(i.ADC_ConverValueToVoltage) refers to system_n32wb03x.o(i.SystemTrimValueGet) for SystemTrimValueGet
    n32wb03x_adc.o(i.ADC_ConverValueToVoltage) refers to idiv.o(.text) for __aeabi_idivmod
    n32wb03x_adc.o(i.ADC_DeInit) refers to n32wb03x_rcc.o(i.RCC_EnableAHBPeriphReset) for RCC_EnableAHBPeriphReset
    n32wb03x_adc.o(i.ADC_DeInit) refers to n32wb03x_rcc.o(i.RCC_EnableAHBPeriphClk) for RCC_EnableAHBPeriphClk
    n32wb03x_gpio.o(i.GPIO_AFIOInitDefault) refers to n32wb03x_rcc.o(i.RCC_EnableAPB2PeriphReset) for RCC_EnableAPB2PeriphReset
    n32wb03x_gpio.o(i.GPIO_ConfigEXTILine) refers to n32wb03x_gpio.o(i.__ARM_common_switch8) for __ARM_common_switch8
    n32wb03x_gpio.o(i.GPIO_DeInit) refers to n32wb03x_rcc.o(i.RCC_EnableAPB2PeriphReset) for RCC_EnableAPB2PeriphReset
    n32wb03x_rcc.o(i.RCC_GetClocksFreqValue) refers to n32wb03x_rcc.o(.constdata) for .constdata
    n32wb03x_rcc.o(i.RCC_WaitHseStable) refers to n32wb03x_rcc.o(i.RCC_GetFlagStatus) for RCC_GetFlagStatus
    n32wb03x_rcc.o(i.RCC_WaitHsiStable) refers to n32wb03x_rcc.o(i.RCC_GetFlagStatus) for RCC_GetFlagStatus
    n32wb03x_tim.o(i.TIM_ConfigExtClkMode1) refers to n32wb03x_tim.o(i.TIM_ConfigExtTrig) for TIM_ConfigExtTrig
    n32wb03x_tim.o(i.TIM_ConfigExtClkMode2) refers to n32wb03x_tim.o(i.TIM_ConfigExtTrig) for TIM_ConfigExtTrig
    n32wb03x_tim.o(i.TIM_ConfigExtTrigAsClk) refers to n32wb03x_tim.o(i.ConfigTI1) for ConfigTI1
    n32wb03x_tim.o(i.TIM_ConfigExtTrigAsClk) refers to n32wb03x_tim.o(i.TIM_SelectInputTrig) for TIM_SelectInputTrig
    n32wb03x_tim.o(i.TIM_ConfigExtTrigAsClk) refers to n32wb03x_tim.o(i.ConfigTI2) for ConfigTI2
    n32wb03x_tim.o(i.TIM_ConfigInternalTrigToExt) refers to n32wb03x_tim.o(i.TIM_SelectInputTrig) for TIM_SelectInputTrig
    n32wb03x_tim.o(i.TIM_ConfigPwmIc) refers to n32wb03x_tim.o(i.ConfigTI2) for ConfigTI2
    n32wb03x_tim.o(i.TIM_ConfigPwmIc) refers to n32wb03x_tim.o(i.TIM_SetInCap2Prescaler) for TIM_SetInCap2Prescaler
    n32wb03x_tim.o(i.TIM_ConfigPwmIc) refers to n32wb03x_tim.o(i.ConfigTI1) for ConfigTI1
[...]
    sch_arb_insert                           0x0002bc19   Thumb Code     0  symbol_g15.obj ABSOLUTE
    sch_arb_remove                           0x0002bec5   Thumb Code     0  symbol_g15.obj ABSOLUTE
    sch_arb_sw_isr                           0x0002bf29   Thumb Code     0  symbol_g15.obj ABSOLUTE
    sch_plan_chk                             0x0002bf5d   Thumb Code     0  symbol_g15.obj ABSOLUTE
    sch_plan_init                            0x0002bf6d   Thumb Code     0  symbol_g15.obj ABSOLUTE
    sch_plan_rem                             0x0002c231   Thumb Code     0  symbol_g15.obj ABSOLUTE
    sch_plan_req                             0x0002c241   Thumb Code     0  symbol_g15.obj ABSOLUTE
    sch_plan_set                             0x0002c30d   Thumb Code     0  symbol_g15.obj ABSOLUTE
    sch_prog_end_isr                         0x0002c381   Thumb Code     0  symbol_g15.obj ABSOLUTE
    sch_prog_fifo_isr                        0x0002c3ed   Thumb Code     0  symbol_g15.obj ABSOLUTE
    sch_prog_init                            0x0002c4d9   Thumb Code     0  symbol_g15.obj ABSOLUTE
    sch_prog_push                            0x0002c519   Thumb Code     0  symbol_g15.obj ABSOLUTE
    sch_prog_skip_isr                        0x0002c651   Thumb Code     0  symbol_g15.obj ABSOLUTE
    sch_slice_bg_add                         0x0002c6c5   Thumb Code     0  symbol_g15.obj ABSOLUTE
    sch_slice_bg_remove                      0x0002c6dd   Thumb Code     0  symbol_g15.obj ABSOLUTE
    sch_slice_compute                        0x0002c6f5   Thumb Code     0  symbol_g15.obj ABSOLUTE
    sch_slice_fg_add                         0x0002c7a1   Thumb Code     0  symbol_g15.obj ABSOLUTE
    sch_slice_fg_remove                      0x0002c7c1   Thumb Code     0  symbol_g15.obj ABSOLUTE
    sch_slice_init                           0x0002c7f1   Thumb Code     0  symbol_g15.obj ABSOLUTE
    sch_slice_per_add                        0x0002c835   Thumb Code     0  symbol_g15.obj ABSOLUTE
    sch_slice_per_remove                     0x0002c85d   Thumb Code     0  symbol_g15.obj ABSOLUTE
    sleep_condition_check                    0x0002c885   Thumb Code     0  symbol_g15.obj ABSOLUTE
    soft_flow_ctrl_init                      0x0002c91d   Thumb Code     0  symbol_g15.obj ABSOLUTE
    soft_flow_ctrl_tx_process                0x0002c969   Thumb Code     0  symbol_g15.obj ABSOLUTE
    specialModP256                           0x0002c9dd   Thumb Code     0  symbol_g15.obj ABSOLUTE
    spis_init                                0x0002cad5   Thumb Code     0  symbol_g15.obj ABSOLUTE
    stage_idle_irq_handler                   0x0002cb39   Thumb Code     0  symbol_g15.obj ABSOLUTE
    stage_idle_reset                         0x0002cbb5   Thumb Code     0  symbol_g15.obj ABSOLUTE
    stage_rx_irq_handler                     0x0002cc25   Thumb Code     0  symbol_g15.obj ABSOLUTE
    stage_tx_irq_handler                     0x0002cc41   Thumb Code     0  symbol_g15.obj ABSOLUTE
    stage_tx_len_irq_handler                 0x0002cd21   Thumb Code     0  symbol_g15.obj ABSOLUTE
    user_exe_operation                       0x0002cd89   Thumb Code     0  symbol_g15.obj ABSOLUTE
    user_prf_itf_get                         0x0002d011   Thumb Code     0  symbol_g15.obj ABSOLUTE
    utils_data_ready_off                     0x0002d045   Thumb Code     0  symbol_g15.obj ABSOLUTE
    utils_data_ready_on                      0x0002d055   Thumb Code     0  symbol_g15.obj ABSOLUTE
    utils_flow_off                           0x0002d085   Thumb Code     0  symbol_g15.obj ABSOLUTE
    utils_flow_on                            0x0002d0b1   Thumb Code     0  symbol_g15.obj ABSOLUTE
    utils_get_tx_len                         0x0002d0d9   Thumb Code     0  symbol_g15.obj ABSOLUTE
    utils_hci_cmd_check                      0x0002d121   Thumb Code     0  symbol_g15.obj ABSOLUTE
    utils_hci_cmd_reset                      0x0002d1b9   Thumb Code     0  symbol_g15.obj ABSOLUTE
    utils_io_init                            0x0002d22d   Thumb Code     0  symbol_g15.obj ABSOLUTE
    utils_io_sleep                           0x0002d289   Thumb Code     0  symbol_g15.obj ABSOLUTE
    utils_read                               0x0002d33d   Thumb Code     0  symbol_g15.obj ABSOLUTE
    utils_read_wakeup_stat                   0x0002d4c9   Thumb Code     0  symbol_g15.obj ABSOLUTE
    utils_wakeup_int_enable                  0x0002d4d9   Thumb Code     0  symbol_g15.obj ABSOLUTE
    utils_write                              0x0002d521   Thumb Code     0  symbol_g15.obj ABSOLUTE
    wakeup_irq_handler                       0x0002d691   Thumb Code     0  symbol_g15.obj ABSOLUTE
    one_bits                                 0x0002d740   Data           0  symbol_g15.obj ABSOLUTE
    co_sca2ppm                               0x0002d750   Data           0  symbol_g15.obj ABSOLUTE
    co_null_bdaddr                           0x0002d760   Data           0  symbol_g15.obj ABSOLUTE
    co_null_key                              0x0002d766   Data           0  symbol_g15.obj ABSOLUTE
    co_rate_to_phy                           0x0002d776   Data           0  symbol_g15.obj ABSOLUTE
    co_phy_to_rate                           0x0002d77b   Data           0  symbol_g15.obj ABSOLUTE
    co_phy_mask_to_value                     0x0002d77f   Data           0  symbol_g15.obj ABSOLUTE
    co_phy_value_to_mask                     0x0002d784   Data           0  symbol_g15.obj ABSOLUTE
    co_rate_to_phy_mask                      0x0002d788   Data           0  symbol_g15.obj ABSOLUTE
    co_phy_mask_to_rate                      0x0002d78c   Data           0  symbol_g15.obj ABSOLUTE
    rwip_priority                            0x0002d791   Data           0  symbol_g15.obj ABSOLUTE
    aes_cmac_zero                            0x0002d7a7   Data           0  symbol_g15.obj ABSOLUTE
    BasePoint_x_256                          0x0002d7b8   Data           0  symbol_g15.obj ABSOLUTE
    BasePoint_y_256                          0x0002d7d8   Data           0  symbol_g15.obj ABSOLUTE
    maxSecretKey_256                         0x0002d7f8   Data           0  symbol_g15.obj ABSOLUTE
    DebugE256PublicKey_x                     0x0002d818   Data           0  symbol_g15.obj ABSOLUTE
    DebugE256PublicKey_y                     0x0002d838   Data           0  symbol_g15.obj ABSOLUTE
    DebugE256SecretKey                       0x0002d858   Data           0  symbol_g15.obj ABSOLUTE
    coef_B                                   0x0002d878   Data           0  symbol_g15.obj ABSOLUTE
    bigHexP256                               0x0002d8a4   Data           0  symbol_g15.obj ABSOLUTE
    veryBigHexP256                           0x0002d8d0   Data           0  symbol_g15.obj ABSOLUTE
    ecc_Jacobian_InfinityPoint256            0x0002d920   Data           0  symbol_g15.obj ABSOLUTE
    ECC_4Win_Look_up_table                   0x0002d9a4   Data           0  symbol_g15.obj ABSOLUTE
    TASK_DESC_LLC                            0x0002e4bc   Data           0  symbol_g15.obj ABSOLUTE
    LLM_AA_CT2                               0x0002e4c8   Data           0  symbol_g15.obj ABSOLUTE
    LLM_AA_CT1                               0x0002e4ca   Data           0  symbol_g15.obj ABSOLUTE
    connect_req_dur_tab                      0x0002e4d0   Data           0  symbol_g15.obj ABSOLUTE
    byte_tx_time                             0x0002e4d8   Data           0  symbol_g15.obj ABSOLUTE
    fixed_tx_time                            0x0002e4e0   Data           0  symbol_g15.obj ABSOLUTE
    lld_init_max_aux_dur_tab                 0x0002e4e8   Data           0  symbol_g15.obj ABSOLUTE
    lld_scan_map_legacy_pdu_to_evt_type      0x0002e4f0   Data           0  symbol_g15.obj ABSOLUTE
    lld_scan_max_aux_dur_tab                 0x0002e4f8   Data           0  symbol_g15.obj ABSOLUTE
    lld_sync_max_aux_dur_tab                 0x0002e500   Data           0  symbol_g15.obj ABSOLUTE
    hci_cmd_desc_tab_lk_ctrl                 0x0002e8e4   Data           0  symbol_g15.obj ABSOLUTE
    hci_cmd_desc_tab_ctrl_bb                 0x0002e8fc   Data           0  symbol_g15.obj ABSOLUTE
    hci_cmd_desc_tab_info_par                0x0002e968   Data           0  symbol_g15.obj ABSOLUTE
    hci_cmd_desc_tab_stat_par                0x0002e998   Data           0  symbol_g15.obj ABSOLUTE
    hci_cmd_desc_tab_le                      0x0002e9a4   Data           0  symbol_g15.obj ABSOLUTE
    hci_cmd_desc_tab_vs                      0x0002ee0c   Data           0  symbol_g15.obj ABSOLUTE
    hci_cmd_desc_root_tab                    0x0002ee48   Data           0  symbol_g15.obj ABSOLUTE
    hci_evt_desc_tab                         0x0002ee78   Data           0  symbol_g15.obj ABSOLUTE
    hci_evt_le_desc_tab                      0x0002eec0   Data           0  symbol_g15.obj ABSOLUTE
    utils_api                                0x0002ef90   Data           0  symbol_g15.obj ABSOLUTE
    ambiq_speed_att_db_128                   0x0002f148   Data           0  symbol_g15.obj ABSOLUTE
    attc_handlers                            0x0002f3f8   Data           0  symbol_g15.obj ABSOLUTE
    atts_handlers                            0x0002f434   Data           0  symbol_g15.obj ABSOLUTE
    TASK_DESC_GATTC                          0x0002f514   Data           0  symbol_g15.obj ABSOLUTE
    TASK_DESC_GATTM                          0x0002f530   Data           0  symbol_g15.obj ABSOLUTE
    gapc_sig_handlers                        0x0002f62c   Data           0  symbol_g15.obj ABSOLUTE
    TASK_DESC_GAPC                           0x0002f7bc   Data           0  symbol_g15.obj ABSOLUTE
    TASK_DESC_GAPM                           0x0002fa08   Data           0  symbol_g15.obj ABSOLUTE
    l2cc_sig_handlers                        0x0002fb28   Data           0  symbol_g15.obj ABSOLUTE
    TASK_DESC_L2CC                           0x0002fb88   Data           0  symbol_g15.obj ABSOLUTE
    TASK_DESC_AHI                            0x0002fb9c   Data           0  symbol_g15.obj ABSOLUTE
    __Vectors                                0x01000000   Data           4  startup_n32wb03x.o(RESET)
    __Vectors_End                            0x010000c0   Data           0  startup_n32wb03x.o(RESET)
    __main                                   0x010000c1   Thumb Code     0  entry.o(.ARM.Collect$$$$00000000)
    _main_stk                                0x010000c1   Thumb Code     0  entry2.o(.ARM.Collect$$$$00000001)
    _main_scatterload                        0x010000c5   Thumb Code     0  entry5.o(.ARM.Collect$$$$00000004)
    __main_after_scatterload                 0x010000c9   Thumb Code     0  entry5.o(.ARM.Collect$$$$00000004)
    _main_clock                              0x010000c9   Thumb Code     0  entry7b.o(.ARM.Collect$$$$00000008)
    _main_cpp_init                           0x010000c9   Thumb Code     0  entry8b.o(.ARM.Collect$$$$0000000A)
    _main_init                               0x010000c9   Thumb Code     0  entry9a.o(.ARM.Collect$$$$0000000B)
    __rt_lib_shutdown_fini                   0x010000d1   Thumb Code     0  entry12b.o(.ARM.Collect$$$$0000000E)
    __rt_final_cpp                           0x010000d5   Thumb Code     0  entry10a.o(.ARM.Collect$$$$0000000F)
    __rt_final_exit                          0x010000d5   Thumb Code     0  entry11a.o(.ARM.Collect$$$$00000011)
    __asm___17_system_n32wb03x_c_f233b82c____REV16 0x010000d9   Thumb Code     4  system_n32wb03x.o(.emb_text)
    __asm___17_system_n32wb03x_c_f233b82c____REVSH 0x010000dd   Thumb Code     4  system_n32wb03x.o(.emb_text)
    system_delay_cycles                      0x010000e1   Thumb Code     6  system_n32wb03x.o(.emb_text)
    Reset_Handler                            0x010000e9   Thumb Code     8  startup_n32wb03x.o(.text)
    NMI_Handler                              0x010000f1   Thumb Code     2  startup_n32wb03x.o(.text)
    HardFault_Handler                        0x010000f3   Thumb Code     2  startup_n32wb03x.o(.text)
    SVC_Handler                              0x010000f5   Thumb Code     2  startup_n32wb03x.o(.text)
    PendSV_Handler                           0x010000f7   Thumb Code     2  startup_n32wb03x.o(.text)
    SysTick_Handler                          0x010000f9   Thumb Code     2  startup_n32wb03x.o(.text)
    ADC_IRQHandler                           0x010000fb   Thumb Code     0  startup_n32wb03x.o(.text)
    BLE_CRYPT_IRQHandler                     0x010000fb   Thumb Code     0  startup_n32wb03x.o(.text)
    BLE_ERROR_IRQHandler                     0x010000fb   Thumb Code     0  startup_n32wb03x.o(.text)
    BLE_FIFO_IRQHandler                      0x010000fb   Thumb Code     0  startup_n32wb03x.o(.text)
    BLE_FINETGT_IRQHandler                   0x010000fb   Thumb Code     0  startup_n32wb03x.o(.text)
    BLE_HSLOT_IRQHandler                     0x010000fb   Thumb Code     0  startup_n32wb03x.o(.text)
    BLE_SLP_IRQHandler                       0x010000fb   Thumb Code     0  startup_n32wb03x.o(.text)
    BLE_SW_IRQHandler                        0x010000fb   Thumb Code     0  startup_n32wb03x.o(.text)
    BLE_TIMESTAMP_TGT1_IRQHandler            0x010000fb   Thumb Code     0  startup_n32wb03x.o(.text)
    BLE_TIMESTAMP_TGT2_IRQHandler            0x010000fb   Thumb Code     0  startup_n32wb03x.o(.text)
    DMA_Channel1_2_3_4_IRQHandler            0x010000fb   Thumb Code     0  startup_n32wb03x.o(.text)
    DMA_Channel5_IRQHandler                  0x010000fb   Thumb Code     0  startup_n32wb03x.o(.text)
    EXTI0_1_IRQHandler                       0x010000fb   Thumb Code     0  startup_n32wb03x.o(.text)
    EXTI2_3_IRQHandler                       0x010000fb   Thumb Code     0  startup_n32wb03x.o(.text)
    FLASH_IRQHandler                         0x010000fb   Thumb Code     0  startup_n32wb03x.o(.text)
    I2C1_IRQHandler                          0x010000fb   Thumb Code     0  startup_n32wb03x.o(.text)
    IRC_IRQHandler                           0x010000fb   Thumb Code     0  startup_n32wb03x.o(.text)
    KEYSCAN_IRQHandler                       0x010000fb   Thumb Code     0  startup_n32wb03x.o(.text)
    LPUART1_IRQHandler                       0x010000fb   Thumb Code     0  startup_n32wb03x.o(.text)
    RCC_IRQHandler                           0x010000fb   Thumb Code     0  startup_n32wb03x.o(.text)
    RESERVED_IRQHandler                      0x010000fb   Thumb Code     0  startup_n32wb03x.o(.text)
    RTC_IRQHandler                           0x010000fb   Thumb Code     0  startup_n32wb03x.o(.text)
    SPI1_IRQHandler                          0x010000fb   Thumb Code     0  startup_n32wb03x.o(.text)
    SPI2_IRQHandler                          0x010000fb   Thumb Code     0  startup_n32wb03x.o(.text)
    TIM1_BRK_UP_TRG_COM_IRQHandler           0x010000fb   Thumb Code     0  startup_n32wb03x.o(.text)
    TIM1_CC_IRQHandler                       0x010000fb   Thumb Code     0  startup_n32wb03x.o(.text)
    TIM3_IRQHandler                          0x010000fb   Thumb Code     0  startup_n32wb03x.o(.text)
    TIM6_IRQHandler                          0x010000fb   Thumb Code     0  startup_n32wb03x.o(.text)
    USART1_IRQHandler                        0x010000fb   Thumb Code     0  startup_n32wb03x.o(.text)
    USART2_IRQHandler                        0x010000fb   Thumb Code     0  startup_n32wb03x.o(.text)
    WWDG_IRQHandler                          0x010000fb   Thumb Code     0  startup_n32wb03x.o(.text)
    __aeabi_uidiv                            0x01000105   Thumb Code     0  uidiv.o(.text)
    __aeabi_uidivmod                         0x01000105   Thumb Code    44  uidiv.o(.text)
    __aeabi_idiv                             0x01000131   Thumb Code     0  idiv.o(.text)
    __aeabi_idivmod                          0x01000131   Thumb Code    40  idiv.o(.text)
    __aeabi_uldivmod                         0x01000159   Thumb Code    96  uldiv.o(.text)
    rand                                     0x010001b9   Thumb Code    18  rand.o(.text)
    srand                                    0x010001cb   Thumb Code     6  rand.o(.text)
    __aeabi_memcpy                           0x010001dd   Thumb Code    36  memcpya.o(.text)
    __aeabi_memcpy4                          0x010001dd   Thumb Code     0  memcpya.o(.text)
    __aeabi_memcpy8                          0x010001dd   Thumb Code     0  memcpya.o(.text)
    __aeabi_memset                           0x01000201   Thumb Code    14  memseta.o(.text)
    __aeabi_memset4                          0x01000201   Thumb Code     0  memseta.o(.text)
    __aeabi_memset8                          0x01000201   Thumb Code     0  memseta.o(.text)
    __aeabi_memclr                           0x0100020f   Thumb Code     4  memseta.o(.text)
    __aeabi_memclr4                          0x0100020f   Thumb Code     0  memseta.o(.text)
    __aeabi_memclr8                          0x0100020f   Thumb Code     0  memseta.o(.text)
    _memset$wrapper                          0x01000213   Thumb Code    18  memseta.o(.text)
    memcmp                                   0x01000225   Thumb Code    26  memcmp.o(.text)
    __aeabi_fmul                             0x0100023f   Thumb Code   122  fmul.o(.text)
    __aeabi_fdiv                             0x010002b9   Thumb Code   124  fdiv.o(.text)
    __aeabi_ui2f                             0x01000335   Thumb Code    14  ffltui.o(.text)
    __aeabi_ul2f                             0x01000343   Thumb Code    28  ffltul.o(.text)
    __aeabi_f2ulz                            0x0100035f   Thumb Code    48  ffixul.o(.text)
    __aeabi_llsl                             0x0100038f   Thumb Code    32  llshl.o(.text)
    _ll_shift_l                              0x0100038f   Thumb Code     0  llshl.o(.text)
    __aeabi_llsr                             0x010003af   Thumb Code    34  llushr.o(.text)
    _ll_ushift_r                             0x010003af   Thumb Code     0  llushr.o(.text)
    __I$use$fp                               0x010003d1   Thumb Code     0  iusefp.o(.text)
    _float_round                             0x010003d1   Thumb Code    16  fepilogue.o(.text)
    _float_epilogue                          0x010003e1   Thumb Code   114  fepilogue.o(.text)
    __scatterload                            0x01000455   Thumb Code    28  init.o(.text)
    __scatterload_rt2                        0x01000455   Thumb Code     0  init.o(.text)
    __decompress                             0x01000479   Thumb Code     0  __dclz77c.o(.text)
    __decompress2                            0x01000479   Thumb Code    96  __dclz77c.o(.text)
    Long Thumb to Thumb Veneer to attmdb_get_attribute 0x010004d9   Thumb Code    12  anon$$obj.o(Veneer$$Code)
    Long Thumb to Thumb Veneer to attmdb_uuid16_comp 0x010004e5   Thumb Code    12  anon$$obj.o(Veneer$$Code)
    Long Thumb to Thumb Veneer to attmdb_svc_check_hdl 0x010004f1   Thumb Code    12  anon$$obj.o(Veneer$$Code)
    Long Thumb to Thumb Veneer to attm_svc_create_db 0x010004fd   Thumb Code    12  anon$$obj.o(Veneer$$Code)
    Long Thumb to Thumb Veneer to EXTI_PA11_Configuration 0x01000509   Thumb Code    12  anon$$obj.o(Veneer$$Code)
    Long Thumb to Thumb Veneer to calib_lsi_clk 0x01000515   Thumb Code    12  anon$$obj.o(Veneer$$Code)
    Long Thumb to Thumb Veneer to ahi_init   0x01000521   Thumb Code    12  anon$$obj.o(Veneer$$Code)
    Long Thumb to Thumb Veneer to __ARM_common_ll_muluu 0x0100052d   Thumb Code    12  anon$$obj.o(Veneer$$Code)
    EXTI4_12_IRQHandler                      0x01000539   Thumb Code   272  app_gpio.o(i.EXTI4_12_IRQHandler)
    EXTI_ClrITPendBit                        0x01000655   Thumb Code     6  n32wb03x_exti.o(i.EXTI_ClrITPendBit)
    EXTI_GetITStatus                         0x01000661   Thumb Code    24  n32wb03x_exti.o(i.EXTI_GetITStatus)
    EXTI_InitPeripheral                      0x0100067d   Thumb Code   102  n32wb03x_exti.o(i.EXTI_InitPeripheral)
    GPIO_ConfigEXTILine                      0x010006e9   Thumb Code   294  n32wb03x_gpio.o(i.GPIO_ConfigEXTILine)
    GPIO_DeInitPin                           0x01000815   Thumb Code   100  n32wb03x_gpio.o(i.GPIO_DeInitPin)
    GPIO_InitPeripheral                      0x01000879   Thumb Code   186  n32wb03x_gpio.o(i.GPIO_InitPeripheral)
    GPIO_InitStruct                          0x01000935   Thumb Code    22  n32wb03x_gpio.o(i.GPIO_InitStruct)
    GPIO_ReadInputDataBit                    0x01000951   Thumb Code    14  n32wb03x_gpio.o(i.GPIO_ReadInputDataBit)
    GPIO_ResetBits                           0x0100095f   Thumb Code     4  n32wb03x_gpio.o(i.GPIO_ResetBits)
    GPIO_SetBits                             0x01000963   Thumb Code     4  n32wb03x_gpio.o(i.GPIO_SetBits)
    GPIO_TogglePin                           0x01000967   Thumb Code     8  n32wb03x_gpio.o(i.GPIO_TogglePin)
    LedBlink                                 0x0100096f   Thumb Code     8  app_gpio.o(i.LedBlink)
    LedInit                                  0x01000979   Thumb Code    64  app_gpio.o(i.LedInit)
    LedOff                                   0x010009c5   Thumb Code     8  app_gpio.o(i.LedOff)
    LedOn                                    0x010009cd   Thumb Code     8  app_gpio.o(i.LedOn)
    NVIC_Init                                0x01000b1d   Thumb Code   102  misc.o(i.NVIC_Init)
    Qflash_Erase_Sector                      0x01000bed   Thumb Code    30  n32wb03x_qflash.o(i.Qflash_Erase_Sector)
    Qflash_Init                              0x01000c11   Thumb Code    34  n32wb03x_qflash.o(i.Qflash_Init)
    Qflash_Write                             0x01000c41   Thumb Code    30  n32wb03x_qflash.o(i.Qflash_Write)
    RCC_EnableAHBPeriphClk                   0x01000c65   Thumb Code    18  n32wb03x_rcc.o(i.RCC_EnableAHBPeriphClk)
    RCC_EnableAPB1PeriphClk                  0x01000c7d   Thumb Code    18  n32wb03x_rcc.o(i.RCC_EnableAPB1PeriphClk)
    RCC_EnableAPB2PeriphClk                  0x01000c95   Thumb Code    18  n32wb03x_rcc.o(i.RCC_EnableAPB2PeriphClk)
    RCC_GetClocksFreqValue                   0x01000cad   Thumb Code    90  n32wb03x_rcc.o(i.RCC_GetClocksFreqValue)
    ResInit                                  0x01000dcd   Thumb Code    64  main.o(i.ResInit)
    SystemGetMacAddr                         0x01000e19   Thumb Code    42  system_n32wb03x.o(i.SystemGetMacAddr)
    SystemInit                               0x01000e49   Thumb Code   172  system_n32wb03x.o(i.SystemInit)
    SystemTrimValueRead                      0x01000f1d   Thumb Code    50  system_n32wb03x.o(i.SystemTrimValueRead)
    USART_Enable                             0x01000f55   Thumb Code    22  n32wb03x_usart.o(i.USART_Enable)
    USART_GetFlagStatus                      0x01000f71   Thumb Code    14  n32wb03x_usart.o(i.USART_GetFlagStatus)
    USART_Init                               0x01000f81   Thumb Code   120  n32wb03x_usart.o(i.USART_Init)
    USART_SendData                           0x01001009   Thumb Code     8  n32wb03x_usart.o(i.USART_SendData)
    __0printf$8                              0x01001011   Thumb Code    24  printf8.o(i.__0printf$8)
    __1printf$8                              0x01001011   Thumb Code     0  printf8.o(i.__0printf$8)
    __2printf                                0x01001011   Thumb Code     0  printf8.o(i.__0printf$8)
    __ARM_common_ll_mulss                    0x01001031   Thumb Code    48  rwip_driver.o(i.__ARM_common_ll_mulss)
    __ARM_common_switch8                     0x01001061   Thumb Code    26  n32wb03x_gpio.o(i.__ARM_common_switch8)
    app_batt_add_bas                         0x010014f1   Thumb Code    48  app_batt.o(i.app_batt_add_bas)
    app_batt_enable_prf                      0x01001525   Thumb Code    44  app_batt.o(i.app_batt_enable_prf)
    app_batt_init                            0x01001555   Thumb Code    44  app_batt.o(i.app_batt_init)
    app_ble_adv_init                         0x01001591   Thumb Code   102  app_ble.o(i.app_ble_adv_init)
    app_ble_adv_msg_handler                  0x01001611   Thumb Code     2  app_ble.o(i.app_ble_adv_msg_handler)
    app_ble_connected                        0x01001615   Thumb Code    12  app_ble.o(i.app_ble_connected)
    app_ble_disconnected                     0x01001625   Thumb Code    16  app_ble.o(i.app_ble_disconnected)
    app_ble_gap_params_init                  0x01001639   Thumb Code    98  app_ble.o(i.app_ble_gap_params_init)
    app_ble_init                             0x010016b5   Thumb Code    46  app_ble.o(i.app_ble_init)
    app_ble_msg_handler                      0x010016ed   Thumb Code    50  app_ble.o(i.app_ble_msg_handler)
    app_ble_prf_init                         0x01001739   Thumb Code    22  app_ble.o(i.app_ble_prf_init)
    app_ble_sec_init                         0x0100175d   Thumb Code    74  app_ble.o(i.app_ble_sec_init)
    app_ble_sec_msg_handler                  0x010017b9   Thumb Code    36  app_ble.o(i.app_ble_sec_msg_handler)
    app_dis_add_dis                          0x01001939   Thumb Code    48  app_dis.o(i.app_dis_add_dis)
    app_dis_init                             0x0100196d   Thumb Code    34  app_dis.o(i.app_dis_init)
    app_entry_point_handler                  0x01001999   Thumb Code   120  ns_ble_task.o(i.app_entry_point_handler)
    app_hid_add_hids                         0x01001a65   Thumb Code    88  app_hid.o(i.app_hid_add_hids)
    app_hid_enable_prf                       0x01001ac1   Thumb Code    70  app_hid.o(i.app_hid_enable_prf)
    app_hid_init                             0x01001b11   Thumb Code    52  app_hid.o(i.app_hid_init)
    app_hid_mouse_timeout_timer_handler      0x01001b51   Thumb Code    74  app_hid.o(i.app_hid_mouse_timeout_timer_handler)
    app_hid_send_keyboard_report             0x01001bad   Thumb Code   176  app_hid.o(i.app_hid_send_keyboard_report)
    app_hid_send_mouse_report                0x01001cbd   Thumb Code   222  app_hid.o(i.app_hid_send_mouse_report)
    app_hid_send_touchscreen                 0x01001da9   Thumb Code   194  app_hid_touchscreen.o(i.app_hid_send_touchscreen)
    app_key_configuration                    0x01001f0d   Thumb Code   216  app_gpio.o(i.app_key_configuration)
    app_key_press_timeout_handler            0x01001fe9   Thumb Code   312  app_gpio.o(i.app_key_press_timeout_handler)
    app_sleep_prepare_proc                   0x010023f1   Thumb Code     2  main.o(i.app_sleep_prepare_proc)
    app_sleep_resume_proc                    0x010023f3   Thumb Code    20  main.o(i.app_sleep_resume_proc)
    app_touchscreen_swipe                    0x010024a1   Thumb Code   166  app_hid_touchscreen.o(i.app_touchscreen_swipe)
    app_touchscreen_tap                      0x01002575   Thumb Code    54  app_hid_touchscreen.o(i.app_touchscreen_tap)
    app_user_msg_handler                     0x010025cd   Thumb Code    24  app_ble.o(i.app_user_msg_handler)
    attm_att_set_permission                  0x010025e9   Thumb Code   172  lib_att.o(i.attm_att_set_permission)
    attm_att_set_value                       0x0100269d   Thumb Code   176  lib_att.o(i.attm_att_set_value)
    attm_reserve_handle_range                0x01002755   Thumb Code    34  lib_att.o(i.attm_reserve_handle_range)
    bass_exe_operation                       0x01002899   Thumb Code   236  bass.o(i.bass_exe_operation)
    bass_get_att_handle                      0x01002989   Thumb Code   118  bass.o(i.bass_get_att_handle)
    bass_get_att_idx                         0x010029ff   Thumb Code   106  bass.o(i.bass_get_att_idx)
    bass_prf_itf_get                         0x01002c05   Thumb Code     4  bass.o(i.bass_prf_itf_get)
    bass_task_init                           0x01002c0d   Thumb Code    28  bass_task.o(i.bass_task_init)
    build_keyboard_report                    0x01002c31   Thumb Code    44  app_hid_keyboard.o(i.build_keyboard_report)
    detect_select                            0x01002c5d   Thumb Code    12  main.o(i.detect_select)
    diss_check_val_len                       0x01002c6d   Thumb Code    42  diss.o(i.diss_check_val_len)
    diss_compute_cfg_flag                    0x01002c99   Thumb Code    38  diss.o(i.diss_compute_cfg_flag)
    diss_handle_to_value                     0x01002ce5   Thumb Code    48  diss.o(i.diss_handle_to_value)
    diss_prf_itf_get                         0x01002d9d   Thumb Code     4  diss.o(i.diss_prf_itf_get)
    diss_task_init                           0x01002e41   Thumb Code    28  diss_task.o(i.diss_task_init)
    diss_value_to_handle                     0x01002f95   Thumb Code    52  diss.o(i.diss_value_to_handle)
    entry_idle                               0x01002fc9   Thumb Code    30  ns_sleep.o(i.entry_idle)
    entry_sleep                              0x01002ff1   Thumb Code   150  ns_sleep.o(i.entry_sleep)
    fputc                                    0x010030a1   Thumb Code    46  ns_log_usart.o(i.fputc)
    hogpd_get_att_handle                     0x010045c5   Thumb Code   230  hogpd.o(i.hogpd_get_att_handle)
    hogpd_get_att_idx                        0x010046ab   Thumb Code   272  hogpd.o(i.hogpd_get_att_idx)
    hogpd_ntf_cfg_ind_send                   0x01004c0d   Thumb Code   166  hogpd.o(i.hogpd_ntf_cfg_ind_send)
    hogpd_ntf_send                           0x01004cb9   Thumb Code   256  hogpd.o(i.hogpd_ntf_send)
    hogpd_prf_itf_get                        0x01004db9   Thumb Code     4  hogpd.o(i.hogpd_prf_itf_get)
    hogpd_task_init                          0x01005155   Thumb Code    28  hogpd_task.o(i.hogpd_task_init)
    is_app_hid_ready                         0x01005175   Thumb Code    16  app_hid.o(i.is_app_hid_ready)
    llhwc_modem_setmode                      0x01005189   Thumb Code    44  rwip_driver.o(i.llhwc_modem_setmode)
    llhwc_phy_prerx_flash                    0x010051b9   Thumb Code   158  rwip_driver.o(i.llhwc_phy_prerx_flash)
    main                                     0x01005341   Thumb Code    72  main.o(i.main)
    ns_EXTI4_12_IRQHandler                   0x010053b5   Thumb Code    74  ns_ble.o(i.ns_EXTI4_12_IRQHandler)
    ns_HardFault_Handler                     0x01005425   Thumb Code    84  ns_ble.o(i.ns_HardFault_Handler)
    ns_ble_add_prf_func_register             0x01005551   Thumb Code    28  ns_ble.o(i.ns_ble_add_prf_func_register)
    ns_ble_add_svc                           0x01005571   Thumb Code    36  ns_ble.o(i.ns_ble_add_svc)
    ns_ble_adv_fsm_next                      0x01005599   Thumb Code    94  ns_ble.o(i.ns_ble_adv_fsm_next)
    ns_ble_adv_init                          0x01005601   Thumb Code    68  ns_ble.o(i.ns_ble_adv_init)
    ns_ble_adv_start                         0x01005649   Thumb Code    72  ns_ble.o(i.ns_ble_adv_start)
    ns_ble_adv_stop                          0x01005699   Thumb Code    34  ns_ble.o(i.ns_ble_adv_stop)
    ns_ble_create_init                       0x010056c1   Thumb Code    42  ns_ble.o(i.ns_ble_create_init)
    ns_ble_create_scan                       0x010056f1   Thumb Code    42  ns_ble.o(i.ns_ble_create_scan)
    ns_ble_delete_init                       0x01005721   Thumb Code    48  ns_ble.o(i.ns_ble_delete_init)
    ns_ble_delete_scan                       0x01005759   Thumb Code    44  ns_ble.o(i.ns_ble_delete_scan)
    ns_ble_disconnect                        0x0100578d   Thumb Code    34  ns_ble.o(i.ns_ble_disconnect)
    ns_ble_gap_init                          0x010057b9   Thumb Code    70  ns_ble.o(i.ns_ble_gap_init)
    ns_ble_get_connection_num                0x0100581d   Thumb Code    32  ns_ble.o(i.ns_ble_get_connection_num)
    ns_ble_list_set_ral                      0x01005841   Thumb Code    74  ns_ble.o(i.ns_ble_list_set_ral)
    ns_ble_lsc_config                        0x01005891   Thumb Code   108  ns_ble.o(i.ns_ble_lsc_config)
    ns_ble_prf_task_register                 0x01005911   Thumb Code    32  ns_ble.o(i.ns_ble_prf_task_register)
    ns_ble_scan_data_find                    0x01005935   Thumb Code    70  ns_ble.o(i.ns_ble_scan_data_find)
    ns_ble_stack_init                        0x0100597d   Thumb Code   158  ns_ble.o(i.ns_ble_stack_init)
    ns_ble_start_init                        0x01005af5   Thumb Code   220  ns_ble.o(i.ns_ble_start_init)
    ns_ble_start_scan                        0x01005be1   Thumb Code   154  ns_ble.o(i.ns_ble_start_scan)
    ns_ble_stop_init                         0x01005c89   Thumb Code    44  ns_ble.o(i.ns_ble_stop_init)
    ns_ble_stop_scan                         0x01005cbd   Thumb Code    50  ns_ble.o(i.ns_ble_stop_scan)
    ns_ble_update_param                      0x01005cf9   Thumb Code   118  ns_ble.o(i.ns_ble_update_param)
    ns_bond_last_bonded_peer_id              0x01005e69   Thumb Code    50  ns_sec.o(i.ns_bond_last_bonded_peer_id)
    ns_bond_last_bonded_ral_info             0x01005e9d   Thumb Code    92  ns_sec.o(i.ns_bond_last_bonded_ral_info)
    ns_bond_resolv_addr_start                0x01005f01   Thumb Code    94  ns_sec.o(i.ns_bond_resolv_addr_start)
    ns_bond_search_addr_irk                  0x01005f65   Thumb Code    98  ns_sec.o(i.ns_bond_search_addr_irk)
    ns_iwdg_config                           0x01005fcd   Thumb Code    52  ns_ble.o(i.ns_iwdg_config)
    ns_log_usart_deinit                      0x01006019   Thumb Code    20  ns_log_usart.o(i.ns_log_usart_deinit)
    ns_log_usart_init                        0x01006035   Thumb Code    90  ns_log_usart.o(i.ns_log_usart_init)
    ns_peripheral_config                     0x01006099   Thumb Code   128  ns_ble.o(i.ns_peripheral_config)
    ns_sec_bond_store_evt_handler            0x01006151   Thumb Code   180  ns_sec.o(i.ns_sec_bond_store_evt_handler)
    ns_sec_get_bond_status                   0x01006231   Thumb Code    12  ns_sec.o(i.ns_sec_get_bond_status)
    ns_sec_get_iocap                         0x01006241   Thumb Code     6  ns_sec.o(i.ns_sec_get_iocap)
    ns_sec_init                              0x0100624d   Thumb Code    74  ns_sec.o(i.ns_sec_init)
    ns_sec_pincode_respond                   0x0100629d   Thumb Code    58  ns_sec.o(i.ns_sec_pincode_respond)
    ns_sleep                                 0x010062dd   Thumb Code   132  ns_sleep.o(i.ns_sleep)
    ns_sleep_lock_acquire                    0x01006369   Thumb Code    20  ns_sleep.o(i.ns_sleep_lock_acquire)
    ns_sleep_lock_release                    0x01006381   Thumb Code    20  ns_sleep.o(i.ns_sleep_lock_release)
    ns_timer_api_process_handler             0x01006399   Thumb Code   176  ns_timer.o(i.ns_timer_api_process_handler)
    ns_timer_create                          0x0100645d   Thumb Code    50  ns_timer.o(i.ns_timer_create)
    prf_add_profile                          0x010064d9   Thumb Code   126  prf.o(i.prf_add_profile)
    prf_dst_task_get                         0x0100655d   Thumb Code    16  prf.o(i.prf_dst_task_get)
    prf_env_get                              0x0100656d   Thumb Code    42  prf.o(i.prf_env_get)
    prf_get_id_from_task                     0x0100659d   Thumb Code    48  prf.o(i.prf_get_id_from_task)
    prf_get_itf_func_register                0x010065d1   Thumb Code    32  prf.o(i.prf_get_itf_func_register)
    prf_get_task_from_id                     0x010065f5   Thumb Code    48  prf.o(i.prf_get_task_from_id)
    prf_init                                 0x01006629   Thumb Code   124  prf.o(i.prf_init)
    prf_pack_char_pres_fmt                   0x010066d5   Thumb Code    30  prf_utils.o(i.prf_pack_char_pres_fmt)
    prf_src_task_get                         0x010066f3   Thumb Code    16  prf.o(i.prf_src_task_get)
    radio_freq_cal_from_trim                 0x01006705   Thumb Code    30  rwip_driver.o(i.radio_freq_cal_from_trim)
    rwip_init                                0x01006735   Thumb Code   200  rwip.o(i.rwip_init)
    rwip_sleep                               0x01006849   Thumb Code   262  rwip_driver.o(i.rwip_sleep)
    rwip_slp_isr                             0x0100697d   Thumb Code    56  rwip_driver.o(i.rwip_slp_isr)
    TRIM_READ_CMD_CODE                       0x01006a7c   Data         320  system_n32wb03x.o(.constdata)
    const_qflash_cmd                         0x01006bc8   Data         804  n32wb03x_qflash.o(.constdata)
    TRIM_WRITE_CMD_CODE                      0x01006eec   Data         512  n32wb03x_qflash.o(.constdata)
    TRIM_ERASE_CMD_CODE                      0x010070ec   Data         384  n32wb03x_qflash.o(.constdata)
    OTP_LOCK                                 0x0100726c   Data         320  n32wb03x_qflash.o(.constdata)
    diss_att_db                              0x010073cc   Data         152  diss.o(.constdata)
    diss_itf                                 0x01007464   Data          16  diss.o(.constdata)
    bas_att_db                               0x010074bc   Data          40  bass.o(.constdata)
    bass_itf                                 0x010074e4   Data          16  bass.o(.constdata)
    hids_att_db                              0x01007534   Data         184  hogpd.o(.constdata)
    hogpd_itf                                0x010075ec   Data          16  hogpd.o(.constdata)
    app_sec_msg_handler_list                 0x010075fc   Data          40  ns_sec.o(.constdata)
    app_sec_handlers                         0x01007624   Data           8  ns_sec.o(.constdata)
    TASK_DESC_APP_M                          0x01007b04   Data          12  ns_ble_task.o(.constdata)
    app_dis_msg_handler_list                 0x01007b10   Data           8  app_dis.o(.constdata)
    app_dis_handlers                         0x01007b18   Data           8  app_dis.o(.constdata)
    app_batt_msg_handler_list                0x01007b20   Data          24  app_batt.o(.constdata)
    app_batt_handlers                        0x01007b38   Data           8  app_batt.o(.constdata)
    app_hid_handlers                         0x01007b40   Data           8  app_hid.o(.constdata)
    app_hid_msg_handler_list                 0x01007ca0   Data          56  app_hid.o(.constdata)
    Region$$Table$$Base                      0x01007cd8   Number         0  anon$$obj.o(Region$$Table)
    Region$$Table$$Limit                     0x01007cf8   Number         0  anon$$obj.o(Region$$Table)
    rwip_rst_state                           0x20000000   Data           0  symbol_g15.obj ABSOLUTE
    ecc_env                                  0x20000004   Data           0  symbol_g15.obj ABSOLUTE
    aa_gen                                   0x20000010   Data           0  symbol_g15.obj ABSOLUTE
    lld_exp_sync_pos_tab                     0x20000018   Data           0  symbol_g15.obj ABSOLUTE
    sch_slice_params                         0x2000004c   Data           0  symbol_g15.obj ABSOLUTE
    hci_ext_host                             0x20000054   Data           0  symbol_g15.obj ABSOLUTE
    g_modem_flag                             0x20000060   Data           0  symbol_g15.obj ABSOLUTE
    g_clock_src                              0x20000061   Data           0  symbol_g15.obj ABSOLUTE
    g_hci_transport_onff                     0x20000062   Data           0  symbol_g15.obj ABSOLUTE
    g_delay_div_param                        0x20000063   Data           0  symbol_g15.obj ABSOLUTE
    g_delay_us_div_param                     0x20000064   Data           0  symbol_g15.obj ABSOLUTE
    g_loop_test                              0x20000065   Data           0  symbol_g15.obj ABSOLUTE
    g_ota_test                               0x20000066   Data           0  symbol_g15.obj ABSOLUTE
    g_ota_test_mtu_247_dle                   0x20000067   Data           0  symbol_g15.obj ABSOLUTE
    g_cal_hsi_cnt_value                      0x20000068   Data           0  symbol_g15.obj ABSOLUTE
    g_system_hsi_clk                         0x2000006c   Data           0  symbol_g15.obj ABSOLUTE
    g_user_set_stack_start                   0x20000070   Data           0  symbol_g15.obj ABSOLUTE
    g_rwip_patch_addr                        0x20000074   Data           0  symbol_g15.obj ABSOLUTE
    g_phy_2mbps_support                      0x20000078   Data           0  symbol_g15.obj ABSOLUTE
    g_auto_start_data_length_req             0x20000079   Data           0  symbol_g15.obj ABSOLUTE
    g_sleep_sleep_enable                     0x2000007a   Data           0  symbol_g15.obj ABSOLUTE
    g_status_io_stat                         0x2000007b   Data           0  symbol_g15.obj ABSOLUTE
    g_timeoutcnt                             0x2000007c   Data           0  symbol_g15.obj ABSOLUTE
    g_sleep_status_flag                      0x20000080   Data           0  symbol_g15.obj ABSOLUTE
    g_lsi_count_n_syscle                     0x20000084   Data           0  symbol_g15.obj ABSOLUTE
    g_lsi_accuracy                           0x20000088   Data           0  symbol_g15.obj ABSOLUTE
    g_lsi_1_syscle_cal_value                 0x2000008c   Data           0  symbol_g15.obj ABSOLUTE
    g_lsi_1_syscle_cnt_value                 0x20000090   Data           0  symbol_g15.obj ABSOLUTE
    g_recalib_hsi_flag                       0x20000094   Data           0  symbol_g15.obj ABSOLUTE
    g_hsi_accuracy                           0x20000098   Data           0  symbol_g15.obj ABSOLUTE
    g_hci_transport_type                     0x2000009c   Data           0  symbol_g15.obj ABSOLUTE
    g_hci_transport_process                  0x2000009d   Data           0  symbol_g15.obj ABSOLUTE
    acl_flow_ctrl_num                        0x2000009e   Data           0  symbol_g15.obj ABSOLUTE
    acl_flow_ctrl                            0x2000009f   Data           0  symbol_g15.obj ABSOLUTE
    g_acl_tx_sch_interval                    0x200000a0   Data           0  symbol_g15.obj ABSOLUTE
    dma_recv_data_time_window_size           0x200000a4   Data           0  symbol_g15.obj ABSOLUTE
    g_length_2_data_intv                     0x200000a8   Data           0  symbol_g15.obj ABSOLUTE
    g_soft_flow_tx_dummy                     0x200000ac   Data           0  symbol_g15.obj ABSOLUTE
    g_soft_flow_rx_len                       0x200000b0   Data           0  symbol_g15.obj ABSOLUTE
    g_hci_ch_type                            0x200000b2   Data           0  symbol_g15.obj ABSOLUTE
    g_uart_bps                               0x200000b4   Data           0  symbol_g15.obj ABSOLUTE
    g_uart_irq_wakeup_time                   0x200000b8   Data           0  symbol_g15.obj ABSOLUTE
    g_spi_data_ready_2_irq_rise              0x200000bc   Data           0  symbol_g15.obj ABSOLUTE
    g_lpclk_drift                            0x200000c0   Data           0  symbol_g15.obj ABSOLUTE
    g_rc32k_trim                             0x200000c4   Data           0  symbol_g15.obj ABSOLUTE
    g_sch_prog_fifo_iar_branch               0x200000c6   Data           0  symbol_g15.obj ABSOLUTE
    g_sch_arb_insert_branch                  0x200000c7   Data           0  symbol_g15.obj ABSOLUTE
    g_le_coded_phy_500                       0x200000c8   Data           0  symbol_g15.obj ABSOLUTE
    g_app_init_branch                        0x200000c9   Data           0  symbol_g15.obj ABSOLUTE
    g_adv_intv                               0x200000ca   Data           0  symbol_g15.obj ABSOLUTE
    g_twrm                                   0x200000d2   Data           0  symbol_g15.obj ABSOLUTE
    g_twosc                                  0x200000d4   Data           0  symbol_g15.obj ABSOLUTE
    g_twext                                  0x200000d6   Data           0  symbol_g15.obj ABSOLUTE
    rwip_prog_delay                          0x200000d8   Data           0  symbol_g15.obj ABSOLUTE
    g_ramcode_work_flag                      0x200000d9   Data           0  symbol_g15.obj ABSOLUTE
    prf_add_profile_ptr                      0x200000dc   Data           0  symbol_g15.obj ABSOLUTE
    prf_get_task_from_id_ptr                 0x200000e0   Data           0  symbol_g15.obj ABSOLUTE
    prf_get_id_from_task_ptr                 0x200000e4   Data           0  symbol_g15.obj ABSOLUTE
    g_co_default_bdaddr                      0x200000fc   Data           0  symbol_g15.obj ABSOLUTE
    BLE_NORMAL_WIN_SIZE                      0x20000102   Data           0  symbol_g15.obj ABSOLUTE
    BLE_RX_DESC_NB                           0x20000103   Data           0  symbol_g15.obj ABSOLUTE
    RWIP_MINIMUM_SLEEP_TIME                  0x20000104   Data           0  symbol_g15.obj ABSOLUTE
    SCH_SCAN_EVT_DUR_DFT                     0x20000106   Data           0  symbol_g15.obj ABSOLUTE
    llm_local_le_feats                       0x20000108   Data           0  symbol_g15.obj ABSOLUTE
    g_attr_table                             0x20000110   Data           0  symbol_g15.obj ABSOLUTE
    ATTR_TABLE_LENGTH                        0x20000114   Data           0  symbol_g15.obj ABSOLUTE
    g_rwip_heap_env                          0x20000118   Data           0  symbol_g15.obj ABSOLUTE
    g_rwip_heap_env_size                     0x2000011c   Data           0  symbol_g15.obj ABSOLUTE
    g_rwip_heap_db                           0x20000120   Data           0  symbol_g15.obj ABSOLUTE
    g_rwip_heap_db_size                      0x20000124   Data           0  symbol_g15.obj ABSOLUTE
    g_rwip_heap_non_ret                      0x20000128   Data           0  symbol_g15.obj ABSOLUTE
    g_rwip_heap_non_ret_size                 0x2000012c   Data           0  symbol_g15.obj ABSOLUTE
    g_rwip_heap_msg                          0x20000130   Data           0  symbol_g15.obj ABSOLUTE
    g_rwip_heap_msg_size                     0x20000134   Data           0  symbol_g15.obj ABSOLUTE
    utils_recv_buf_ptr                       0x20000138   Data           0  symbol_g15.obj ABSOLUTE
    utils_max_buf_len                        0x2000013c   Data           0  symbol_g15.obj ABSOLUTE
    g_soft_flow_tx_buf                       0x20000140   Data           0  symbol_g15.obj ABSOLUTE
    g_soft_flow_tx_len                       0x20000144   Data           0  symbol_g15.obj ABSOLUTE
    g_app_tx_buf_ptr                         0x20000148   Data           0  symbol_g15.obj ABSOLUTE
    g_app_tx_buf_len                         0x2000014c   Data           0  symbol_g15.obj ABSOLUTE
    g_app_bone_table_ptr                     0x20000150   Data           0  symbol_g15.obj ABSOLUTE
    g_app_bone_table_size                    0x20000154   Data           0  symbol_g15.obj ABSOLUTE
    g_soft_flow_tx_callback                  0x2000015c   Data           0  symbol_g15.obj ABSOLUTE
    utils_recv_len                           0x20000160   Data           0  symbol_g15.obj ABSOLUTE
    g_recv_len                               0x20000162   Data           0  symbol_g15.obj ABSOLUTE
    s_dma_spis_set_rx_len                    0x2000018c   Data           0  symbol_g15.obj ABSOLUTE
    s_dma_spis_set_tx_len                    0x2000018e   Data           0  symbol_g15.obj ABSOLUTE
    s_dma_lpuart_set_len                     0x20000190   Data           0  symbol_g15.obj ABSOLUTE
    TASK_DESC_APP_SEC                        0x20000194   Data           0  symbol_g15.obj ABSOLUTE
    g_version                                0x200001a1   Data           0  symbol_g15.obj ABSOLUTE
    ota_test_mode                            0x200001a8   Data           0  symbol_g15.obj ABSOLUTE
    ota_send_num_idx                         0x200001ac   Data           0  symbol_g15.obj ABSOLUTE
    gattc_state                              0x200001b0   Data           0  symbol_g15.obj ABSOLUTE
    gattm_state                              0x200001b4   Data           0  symbol_g15.obj ABSOLUTE
    gapc_state                               0x200001b5   Data           0  symbol_g15.obj ABSOLUTE
    gapm_state                               0x200001b9   Data           0  symbol_g15.obj ABSOLUTE
    l2cc_state                               0x200001ba   Data           0  symbol_g15.obj ABSOLUTE
    ahi_state                                0x200001be   Data           0  symbol_g15.obj ABSOLUTE
    __stdout                                 0x200001c4   Data           0  symbol_g15.obj ABSOLUTE
    ke_env                                   0x200001c8   Data           0  symbol_g15.obj ABSOLUTE
    rwip_rf                                  0x20000274   Data           0  symbol_g15.obj ABSOLUTE
    rwip_env                                 0x200002a8   Data           0  symbol_g15.obj ABSOLUTE
    aes_env                                  0x200002c8   Data           0  symbol_g15.obj ABSOLUTE
    llc_env                                  0x200002fc   Data           0  symbol_g15.obj ABSOLUTE
    lld_env                                  0x2000030c   Data           0  symbol_g15.obj ABSOLUTE
    lld_sync_env                             0x20000430   Data           0  symbol_g15.obj ABSOLUTE
    llm_env                                  0x20000440   Data           0  symbol_g15.obj ABSOLUTE
    hci_env                                  0x20000978   Data           0  symbol_g15.obj ABSOLUTE
    hci_tl_acl_env                           0x200009b4   Data           0  symbol_g15.obj ABSOLUTE
    utils_env                                0x20000a3c   Data           0  symbol_g15.obj ABSOLUTE
    user_prf_env                             0x20000b30   Data           0  symbol_g15.obj ABSOLUTE
    gattc_env                                0x20000b58   Data           0  symbol_g15.obj ABSOLUTE
    gattm_env                                0x20000b68   Data           0  symbol_g15.obj ABSOLUTE
    gapc_env                                 0x20000ba0   Data           0  symbol_g15.obj ABSOLUTE
    gapm_env                                 0x20000bb0   Data           0  symbol_g15.obj ABSOLUTE
    l2cc_env                                 0x20000c00   Data           0  symbol_g15.obj ABSOLUTE
    l2cm_env                                 0x20000c10   Data           0  symbol_g15.obj ABSOLUTE
    ahi_env                                  0x20000ce4   Data           0  symbol_g15.obj ABSOLUTE
    CMD_FLASH_SE                             0x20004000   Data           4  n32wb03x_qflash.o(.data)
    CMD_FLASH_WRITE                          0x20004004   Data           4  n32wb03x_qflash.o(.data)
    CMD_FLASH_READ                           0x20004008   Data           4  n32wb03x_qflash.o(.data)
    g_rf_tx_power                            0x2000400c   Data           1  rwip_driver.o(.data)
    ns_sleep_lock                            0x20004020   Data           4  ns_sleep.o(.data)
    user_HardFault_Handler                   0x20004100   Data           4  ns_ble.o(.data)
    user_EXTI4_12_IRQHandler                 0x20004104   Data           4  ns_ble.o(.data)
    app_state                                0x20005b76   Data           1  ns_ble_task.o(.data)
    app_batt_env                             0x20005b77   Data           2  app_batt.o(.data)
    app_hid_env                              0x20005b7a   Data           8  app_hid.o(.data)
    key1_irq_actived                         0x20005b82   Data           1  app_gpio.o(.data)
    key2_irq_actived                         0x20005b83   Data           1  app_gpio.o(.data)
    key3_irq_actived                         0x20005b84   Data           1  app_gpio.o(.data)
    key_enable                               0x20005b85   Data           1  app_gpio.o(.data)
    trim_stored                              0x20005b8c   Data          52  system_n32wb03x.o(.bss)
    prf_env                                  0x20005ee8   Data         200  prf.o(.bss)
    get_itf                                  0x20005fb0   Data          84  prf.o(.bss)
    app_sec_bond_data                        0x20006004   Data          58  ns_sec.o(.bss)
    app_sec_env                              0x20006040   Data          32  ns_sec.o(.bss)
    add_prf_evn                              0x20006060   Data          44  ns_ble.o(.bss)
    ble_prf_evn                              0x2000608c   Data          84  ns_ble.o(.bss)
    app_env                                  0x200060e0   Data         128  ns_ble.o(.bss)
    gap_env                                  0x20006160   Data          42  ns_ble.o(.bss)
    adv_env                                  0x2000618c   Data         324  ns_ble.o(.bss)
    scan_env                                 0x200062d0   Data          32  ns_ble.o(.bss)
    __initial_sp                             0x20006b40   Data           0  startup_n32wb03x.o(STACK)



==============================================================================

Memory Map of the image

  Image Entry point : 0x010000c1

  Load Region LR_IROM1 (Base: 0x01000000, Size: 0x00009884, Max: 0x00040000, ABSOLUTE, COMPRESSED[0x000093a8])

    Execution Region ER_IROM1 (Exec base: 0x01000000, Load base: 0x01000000, Size: 0x00007cf8, Max: 0x00040000, ABSOLUTE)

    Exec Addr    Load Addr    Size         Type   Attr      Idx    E Section Name        Object

    0x01000000   0x01000000   0x000000c0   Data   RO            3    RESET               startup_n32wb03x.o
    0x010000c0   0x010000c0   0x00000000   Code   RO         4887  * .ARM.Collect$$$$00000000  mc_p.l(entry.o)
    0x010000c0   0x010000c0   0x00000004   Code   RO         5192    .ARM.Collect$$$$00000001  mc_p.l(entry2.o)
    0x010000c4   0x010000c4   0x00000004   Code   RO         5195    .ARM.Collect$$$$00000004  mc_p.l(entry5.o)
    0x010000c8   0x010000c8   0x00000000   Code   RO         5197    .ARM.Collect$$$$00000008  mc_p.l(entry7b.o)
    0x010000c8   0x010000c8   0x00000000   Code   RO         5199    .ARM.Collect$$$$0000000A  mc_p.l(entry8b.o)
    0x010000c8   0x010000c8   0x00000008   Code   RO         5200    .ARM.Collect$$$$0000000B  mc_p.l(entry9a.o)
    0x010000d0   0x010000d0   0x00000004   Code   RO         5207    .ARM.Collect$$$$0000000E  mc_p.l(entry12b.o)
    0x010000d4   0x010000d4   0x00000000   Code   RO         5202    .ARM.Collect$$$$0000000F  mc_p.l(entry10a.o)
    0x010000d4   0x010000d4   0x00000000   Code   RO         5204    .ARM.Collect$$$$00000011  mc_p.l(entry11a.o)
    0x010000d4   0x010000d4   0x00000004   Code   RO         5193    .ARM.Collect$$$$00002712  mc_p.l(entry2.o)
    0x010000d8   0x010000d8   0x0000000e   Code   RO           10    .emb_text           system_n32wb03x.o
    0x010000e6   0x010000e6   0x00000002   PAD
    0x010000e8   0x010000e8   0x0000001c   Code   RO            4    .text               startup_n32wb03x.o
    0x01000104   0x01000104   0x0000002c   Code   RO         4890    .text               mc_p.l(uidiv.o)
    0x01000130   0x01000130   0x00000028   Code   RO         4892    .text               mc_p.l(idiv.o)
    0x01000158   0x01000158   0x00000060   Code   RO         4894    .text               mc_p.l(uldiv.o)
    0x010001b8   0x010001b8   0x00000024   Code   RO         4896    .text               mc_p.l(rand.o)
    0x010001dc   0x010001dc   0x00000024   Code   RO         4899    .text               mc_p.l(memcpya.o)
    0x01000200   0x01000200   0x00000024   Code   RO         4901    .text               mc_p.l(memseta.o)
    0x01000224   0x01000224   0x0000001a   Code   RO         4903    .text               mc_p.l(memcmp.o)
    0x0100023e   0x0100023e   0x0000007a   Code   RO         5170    .text               mf_p.l(fmul.o)
    0x010002b8   0x010002b8   0x0000007c   Code   RO         5172    .text               mf_p.l(fdiv.o)
    0x01000334   0x01000334   0x0000000e   Code   RO         5180    .text               mf_p.l(ffltui.o)
    0x01000342   0x01000342   0x0000001c   Code   RO         5182    .text               mf_p.l(ffltul.o)
    0x0100035e   0x0100035e   0x00000030   Code   RO         5186    .text               mf_p.l(ffixul.o)
    0x0100038e   0x0100038e   0x00000020   Code   RO         5208    .text               mc_p.l(llshl.o)
    0x010003ae   0x010003ae   0x00000022   Code   RO         5210    .text               mc_p.l(llushr.o)
    0x010003d0   0x010003d0   0x00000000   Code   RO         5214    .text               mc_p.l(iusefp.o)
    0x010003d0   0x010003d0   0x00000082   Code   RO         5215    .text               mf_p.l(fepilogue.o)
    0x01000452   0x01000452   0x00000002   PAD
    0x01000454   0x01000454   0x00000024   Code   RO         5227    .text               mc_p.l(init.o)
    0x01000478   0x01000478   0x00000060   Code   RO         5231    .text               mc_p.l(__dclz77c.o)
    0x010004d8   0x010004d8   0x0000000c   Ven    RO         5233    Veneer$$Code        anon$$obj.o
    0x010004e4   0x010004e4   0x0000000c   Ven    RO         5234    Veneer$$Code        anon$$obj.o
    0x010004f0   0x010004f0   0x0000000c   Ven    RO         5235    Veneer$$Code        anon$$obj.o
    0x010004fc   0x010004fc   0x0000000c   Ven    RO         5236    Veneer$$Code        anon$$obj.o
    0x01000508   0x01000508   0x0000000c   Ven    RO         5237    Veneer$$Code        anon$$obj.o
    0x01000514   0x01000514   0x0000000c   Ven    RO         5238    Veneer$$Code        anon$$obj.o
    0x01000520   0x01000520   0x0000000c   Ven    RO         5239    Veneer$$Code        anon$$obj.o
    0x0100052c   0x0100052c   0x0000000c   Ven    RO         5240    Veneer$$Code        anon$$obj.o
    0x01000538   0x01000538   0x0000011c   Code   RO         4788    i.EXTI4_12_IRQHandler  app_gpio.o
    0x01000654   0x01000654   0x0000000c   Code   RO          568    i.EXTI_ClrITPendBit  n32wb03x_exti.o
    0x01000660   0x01000660   0x0000001c   Code   RO          571    i.EXTI_GetITStatus  n32wb03x_exti.o
    0x0100067c   0x0100067c   0x0000006c   Code   RO          573    i.EXTI_InitPeripheral  n32wb03x_exti.o
    0x010006e8   0x010006e8   0x0000012c   Code   RO          628    i.GPIO_ConfigEXTILine  n32wb03x_gpio.o
    0x01000814   0x01000814   0x00000064   Code   RO          632    i.GPIO_DeInitPin    n32wb03x_gpio.o
    0x01000878   0x01000878   0x000000ba   Code   RO          633    i.GPIO_InitPeripheral  n32wb03x_gpio.o
    0x01000932   0x01000932   0x00000002   PAD
    0x01000934   0x01000934   0x0000001c   Code   RO          634    i.GPIO_InitStruct   n32wb03x_gpio.o
    0x01000950   0x01000950   0x0000000e   Code   RO          636    i.GPIO_ReadInputDataBit  n32wb03x_gpio.o
    0x0100095e   0x0100095e   0x00000004   Code   RO          639    i.GPIO_ResetBits    n32wb03x_gpio.o
    0x01000962   0x01000962   0x00000004   Code   RO          640    i.GPIO_SetBits      n32wb03x_gpio.o
    0x01000966   0x01000966   0x00000008   Code   RO          641    i.GPIO_TogglePin    n32wb03x_gpio.o
    0x0100096e   0x0100096e   0x00000008   Code   RO         4789    i.LedBlink          app_gpio.o
    0x01000976   0x01000976   0x00000002   PAD
    0x01000978   0x01000978   0x0000004c   Code   RO         4790    i.LedInit           app_gpio.o
    0x010009c4   0x010009c4   0x00000008   Code   RO         4791    i.LedOff            app_gpio.o
    0x010009cc   0x010009cc   0x00000008   Code   RO         4792    i.LedOn             app_gpio.o
    0x010009d4   0x010009d4   0x000000b4   Code   RO         3719    i.NS_BLE_PATCH_INIT  ns_ble.o
    0x01000a88   0x01000a88   0x00000094   Code   RO         3720    i.NS_BLE_STACK_INIT  ns_ble.o
    0x01000b1c   0x01000b1c   0x00000074   Code   RO          158    i.NVIC_Init         misc.o
    0x01000b90   0x01000b90   0x00000044   Code   RO         3721    i.NVIC_SetPriority  ns_ble.o
    0x01000bd4   0x01000bd4   0x00000018   Code   RO         3722    i.NVIC_SystemReset  ns_ble.o
    0x01000bec   0x01000bec   0x00000024   Code   RO         1804    i.Qflash_Erase_Sector  n32wb03x_qflash.o
    0x01000c10   0x01000c10   0x00000030   Code   RO         1805    i.Qflash_Init       n32wb03x_qflash.o
    0x01000c40   0x01000c40   0x00000024   Code   RO         1807    i.Qflash_Write      n32wb03x_qflash.o
    0x01000c64   0x01000c64   0x00000018   Code   RO          763    i.RCC_EnableAHBPeriphClk  n32wb03x_rcc.o
    0x01000c7c   0x01000c7c   0x00000018   Code   RO          765    i.RCC_EnableAPB1PeriphClk  n32wb03x_rcc.o
    0x01000c94   0x01000c94   0x00000018   Code   RO          767    i.RCC_EnableAPB2PeriphClk  n32wb03x_rcc.o
    0x01000cac   0x01000cac   0x00000070   Code   RO          775    i.RCC_GetClocksFreqValue  n32wb03x_rcc.o
    0x01000d1c   0x01000d1c   0x000000b0   Code   RO           11    i.RCC_HsiCalib      system_n32wb03x.o
    0x01000dcc   0x01000dcc   0x0000004c   Code   RO         4694    i.ResInit           main.o
    0x01000e18   0x01000e18   0x00000030   Code   RO           13    i.SystemGetMacAddr  system_n32wb03x.o
    0x01000e48   0x01000e48   0x000000d4   Code   RO           15    i.SystemInit        system_n32wb03x.o
    0x01000f1c   0x01000f1c   0x00000038   Code   RO           17    i.SystemTrimValueRead  system_n32wb03x.o
    0x01000f54   0x01000f54   0x0000001c   Code   RO         1526    i.USART_Enable      n32wb03x_usart.o
    0x01000f70   0x01000f70   0x0000000e   Code   RO         1533    i.USART_GetFlagStatus  n32wb03x_usart.o
    0x01000f7e   0x01000f7e   0x00000002   PAD
    0x01000f80   0x01000f80   0x00000088   Code   RO         1535    i.USART_Init        n32wb03x_usart.o
    0x01001008   0x01001008   0x00000008   Code   RO         1538    i.USART_SendData    n32wb03x_usart.o
    0x01001010   0x01001010   0x00000020   Code   RO         5114    i.__0printf$8       mc_p.l(printf8.o)
    0x01001030   0x01001030   0x00000030   Code   RO         2636    i.__ARM_common_ll_mulss  rwip_driver.o
    0x01001060   0x01001060   0x0000001a   Code   RO          740    i.__ARM_common_switch8  n32wb03x_gpio.o
    0x0100107a   0x0100107a   0x00000002   PAD
    0x0100107c   0x0100107c   0x00000428   Code   RO         5121    i._printf_core      mc_p.l(printf8.o)
    0x010014a4   0x010014a4   0x00000020   Code   RO         5122    i._printf_post_padding  mc_p.l(printf8.o)
    0x010014c4   0x010014c4   0x0000002c   Code   RO         5123    i._printf_pre_padding  mc_p.l(printf8.o)
    0x010014f0   0x010014f0   0x00000034   Code   RO         4520    i.app_batt_add_bas  app_batt.o
    0x01001524   0x01001524   0x00000030   Code   RO         4521    i.app_batt_enable_prf  app_batt.o
    0x01001554   0x01001554   0x00000038   Code   RO         4522    i.app_batt_init     app_batt.o
    0x0100158c   0x0100158c   0x00000004   Code   RO         4523    i.app_batt_msg_dflt_handler  app_batt.o
    0x01001590   0x01001590   0x00000080   Code   RO         4361    i.app_ble_adv_init  app_ble.o
    0x01001610   0x01001610   0x00000002   Code   RO         4362    i.app_ble_adv_msg_handler  app_ble.o
    0x01001612   0x01001612   0x00000002   PAD
    0x01001614   0x01001614   0x00000010   Code   RO         4363    i.app_ble_connected  app_ble.o
    0x01001624   0x01001624   0x00000014   Code   RO         4364    i.app_ble_disconnected  app_ble.o
    0x01001638   0x01001638   0x0000007c   Code   RO         4365    i.app_ble_gap_params_init  app_ble.o
    0x010016b4   0x010016b4   0x00000038   Code   RO         4366    i.app_ble_init      app_ble.o
    0x010016ec   0x010016ec   0x0000004c   Code   RO         4367    i.app_ble_msg_handler  app_ble.o
    0x01001738   0x01001738   0x00000024   Code   RO         4368    i.app_ble_prf_init  app_ble.o
    0x0100175c   0x0100175c   0x0000005c   Code   RO         4369    i.app_ble_sec_init  app_ble.o
    0x010017b8   0x010017b8   0x00000030   Code   RO         4370    i.app_ble_sec_msg_handler  app_ble.o
    0x010017e8   0x010017e8   0x00000010   Code   RO         4151    i.app_conn_params_update_evt_handler  ns_ble_task.o
    0x010017f8   0x010017f8   0x000000d4   Code   RO         3723    i.app_create_advertising  ns_ble.o
    0x010018cc   0x010018cc   0x0000006c   Code   RO         3724    i.app_delete_activity  ns_ble.o
    0x01001938   0x01001938   0x00000034   Code   RO         4475    i.app_dis_add_dis   app_dis.o
    0x0100196c   0x0100196c   0x0000002c   Code   RO         4476    i.app_dis_init      app_dis.o
    0x01001998   0x01001998   0x00000088   Code   RO         4152    i.app_entry_point_handler  ns_ble_task.o
    0x01001a20   0x01001a20   0x00000044   Code   RO         4153    i.app_get_handler   ns_ble_task.o
    0x01001a64   0x01001a64   0x0000005c   Code   RO         4580    i.app_hid_add_hids  app_hid.o
    0x01001ac0   0x01001ac0   0x00000050   Code   RO         4581    i.app_hid_enable_prf  app_hid.o
    0x01001b10   0x01001b10   0x00000040   Code   RO         4582    i.app_hid_init      app_hid.o
    0x01001b50   0x01001b50   0x00000058   Code   RO         4583    i.app_hid_mouse_timeout_timer_handler  app_hid.o
    0x01001ba8   0x01001ba8   0x00000004   Code   RO         4584    i.app_hid_msg_dflt_handler  app_hid.o
    0x01001bac   0x01001bac   0x00000110   Code   RO         4586    i.app_hid_send_keyboard_report  app_hid.o
    0x01001cbc   0x01001cbc   0x000000ec   Code   RO         4587    i.app_hid_send_mouse_report  app_hid.o
    0x01001da8   0x01001da8   0x00000148   Code   RO         4852    i.app_hid_send_touchscreen  app_hid_touchscreen.o
    0x01001ef0   0x01001ef0   0x0000001c   Code   RO         4154    i.app_init_timeout_evt_handler  ns_ble_task.o
    0x01001f0c   0x01001f0c   0x000000dc   Code   RO         4793    i.app_key_configuration  app_gpio.o
    0x01001fe8   0x01001fe8   0x00000220   Code   RO         4794    i.app_key_press_timeout_handler  app_gpio.o
    0x01002208   0x01002208   0x000000ac   Code   RO         4155    i.app_lsi_calib_evt_handler  ns_ble_task.o
    0x010022b4   0x010022b4   0x00000004   Code   RO         3495    i.app_sec_msg_dflt_handler  ns_sec.o
    0x010022b8   0x010022b8   0x0000007c   Code   RO         3725    i.app_set_adv_data  ns_ble.o
    0x01002334   0x01002334   0x000000bc   Code   RO         3726    i.app_set_scan_rsp_data  ns_ble.o
    0x010023f0   0x010023f0   0x00000002   Code   RO         4695    i.app_sleep_prepare_proc  main.o
    0x010023f2   0x010023f2   0x00000014   Code   RO         4696    i.app_sleep_resume_proc  main.o
    0x01002406   0x01002406   0x00000002   PAD
    0x01002408   0x01002408   0x00000068   Code   RO         3727    i.app_start_advertising  ns_ble.o
    0x01002470   0x01002470   0x00000030   Code   RO         3728    i.app_stop_advertising  ns_ble.o
    0x010024a0   0x010024a0   0x000000d4   Code   RO         4853    i.app_touchscreen_swipe  app_hid_touchscreen.o
    0x01002574   0x01002574   0x00000058   Code   RO         4854    i.app_touchscreen_tap  app_hid_touchscreen.o
    0x010025cc   0x010025cc   0x0000001c   Code   RO         4371    i.app_user_msg_handler  app_ble.o
    0x010025e8   0x010025e8   0x000000b4   Code   RO         2741    i.attm_att_set_permission  lib_att.o
    0x0100269c   0x0100269c   0x000000b8   Code   RO         2742    i.attm_att_set_value  lib_att.o
    0x01002754   0x01002754   0x00000022   Code   RO         2743    i.attm_reserve_handle_range  lib_att.o
    0x01002776   0x01002776   0x00000004   Code   RO         4525    i.bass_batt_level_ntf_cfg_ind_handler  app_batt.o
    0x0100277a   0x0100277a   0x00000002   PAD
    0x0100277c   0x0100277c   0x00000068   Code   RO         3079    i.bass_batt_level_upd_req_handler  bass_task.o
    0x010027e4   0x010027e4   0x0000000a   Code   RO         3159    i.bass_cleanup      bass.o
    0x010027ee   0x010027ee   0x0000000a   Code   RO         3160    i.bass_create       bass.o
    0x010027f8   0x010027f8   0x0000001c   Code   RO         3161    i.bass_destroy      bass.o
    0x01002814   0x01002814   0x00000084   Code   RO         3080    i.bass_enable_req_handler  bass_task.o
    0x01002898   0x01002898   0x000000f0   Code   RO         3162    i.bass_exe_operation  bass.o
    0x01002988   0x01002988   0x00000076   Code   RO         3163    i.bass_get_att_handle  bass.o
    0x010029fe   0x010029fe   0x0000006a   Code   RO         3164    i.bass_get_att_idx  bass.o
    0x01002a68   0x01002a68   0x0000015c   Code   RO         3165    i.bass_init         bass.o
    0x01002bc4   0x01002bc4   0x00000040   Code   RO         3166    i.bass_notify_batt_lvl  bass.o
    0x01002c04   0x01002c04   0x00000008   Code   RO         3167    i.bass_prf_itf_get  bass.o
    0x01002c0c   0x01002c0c   0x00000020   Code   RO         3081    i.bass_task_init    bass_task.o
    0x01002c2c   0x01002c2c   0x00000004   Code   RO         4526    i.batt_level_upd_handler  app_batt.o
    0x01002c30   0x01002c30   0x0000002c   Code   RO         4742    i.build_keyboard_report  app_hid_keyboard.o
    0x01002c5c   0x01002c5c   0x00000010   Code   RO         4697    i.detect_select     main.o
    0x01002c6c   0x01002c6c   0x0000002a   Code   RO         2910    i.diss_check_val_len  diss.o
    0x01002c96   0x01002c96   0x00000002   Code   RO         2911    i.diss_cleanup      diss.o
    0x01002c98   0x01002c98   0x00000026   Code   RO         2912    i.diss_compute_cfg_flag  diss.o
    0x01002cbe   0x01002cbe   0x00000002   Code   RO         2913    i.diss_create       diss.o
    0x01002cc0   0x01002cc0   0x00000024   Code   RO         2914    i.diss_destroy      diss.o
    0x01002ce4   0x01002ce4   0x00000030   Code   RO         2915    i.diss_handle_to_value  diss.o
    0x01002d14   0x01002d14   0x00000088   Code   RO         2916    i.diss_init         diss.o
    0x01002d9c   0x01002d9c   0x00000008   Code   RO         2917    i.diss_prf_itf_get  diss.o
    0x01002da4   0x01002da4   0x0000009c   Code   RO         3009    i.diss_set_value_req_handler  diss_task.o
    0x01002e40   0x01002e40   0x00000020   Code   RO         3010    i.diss_task_init    diss_task.o
    0x01002e60   0x01002e60   0x0000007c   Code   RO         3011    i.diss_value_cfm_handler  diss_task.o
    0x01002edc   0x01002edc   0x000000b8   Code   RO         4477    i.diss_value_req_ind_handler  app_dis.o
    0x01002f94   0x01002f94   0x00000034   Code   RO         2918    i.diss_value_to_handle  diss.o
    0x01002fc8   0x01002fc8   0x00000028   Code   RO         3406    i.entry_idle        ns_sleep.o
    0x01002ff0   0x01002ff0   0x000000b0   Code   RO         3407    i.entry_sleep       ns_sleep.o
    0x010030a0   0x010030a0   0x00000038   Code   RO         3466    i.fputc             ns_log_usart.o
    0x010030d8   0x010030d8   0x000000d4   Code   RO         3496    i.gapc_bond_ind_handler  ns_sec.o
    0x010031ac   0x010031ac   0x000001e4   Code   RO         3497    i.gapc_bond_req_ind_handler  ns_sec.o
    0x01003390   0x01003390   0x00000024   Code   RO         4156    i.gapc_cmp_evt_handler  ns_ble_task.o
    0x010033b4   0x010033b4   0x0000005c   Code   RO         4157    i.gapc_conn_rssi_ind_handler  ns_ble_task.o
    0x01003410   0x01003410   0x0000016c   Code   RO         4158    i.gapc_connection_req_ind_handler  ns_ble_task.o
    0x0100357c   0x0100357c   0x00000090   Code   RO         4159    i.gapc_disconnect_ind_handler  ns_ble_task.o
    0x0100360c   0x0100360c   0x0000002c   Code   RO         3498    i.gapc_encrypt_ind_handler  ns_sec.o
    0x01003638   0x01003638   0x0000013c   Code   RO         3499    i.gapc_encrypt_req_ind_handler  ns_sec.o
    0x01003774   0x01003774   0x0000007c   Code   RO         4160    i.gapc_get_dev_info_req_ind_handler  ns_ble_task.o
    0x010037f0   0x010037f0   0x00000030   Code   RO         4161    i.gapc_le_phy_ind_handler  ns_ble_task.o
    0x01003820   0x01003820   0x0000001c   Code   RO         4162    i.gapc_le_pkt_size_ind_handler  ns_ble_task.o
    0x0100383c   0x0100383c   0x00000060   Code   RO         4163    i.gapc_param_update_req_ind_handler  ns_ble_task.o
    0x0100389c   0x0100389c   0x00000024   Code   RO         4164    i.gapc_param_updated_ind_handler  ns_ble_task.o
    0x010038c0   0x010038c0   0x00000040   Code   RO         4165    i.gapc_set_dev_info_req_ind_handler  ns_ble_task.o
    0x01003900   0x01003900   0x00000034   Code   RO         4166    i.gapm_activity_created_ind_handler  ns_ble_task.o
    0x01003934   0x01003934   0x0000005c   Code   RO         4167    i.gapm_activity_stopped_ind_handler  ns_ble_task.o
    0x01003990   0x01003990   0x00000028   Code   RO         4168    i.gapm_addr_solved_ind_handler  ns_ble_task.o
    0x010039b8   0x010039b8   0x000003ac   Code   RO         4169    i.gapm_cmp_evt_handler  ns_ble_task.o
    0x01003d64   0x01003d64   0x00000090   Code   RO         4170    i.gapm_ext_adv_repoer_ind_handler  ns_ble_task.o
    0x01003df4   0x01003df4   0x00000014   Code   RO         4171    i.gapm_gen_rand_nb_ind_handler  ns_ble_task.o
    0x01003e08   0x01003e08   0x0000000c   Code   RO         4172    i.gapm_profile_added_ind_handler  ns_ble_task.o
    0x01003e14   0x01003e14   0x00000054   Code   RO         3082    i.gattc_att_info_req_ind_handler  bass_task.o
    0x01003e68   0x01003e68   0x0000006c   Code   RO         3250    i.gattc_att_info_req_ind_handler  hogpd_task.o
    0x01003ed4   0x01003ed4   0x00000010   Code   RO         3083    i.gattc_cmp_evt_handler  bass_task.o
    0x01003ee4   0x01003ee4   0x00000048   Code   RO         3251    i.gattc_cmp_evt_handler  hogpd_task.o
    0x01003f2c   0x01003f2c   0x00000024   Code   RO         4173    i.gattc_cmp_evt_handler  ns_ble_task.o
    0x01003f50   0x01003f50   0x00000054   Code   RO         4174    i.gattc_mtu_changed_ind_handler  ns_ble_task.o
    0x01003fa4   0x01003fa4   0x000000c4   Code   RO         3012    i.gattc_read_req_ind_handler  diss_task.o
    0x01004068   0x01004068   0x000000c0   Code   RO         3084    i.gattc_read_req_ind_handler  bass_task.o
    0x01004128   0x01004128   0x00000164   Code   RO         3252    i.gattc_read_req_ind_handler  hogpd_task.o
    0x0100428c   0x0100428c   0x000000a8   Code   RO         3085    i.gattc_write_req_ind_handler  bass_task.o
    0x01004334   0x01004334   0x00000194   Code   RO         3253    i.gattc_write_req_ind_handler  hogpd_task.o
    0x010044c8   0x010044c8   0x00000026   Code   RO         3321    i.hogpd_cleanup     hogpd.o
    0x010044ee   0x010044ee   0x00000002   Code   RO         3322    i.hogpd_create      hogpd.o
    0x010044f0   0x010044f0   0x00000048   Code   RO         4589    i.hogpd_ctnl_pt_ind_handler  app_hid.o
    0x01004538   0x01004538   0x00000010   Code   RO         3323    i.hogpd_destroy     hogpd.o
    0x01004548   0x01004548   0x00000078   Code   RO         3254    i.hogpd_enable_req_handler  hogpd_task.o
    0x010045c0   0x010045c0   0x00000004   Code   RO         4590    i.hogpd_enable_rsp_handler  app_hid.o
    0x010045c4   0x010045c4   0x000000e6   Code   RO         3324    i.hogpd_get_att_handle  hogpd.o
    0x010046aa   0x010046aa   0x00000110   Code   RO         3325    i.hogpd_get_att_idx  hogpd.o
    0x010047ba   0x010047ba   0x00000002   PAD
    0x010047bc   0x010047bc   0x00000410   Code   RO         3326    i.hogpd_init        hogpd.o
    0x01004bcc   0x01004bcc   0x00000040   Code   RO         4591    i.hogpd_ntf_cfg_ind_handler  app_hid.o
    0x01004c0c   0x01004c0c   0x000000ac   Code   RO         3327    i.hogpd_ntf_cfg_ind_send  hogpd.o
    0x01004cb8   0x01004cb8   0x00000100   Code   RO         3328    i.hogpd_ntf_send    hogpd.o
    0x01004db8   0x01004db8   0x00000008   Code   RO         3329    i.hogpd_prf_itf_get  hogpd.o
    0x01004dc0   0x01004dc0   0x000000bc   Code   RO         3255    i.hogpd_proto_mode_cfm_handler  hogpd_task.o
    0x01004e7c   0x01004e7c   0x00000064   Code   RO         4592    i.hogpd_proto_mode_req_ind_handler  app_hid.o
    0x01004ee0   0x01004ee0   0x00000100   Code   RO         3256    i.hogpd_report_cfm_handler  hogpd_task.o
    0x01004fe0   0x01004fe0   0x000000d8   Code   RO         4593    i.hogpd_report_req_ind_handler  app_hid.o
    0x010050b8   0x010050b8   0x00000028   Code   RO         4594    i.hogpd_report_upd_handler  app_hid.o
    0x010050e0   0x010050e0   0x00000074   Code   RO         3257    i.hogpd_report_upd_req_handler  hogpd_task.o
    0x01005154   0x01005154   0x00000020   Code   RO         3258    i.hogpd_task_init   hogpd_task.o
    0x01005174   0x01005174   0x00000014   Code   RO         4595    i.is_app_hid_ready  app_hid.o
    0x01005188   0x01005188   0x00000030   Code   RO         2556    i.llhwc_modem_setmode  rwip_driver.o
    0x010051b8   0x010051b8   0x00000100   Code   RO         2557    i.llhwc_phy_prerx_flash  rwip_driver.o
    0x010052b8   0x010052b8   0x00000088   Code   RO         2558    i.llhwc_setmode_reg_config  rwip_driver.o
    0x01005340   0x01005340   0x00000074   Code   RO         4698    i.main              main.o
    0x010053b4   0x010053b4   0x00000070   Code   RO         3729    i.ns_EXTI4_12_IRQHandler  ns_ble.o
    0x01005424   0x01005424   0x0000012c   Code   RO         3730    i.ns_HardFault_Handler  ns_ble.o
    0x01005550   0x01005550   0x00000020   Code   RO         3732    i.ns_ble_add_prf_func_register  ns_ble.o
    0x01005570   0x01005570   0x00000028   Code   RO         3733    i.ns_ble_add_svc    ns_ble.o
    0x01005598   0x01005598   0x00000068   Code   RO         3735    i.ns_ble_adv_fsm_next  ns_ble.o
    0x01005600   0x01005600   0x00000048   Code   RO         3736    i.ns_ble_adv_init   ns_ble.o
    0x01005648   0x01005648   0x00000050   Code   RO         3737    i.ns_ble_adv_start  ns_ble.o
    0x01005698   0x01005698   0x00000028   Code   RO         3738    i.ns_ble_adv_stop   ns_ble.o
    0x010056c0   0x010056c0   0x00000030   Code   RO         3739    i.ns_ble_create_init  ns_ble.o
    0x010056f0   0x010056f0   0x00000030   Code   RO         3740    i.ns_ble_create_scan  ns_ble.o
    0x01005720   0x01005720   0x00000038   Code   RO         3741    i.ns_ble_delete_init  ns_ble.o
    0x01005758   0x01005758   0x00000034   Code   RO         3742    i.ns_ble_delete_scan  ns_ble.o
    0x0100578c   0x0100578c   0x0000002c   Code   RO         3743    i.ns_ble_disconnect  ns_ble.o
    0x010057b8   0x010057b8   0x00000064   Code   RO         3746    i.ns_ble_gap_init   ns_ble.o
    0x0100581c   0x0100581c   0x00000024   Code   RO         3749    i.ns_ble_get_connection_num  ns_ble.o
    0x01005840   0x01005840   0x00000050   Code   RO         3752    i.ns_ble_list_set_ral  ns_ble.o
    0x01005890   0x01005890   0x00000080   Code   RO         3754    i.ns_ble_lsc_config  ns_ble.o
    0x01005910   0x01005910   0x00000024   Code   RO         3758    i.ns_ble_prf_task_register  ns_ble.o
    0x01005934   0x01005934   0x00000046   Code   RO         3763    i.ns_ble_scan_data_find  ns_ble.o
    0x0100597a   0x0100597a   0x00000002   PAD
    0x0100597c   0x0100597c   0x000000b0   Code   RO         3770    i.ns_ble_stack_init  ns_ble.o
    0x01005a2c   0x01005a2c   0x000000c8   Code   RO         3771    i.ns_ble_stack_vtor_init  ns_ble.o
    0x01005af4   0x01005af4   0x000000ec   Code   RO         3772    i.ns_ble_start_init  ns_ble.o
    0x01005be0   0x01005be0   0x000000a8   Code   RO         3773    i.ns_ble_start_scan  ns_ble.o
    0x01005c88   0x01005c88   0x00000034   Code   RO         3774    i.ns_ble_stop_init  ns_ble.o
    0x01005cbc   0x01005cbc   0x0000003c   Code   RO         3775    i.ns_ble_stop_scan  ns_ble.o
    0x01005cf8   0x01005cf8   0x0000009c   Code   RO         3776    i.ns_ble_update_param  ns_ble.o
    0x01005d94   0x01005d94   0x0000008c   Code   RO         3500    i.ns_bond_db_add_entry  ns_sec.o
    0x01005e20   0x01005e20   0x0000002c   Code   RO         3501    i.ns_bond_db_get_size  ns_sec.o
    0x01005e4c   0x01005e4c   0x0000001c   Code   RO         3502    i.ns_bond_db_load   ns_sec.o
    0x01005e68   0x01005e68   0x00000032   Code   RO         3504    i.ns_bond_last_bonded_peer_id  ns_sec.o
    0x01005e9a   0x01005e9a   0x00000002   PAD
    0x01005e9c   0x01005e9c   0x00000064   Code   RO         3505    i.ns_bond_last_bonded_ral_info  ns_sec.o
    0x01005f00   0x01005f00   0x00000064   Code   RO         3506    i.ns_bond_resolv_addr_start  ns_sec.o
    0x01005f64   0x01005f64   0x00000068   Code   RO         3507    i.ns_bond_search_addr_irk  ns_sec.o
    0x01005fcc   0x01005fcc   0x0000004c   Code   RO         3777    i.ns_iwdg_config    ns_ble.o
    0x01006018   0x01006018   0x0000001c   Code   RO         3467    i.ns_log_usart_deinit  ns_log_usart.o
    0x01006034   0x01006034   0x00000064   Code   RO         3468    i.ns_log_usart_init  ns_log_usart.o
    0x01006098   0x01006098   0x000000b8   Code   RO         3779    i.ns_peripheral_config  ns_ble.o
    0x01006150   0x01006150   0x000000e0   Code   RO         3509    i.ns_sec_bond_store_evt_handler  ns_sec.o
    0x01006230   0x01006230   0x00000010   Code   RO         3510    i.ns_sec_get_bond_status  ns_sec.o
    0x01006240   0x01006240   0x0000000c   Code   RO         3511    i.ns_sec_get_iocap  ns_sec.o
    0x0100624c   0x0100624c   0x00000050   Code   RO         3512    i.ns_sec_init       ns_sec.o
    0x0100629c   0x0100629c   0x00000040   Code   RO         3513    i.ns_sec_pincode_respond  ns_sec.o
    0x010062dc   0x010062dc   0x0000008c   Code   RO         3408    i.ns_sleep          ns_sleep.o
    0x01006368   0x01006368   0x00000018   Code   RO         3409    i.ns_sleep_lock_acquire  ns_sleep.o
    0x01006380   0x01006380   0x00000018   Code   RO         3410    i.ns_sleep_lock_release  ns_sleep.o
    0x01006398   0x01006398   0x000000c4   Code   RO         4305    i.ns_timer_api_process_handler  ns_timer.o
    0x0100645c   0x0100645c   0x0000003c   Code   RO         4308    i.ns_timer_create   ns_timer.o
    0x01006498   0x01006498   0x00000040   Code   RO         3780    i.patchx_enable     ns_ble.o
    0x010064d8   0x010064d8   0x00000084   Code   RO         2778    i.prf_add_profile   prf.o
    0x0100655c   0x0100655c   0x00000010   Code   RO         2781    i.prf_dst_task_get  prf.o
    0x0100656c   0x0100656c   0x00000030   Code   RO         2782    i.prf_env_get       prf.o
    0x0100659c   0x0100659c   0x00000034   Code   RO         2783    i.prf_get_id_from_task  prf.o
    0x010065d0   0x010065d0   0x00000024   Code   RO         2784    i.prf_get_itf_func_register  prf.o
    0x010065f4   0x010065f4   0x00000034   Code   RO         2785    i.prf_get_task_from_id  prf.o
    0x01006628   0x01006628   0x00000080   Code   RO         2786    i.prf_init          prf.o
    0x010066a8   0x010066a8   0x0000002c   Code   RO         2787    i.prf_itf_get       prf.o
    0x010066d4   0x010066d4   0x0000001e   Code   RO         2869    i.prf_pack_char_pres_fmt  prf_utils.o
    0x010066f2   0x010066f2   0x00000010   Code   RO         2788    i.prf_src_task_get  prf.o
    0x01006702   0x01006702   0x00000002   PAD
    0x01006704   0x01006704   0x00000030   Code   RO         2559    i.radio_freq_cal_from_trim  rwip_driver.o
    0x01006734   0x01006734   0x00000114   Code   RO         2220    i.rwip_init         rwip.o
    0x01006848   0x01006848   0x00000134   Code   RO         2564    i.rwip_sleep        rwip_driver.o
    0x0100697c   0x0100697c   0x0000004c   Code   RO         2565    i.rwip_slp_isr      rwip_driver.o
    0x010069c8   0x010069c8   0x000000b0   Code   RO         2566    i.rwip_wakeup       rwip_driver.o
    0x01006a78   0x01006a78   0x00000002   Code   RO         4310    i.timer_canceled_handler  ns_timer.o
    0x01006a7a   0x01006a7a   0x00000002   Code   RO         4311    i.timer_modified_handler  ns_timer.o
    0x01006a7c   0x01006a7c   0x00000140   Data   RO           20    .constdata          system_n32wb03x.o
    0x01006bbc   0x01006bbc   0x0000000c   Data   RO          783    .constdata          n32wb03x_rcc.o
    0x01006bc8   0x01006bc8   0x000007e4   Data   RO         1809    .constdata          n32wb03x_qflash.o
    0x010073ac   0x010073ac   0x0000001e   Data   RO         2567    .constdata          rwip_driver.o
    0x010073ca   0x010073ca   0x00000002   PAD
    0x010073cc   0x010073cc   0x000000a8   Data   RO         2919    .constdata          diss.o
    0x01007474   0x01007474   0x00000018   Data   RO         3013    .constdata          diss_task.o
    0x0100748c   0x0100748c   0x00000030   Data   RO         3086    .constdata          bass_task.o
    0x010074bc   0x010074bc   0x00000038   Data   RO         3168    .constdata          bass.o
    0x010074f4   0x010074f4   0x00000040   Data   RO         3259    .constdata          hogpd_task.o
    0x01007534   0x01007534   0x000000c8   Data   RO         3330    .constdata          hogpd.o
    0x010075fc   0x010075fc   0x00000028   Data   RO         3518    .constdata          ns_sec.o
    0x01007624   0x01007624   0x00000008   Data   RO         3519    .constdata          ns_sec.o
    0x0100762c   0x0100762c   0x00000349   Data   RO         3782    .constdata          ns_ble.o
    0x01007975   0x01007975   0x00000001   PAD
    0x01007976   0x01007976   0x000000cd   Data   RO         4175    .constdata          ns_ble_task.o
    0x01007a43   0x01007a43   0x00000001   PAD
    0x01007a44   0x01007a44   0x000000c0   Data   RO         4176    .constdata          ns_ble_task.o
    0x01007b04   0x01007b04   0x0000000c   Data   RO         4177    .constdata          ns_ble_task.o
    0x01007b10   0x01007b10   0x00000008   Data   RO         4478    .constdata          app_dis.o
    0x01007b18   0x01007b18   0x00000008   Data   RO         4479    .constdata          app_dis.o
    0x01007b20   0x01007b20   0x00000018   Data   RO         4527    .constdata          app_batt.o
    0x01007b38   0x01007b38   0x00000008   Data   RO         4528    .constdata          app_batt.o
    0x01007b40   0x01007b40   0x0000015e   Data   RO         4596    .constdata          app_hid.o
    0x01007c9e   0x01007c9e   0x00000002   PAD
    0x01007ca0   0x01007ca0   0x00000038   Data   RO         4597    .constdata          app_hid.o
    0x01007cd8   0x01007cd8   0x00000020   Data   RO         5229    Region$$Table       anon$$obj.o


    Execution Region RW_IRAM1 (Exec base: 0x20004000, Load base: 0x01007cf8, Size: 0x00002b40, Max: 0x00008000, ABSOLUTE, COMPRESSED[0x000016b0])

    Exec Addr    Load Addr    Size         Type   Attr      Idx    E Section Name        Object

    0x20004000   COMPRESSED   0x0000000c   Data   RW         1810    .data               n32wb03x_qflash.o
    0x2000400c   COMPRESSED   0x00000014   Data   RW         2568    .data               rwip_driver.o
    0x20004020   COMPRESSED   0x00000004   Data   RW         3411    .data               ns_sleep.o
    0x20004024   COMPRESSED   0x00000001   Data   RW         3469    .data               ns_log_usart.o
    0x20004025   COMPRESSED   0x000000db   PAD
    0x20004100   COMPRESSED   0x00001a74   Data   RW         3783    .data               ns_ble.o
    0x20005b74   COMPRESSED   0x00000002   Data   RW         4178    .data               ns_ble_task.o
    0x20005b76   COMPRESSED   0x00000001   Data   RW         4179    .data               ns_ble_task.o
    0x20005b77   COMPRESSED   0x00000002   Data   RW         4529    .data               app_batt.o
    0x20005b79   COMPRESSED   0x00000001   PAD
    0x20005b7a   COMPRESSED   0x00000008   Data   RW         4598    .data               app_hid.o
    0x20005b82   COMPRESSED   0x00000005   Data   RW         4796    .data               app_gpio.o
    0x20005b87   COMPRESSED   0x00000001   PAD
    0x20005b88   COMPRESSED   0x00000004   Data   RW         4897    .data               mc_p.l(rand.o)
    0x20005b8c        -       0x00000034   Zero   RW           19    .bss                system_n32wb03x.o
    0x20005bc0        -       0x00000328   Zero   RW         1808    .bss                n32wb03x_qflash.o
    0x20005ee8        -       0x0000011c   Zero   RW         2789    .bss                prf.o
    0x20006004        -       0x0000005c   Zero   RW         3517    .bss                ns_sec.o
    0x20006060        -       0x00000290   Zero   RW         3781    .bss                ns_ble.o
    0x200062f0        -       0x00000050   Zero   RW         4312    .bss                ns_timer.o
    0x20006340        -       0x00000800   Zero   RW            1    STACK               startup_n32wb03x.o


==============================================================================

Image component sizes


      Code (inc. data)   RO Data    RW Data    ZI Data      Debug   Object Name

       168         20         32          2          0       5196   app_batt.o
       626        144          0          0          0      14646   app_ble.o
       280         98         16          0          0       8772   app_dis.o
      1148        260          0          5          0       5648   app_gpio.o
      1352        202        406          8          0      17791   app_hid.o
        44          0          0          0          0       4994   app_hid_keyboard.o
       628        214          0          0          0       7250   app_hid_touchscreen.o
       932         18         56          0          0      20971   bass.o
       728         40         48          0          0      46313   bass_task.o
       364         14        168          0          0      17274   diss.o
       508         24         24          0          0      18526   diss_task.o
      2034         18        200          0          0      11649   hogpd.o
      1652         98         64          0          0      17298   hogpd_task.o
       398         16          0          0          0      49115   lib_att.o
       230         60          0          0          0       3186   main.o
       116         14          0          0          0       6900   misc.o
       148         16          0          0          0       2325   n32wb03x_exti.o
       670         38          0          0          0       6152   n32wb03x_gpio.o
       120         26       2020         12        808       4168   n32wb03x_qflash.o
       184         40         12          0          0       3230   n32wb03x_rcc.o
       186         22          0          0          0       4147   n32wb03x_usart.o
      4054        836        841       6772        656      92119   ns_ble.o
      2872        386        409          3          0      26804   ns_ble_task.o
       184         28          0          1          0       1906   ns_log_usart.o
      2022        212         48          0         92      70930   ns_sec.o
       404         52          0          4          0       4514   ns_sleep.o
       260         30          0          0         80       5025   ns_timer.o
       524         32          0          0        284       8933   prf.o
        30          0          0          0          0       9387   prf_utils.o
       276         76          0          0          0     114495   rwip.o
      1096        258         30         20          0      73094   rwip_driver.o
        28          8        192          0       2048        692   startup_n32wb03x.o
       506         62        320          0         52     118507   system_n32wb03x.o

    ----------------------------------------------------------------------
     24892       3394       4924       7048       4020     801957   Object Totals
        96         32         32          0          0          0   (incl. Generated)
        24          0          6        221          0          0   (incl. Padding)

    ----------------------------------------------------------------------

      Code (inc. data)   RO Data    RW Data    ZI Data      Debug   Library Member Name

        96          0          0          0          0          0   __dclz77c.o
         0          0          0          0          0          0   entry.o
         0          0          0          0          0          0   entry10a.o
         0          0          0          0          0          0   entry11a.o
         4          0          0          0          0          0   entry12b.o
         8          4          0          0          0          0   entry2.o
         4          0          0          0          0          0   entry5.o
         0          0          0          0          0          0   entry7b.o
         0          0          0          0          0          0   entry8b.o
         8          4          0          0          0          0   entry9a.o
        40          0          0          0          0         72   idiv.o
        36          8          0          0          0         68   init.o
         0          0          0          0          0          0   iusefp.o
        32          0          0          0          0         68   llshl.o
        34          0          0          0          0         68   llushr.o
        26          0          0          0          0         72   memcmp.o
        36          0          0          0          0         60   memcpya.o
        36          0          0          0          0        100   memseta.o
      1172         52          0          0          0        324   printf8.o
        36         12          0          4          0        120   rand.o
        44          0          0          0          0         72   uidiv.o
        96          0          0          0          0         84   uldiv.o
       124          0          0          0          0         72   fdiv.o
       130          0          0          0          0        144   fepilogue.o
        48          0          0          0          0         68   ffixul.o
        14          0          0          0          0         68   ffltui.o
        28          0          0          0          0         68   ffltul.o
       122          0          0          0          0         72   fmul.o

    ----------------------------------------------------------------------
      2176         80          0          4          0       1600   Library Totals
         2          0          0          0          0          0   (incl. Padding)

    ----------------------------------------------------------------------

      Code (inc. data)   RO Data    RW Data    ZI Data      Debug   Library Name

      1708         80          0          4          0       1108   mc_p.l
       466          0          0          0          0        492   mf_p.l

    ----------------------------------------------------------------------
      2176         80          0          4          0       1600   Library Totals

    ----------------------------------------------------------------------

==============================================================================


      Code (inc. data)   RO Data    RW Data    ZI Data      Debug   

     27068       3474       4924       7052       4020     792349   Grand Totals
     27068       3474       4924       5808       4020     792349   ELF Image Totals (compressed)
     27068       3474       4924       5808          0          0   ROM Totals

==============================================================================

    Total RO  Size (Code + RO Data)                31992 (  31.24kB)
    Total RW  Size (RW Data + ZI Data)             11072 (  10.81kB)
    Total ROM Size (Code + RO Data + RW Data)      37800 (  36.91kB)

==============================================================================

