<html>
<body>
<pre>
<h1>µVision Build Log</h1>
<h2>Tool Versions:</h2>
IDE-Version: ¦ÌVision V5.36.0.0
Copyright (C) 2021 ARM Ltd and ARM Germany GmbH. All rights reserved.
License Information: S SU, S, LIC=03C6R-K410E-NN5AF-6ZI0L-VYYSV-PQV10
 
Tool Versions:
Toolchain:       MDK-ARM Plus  Version: 5.36.0.0
Toolchain Path:  D:\install\MDK\ARM\ARMCC\Bin
C Compiler:      Armcc.exe V5.06 update 7 (build 960)
Assembler:       Armasm.exe V5.06 update 7 (build 960)
Linker/Locator:  ArmLink.exe V5.06 update 7 (build 960)
Library Manager: ArmAr.exe V5.06 update 7 (build 960)
Hex Converter:   FromElf.exe V5.06 update 7 (build 960)
CPU DLL:         SARMCM3.DLL V5.36.0.0
Dialog DLL:      DARMCM1.DLL V1.19.4.0
Target DLL:      Segger\JL2CM3.dll V2.99.40.0
Dialog DLL:      TARMCM1.DLL V1.14.4.0
 
<h2>Project:</h2>
D:\SU\singlechip\N32\N32WB031\my_project\hid_touchscreen\MDK-ARM\touch_screen.uvprojx
Project File Date:  11/19/2025

<h2>Output:</h2>
*** Using Compiler 'V5.06 update 7 (build 960)', folder: 'D:\install\MDK\ARM\ARMCC\Bin'
Build target 'N32WB03x'
compiling app_hid_touchscreen.c...
compiling app_gpio.c...
..\user\src\app_gpio.c(261): warning:  #177-D: variable "all_key_values"  was declared but never referenced
              uint8_t all_key_values[] = {
..\user\src\app_gpio.c: 1 warning, 0 errors
linking...
Program Size: Code=30080 RO-data=5168 RW-data=7056 ZI-data=4024  
After Build - User command #1: fromelf --bin --output=.\bin\beacon.bin .\Objects\beacon.axf
".\Objects\beacon.axf" - 0 Error(s), 1 Warning(s).

<h2>Software Packages used:</h2>

Package Vendor: Nationstech
                http://www.keil.com/pack/Nationstech.N32WB03X_DFP.1.1.0.pack
                Nationstech.N32WB03X_DFP.1.1.0
                Nationstech N32WB03x Series Device Support, Drivers and Examples

<h2>Collection of Component include folders:</h2>
  D:\install\MDK\Nationstech\N32WB03X_DFP\1.1.0\firmware\CMSIS\device

<h2>Collection of Component Files used:</h2>
Build Time Elapsed:  00:00:02
</pre>
</body>
</html>
