<!doctype html public "-//w3c//dtd html 4.0 transitional//en">
<html><head>
<title>Static Call Graph - [.\Objects\beacon.axf]</title></head>
<body><HR>
<H1>Static Call Graph for image .\Objects\beacon.axf</H1><HR>
<BR><P>#&#060CALLGRAPH&#062# ARM Linker, 5060960: Last Updated: Thu Nov 20 15:56:39 2025
<BR><P>
<H3>Maximum Stack Usage =        424 bytes + Unknown(Cycles, Untraceable Function Pointers)</H3><H3>
Call chain for Maximum Stack Depth:</H3>
main &rArr; app_ble_init &rArr; app_ble_gap_params_init &rArr; SystemGetMacAddr &rArr; SystemTrimValueRead
<P>
<H3>
Mutually Recursive functions
</H3> <LI><a href="#[1]">NMI_Handler</a>&nbsp;&nbsp;&nbsp;&rArr;&nbsp;&nbsp;&nbsp;<a href="#[1]">NMI_Handler</a><BR>
 <LI><a href="#[2]">HardFault_Handler</a>&nbsp;&nbsp;&nbsp;&rArr;&nbsp;&nbsp;&nbsp;<a href="#[2]">HardFault_Handler</a><BR>
 <LI><a href="#[3]">SVC_Handler</a>&nbsp;&nbsp;&nbsp;&rArr;&nbsp;&nbsp;&nbsp;<a href="#[3]">SVC_Handler</a><BR>
 <LI><a href="#[4]">PendSV_Handler</a>&nbsp;&nbsp;&nbsp;&rArr;&nbsp;&nbsp;&nbsp;<a href="#[4]">PendSV_Handler</a><BR>
 <LI><a href="#[5]">SysTick_Handler</a>&nbsp;&nbsp;&nbsp;&rArr;&nbsp;&nbsp;&nbsp;<a href="#[5]">SysTick_Handler</a><BR>
 <LI><a href="#[1b]">ADC_IRQHandler</a>&nbsp;&nbsp;&nbsp;&rArr;&nbsp;&nbsp;&nbsp;<a href="#[1b]">ADC_IRQHandler</a><BR>
 <LI><a href="#[86]">system_delay_cycles</a>&nbsp;&nbsp;&nbsp;&rArr;&nbsp;&nbsp;&nbsp;<a href="#[86]">system_delay_cycles</a><BR>
</UL>
<P>
<H3>
Function Pointers
</H3><UL>
 <LI><a href="#[1b]">ADC_IRQHandler</a> from startup_n32wb03x.o(.text) referenced from startup_n32wb03x.o(RESET)
 <LI><a href="#[18]">BLE_CRYPT_IRQHandler</a> from startup_n32wb03x.o(.text) referenced from startup_n32wb03x.o(RESET)
 <LI><a href="#[17]">BLE_ERROR_IRQHandler</a> from startup_n32wb03x.o(.text) referenced from startup_n32wb03x.o(RESET)
 <LI><a href="#[10]">BLE_FIFO_IRQHandler</a> from startup_n32wb03x.o(.text) referenced from startup_n32wb03x.o(RESET)
 <LI><a href="#[f]">BLE_FINETGT_IRQHandler</a> from startup_n32wb03x.o(.text) referenced from startup_n32wb03x.o(RESET)
 <LI><a href="#[9]">BLE_HSLOT_IRQHandler</a> from startup_n32wb03x.o(.text) referenced from startup_n32wb03x.o(RESET)
 <LI><a href="#[20]">BLE_SLP_IRQHandler</a> from startup_n32wb03x.o(.text) referenced from startup_n32wb03x.o(RESET)
 <LI><a href="#[7]">BLE_SW_IRQHandler</a> from startup_n32wb03x.o(.text) referenced from startup_n32wb03x.o(RESET)
 <LI><a href="#[19]">BLE_TIMESTAMP_TGT1_IRQHandler</a> from startup_n32wb03x.o(.text) referenced from startup_n32wb03x.o(RESET)
 <LI><a href="#[1e]">BLE_TIMESTAMP_TGT2_IRQHandler</a> from startup_n32wb03x.o(.text) referenced from startup_n32wb03x.o(RESET)
 <LI><a href="#[11]">DMA_Channel1_2_3_4_IRQHandler</a> from startup_n32wb03x.o(.text) referenced from startup_n32wb03x.o(RESET)
 <LI><a href="#[12]">DMA_Channel5_IRQHandler</a> from startup_n32wb03x.o(.text) referenced from startup_n32wb03x.o(RESET)
 <LI><a href="#[c]">EXTI0_1_IRQHandler</a> from startup_n32wb03x.o(.text) referenced from startup_n32wb03x.o(RESET)
 <LI><a href="#[d]">EXTI2_3_IRQHandler</a> from startup_n32wb03x.o(.text) referenced from startup_n32wb03x.o(RESET)
 <LI><a href="#[e]">EXTI4_12_IRQHandler</a> from app_gpio.o(i.EXTI4_12_IRQHandler) referenced from startup_n32wb03x.o(RESET)
 <LI><a href="#[a]">FLASH_IRQHandler</a> from startup_n32wb03x.o(.text) referenced from startup_n32wb03x.o(RESET)
 <LI><a href="#[2]">HardFault_Handler</a> from startup_n32wb03x.o(.text) referenced from startup_n32wb03x.o(RESET)
 <LI><a href="#[1d]">I2C1_IRQHandler</a> from startup_n32wb03x.o(.text) referenced from startup_n32wb03x.o(RESET)
 <LI><a href="#[25]">IRC_IRQHandler</a> from startup_n32wb03x.o(.text) referenced from startup_n32wb03x.o(RESET)
 <LI><a href="#[21]">KEYSCAN_IRQHandler</a> from startup_n32wb03x.o(.text) referenced from startup_n32wb03x.o(RESET)
 <LI><a href="#[23]">LPUART1_IRQHandler</a> from startup_n32wb03x.o(.text) referenced from startup_n32wb03x.o(RESET)
 <LI><a href="#[1]">NMI_Handler</a> from startup_n32wb03x.o(.text) referenced from startup_n32wb03x.o(RESET)
 <LI><a href="#[4]">PendSV_Handler</a> from startup_n32wb03x.o(.text) referenced from startup_n32wb03x.o(RESET)
 <LI><a href="#[b]">RCC_IRQHandler</a> from startup_n32wb03x.o(.text) referenced from startup_n32wb03x.o(RESET)
 <LI><a href="#[15]">RESERVED_IRQHandler</a> from startup_n32wb03x.o(.text) referenced from startup_n32wb03x.o(RESET)
 <LI><a href="#[8]">RTC_IRQHandler</a> from startup_n32wb03x.o(.text) referenced from startup_n32wb03x.o(RESET)
 <LI><a href="#[0]">Reset_Handler</a> from startup_n32wb03x.o(.text) referenced from startup_n32wb03x.o(RESET)
 <LI><a href="#[1f]">SPI1_IRQHandler</a> from startup_n32wb03x.o(.text) referenced from startup_n32wb03x.o(RESET)
 <LI><a href="#[1c]">SPI2_IRQHandler</a> from startup_n32wb03x.o(.text) referenced from startup_n32wb03x.o(RESET)
 <LI><a href="#[3]">SVC_Handler</a> from startup_n32wb03x.o(.text) referenced from startup_n32wb03x.o(RESET)
 <LI><a href="#[5]">SysTick_Handler</a> from startup_n32wb03x.o(.text) referenced from startup_n32wb03x.o(RESET)
 <LI><a href="#[27]">SystemInit</a> from system_n32wb03x.o(i.SystemInit) referenced from startup_n32wb03x.o(.text)
 <LI><a href="#[13]">TIM1_BRK_UP_TRG_COM_IRQHandler</a> from startup_n32wb03x.o(.text) referenced from startup_n32wb03x.o(RESET)
 <LI><a href="#[14]">TIM1_CC_IRQHandler</a> from startup_n32wb03x.o(.text) referenced from startup_n32wb03x.o(RESET)
 <LI><a href="#[16]">TIM3_IRQHandler</a> from startup_n32wb03x.o(.text) referenced from startup_n32wb03x.o(RESET)
 <LI><a href="#[1a]">TIM6_IRQHandler</a> from startup_n32wb03x.o(.text) referenced from startup_n32wb03x.o(RESET)
 <LI><a href="#[22]">USART1_IRQHandler</a> from startup_n32wb03x.o(.text) referenced from startup_n32wb03x.o(RESET)
 <LI><a href="#[24]">USART2_IRQHandler</a> from startup_n32wb03x.o(.text) referenced from startup_n32wb03x.o(RESET)
 <LI><a href="#[6]">WWDG_IRQHandler</a> from startup_n32wb03x.o(.text) referenced from startup_n32wb03x.o(RESET)
 <LI><a href="#[28]">__main</a> from entry.o(.ARM.Collect$$$$00000000) referenced from startup_n32wb03x.o(.text)
 <LI><a href="#[32]">app_batt_add_bas</a> from app_batt.o(i.app_batt_add_bas) referenced from app_ble.o(i.app_ble_prf_init)
 <LI><a href="#[78]">app_batt_msg_dflt_handler</a> from app_batt.o(i.app_batt_msg_dflt_handler) referenced from app_batt.o(.constdata)
 <LI><a href="#[2e]">app_ble_adv_msg_handler</a> from app_ble.o(i.app_ble_adv_msg_handler) referenced from app_ble.o(i.app_ble_adv_init)
 <LI><a href="#[2f]">app_ble_msg_handler</a> from app_ble.o(i.app_ble_msg_handler) referenced from app_ble.o(i.app_ble_init)
 <LI><a href="#[34]">app_ble_sec_msg_handler</a> from app_ble.o(i.app_ble_sec_msg_handler) referenced from app_ble.o(i.app_ble_sec_init)
 <LI><a href="#[74]">app_conn_params_update_evt_handler</a> from ns_ble_task.o(i.app_conn_params_update_evt_handler) referenced from ns_ble_task.o(.constdata)
 <LI><a href="#[31]">app_dis_add_dis</a> from app_dis.o(i.app_dis_add_dis) referenced from app_ble.o(i.app_ble_prf_init)
 <LI><a href="#[5f]">app_entry_point_handler</a> from ns_ble_task.o(i.app_entry_point_handler) referenced from ns_ble_task.o(.constdata)
 <LI><a href="#[33]">app_hid_add_hids</a> from app_hid.o(i.app_hid_add_hids) referenced from app_ble.o(i.app_ble_prf_init)
 <LI><a href="#[7b]">app_hid_msg_dflt_handler</a> from app_hid.o(i.app_hid_msg_dflt_handler) referenced from app_hid.o(.constdata)
 <LI><a href="#[75]">app_init_timeout_evt_handler</a> from ns_ble_task.o(i.app_init_timeout_evt_handler) referenced from ns_ble_task.o(.constdata)
 <LI><a href="#[37]">app_key_press_timeout_handler</a> from app_gpio.o(i.app_key_press_timeout_handler) referenced from app_gpio.o(i.app_key_press_timeout_handler)
 <LI><a href="#[73]">app_lsi_calib_evt_handler</a> from ns_ble_task.o(i.app_lsi_calib_evt_handler) referenced from ns_ble_task.o(.constdata)
 <LI><a href="#[5a]">app_sec_msg_dflt_handler</a> from ns_sec.o(i.app_sec_msg_dflt_handler) referenced from ns_sec.o(.constdata)
 <LI><a href="#[30]">app_user_msg_handler</a> from app_ble.o(i.app_user_msg_handler) referenced from app_ble.o(i.app_ble_init)
 <LI><a href="#[79]">bass_batt_level_ntf_cfg_ind_handler</a> from app_batt.o(i.bass_batt_level_ntf_cfg_ind_handler) referenced from app_batt.o(.constdata)
 <LI><a href="#[45]">bass_batt_level_upd_req_handler</a> from bass_task.o(i.bass_batt_level_upd_req_handler) referenced from bass_task.o(.constdata)
 <LI><a href="#[4d]">bass_cleanup</a> from bass.o(i.bass_cleanup) referenced from bass.o(.constdata)
 <LI><a href="#[4c]">bass_create</a> from bass.o(i.bass_create) referenced from bass.o(.constdata)
 <LI><a href="#[4b]">bass_destroy</a> from bass.o(i.bass_destroy) referenced from bass.o(.constdata)
 <LI><a href="#[44]">bass_enable_req_handler</a> from bass_task.o(i.bass_enable_req_handler) referenced from bass_task.o(.constdata)
 <LI><a href="#[4a]">bass_init</a> from bass.o(i.bass_init) referenced from bass.o(.constdata)
 <LI><a href="#[2d]">bass_prf_itf_get</a> from bass.o(i.bass_prf_itf_get) referenced from app_batt.o(i.app_batt_init)
 <LI><a href="#[7a]">batt_level_upd_handler</a> from app_batt.o(i.batt_level_upd_handler) referenced from app_batt.o(.constdata)
 <LI><a href="#[40]">diss_cleanup</a> from diss.o(i.diss_cleanup) referenced from diss.o(.constdata)
 <LI><a href="#[3f]">diss_create</a> from diss.o(i.diss_create) referenced from diss.o(.constdata)
 <LI><a href="#[3e]">diss_destroy</a> from diss.o(i.diss_destroy) referenced from diss.o(.constdata)
 <LI><a href="#[3d]">diss_init</a> from diss.o(i.diss_init) referenced from diss.o(.constdata)
 <LI><a href="#[35]">diss_prf_itf_get</a> from diss.o(i.diss_prf_itf_get) referenced from app_dis.o(i.app_dis_init)
 <LI><a href="#[41]">diss_set_value_req_handler</a> from diss_task.o(i.diss_set_value_req_handler) referenced from diss_task.o(.constdata)
 <LI><a href="#[43]">diss_value_cfm_handler</a> from diss_task.o(i.diss_value_cfm_handler) referenced from diss_task.o(.constdata)
 <LI><a href="#[77]">diss_value_req_ind_handler</a> from app_dis.o(i.diss_value_req_ind_handler) referenced from app_dis.o(.constdata)
 <LI><a href="#[2c]">fputc</a> from ns_log_usart.o(i.fputc) referenced from printf8.o(i.__0printf$8)
 <LI><a href="#[5c]">gapc_bond_ind_handler</a> from ns_sec.o(i.gapc_bond_ind_handler) referenced from ns_sec.o(.constdata)
 <LI><a href="#[5b]">gapc_bond_req_ind_handler</a> from ns_sec.o(i.gapc_bond_req_ind_handler) referenced from ns_sec.o(.constdata)
 <LI><a href="#[71]">gapc_cmp_evt_handler</a> from ns_ble_task.o(i.gapc_cmp_evt_handler) referenced from ns_ble_task.o(.constdata)
 <LI><a href="#[72]">gapc_conn_rssi_ind_handler</a> from ns_ble_task.o(i.gapc_conn_rssi_ind_handler) referenced from ns_ble_task.o(.constdata)
 <LI><a href="#[69]">gapc_connection_req_ind_handler</a> from ns_ble_task.o(i.gapc_connection_req_ind_handler) referenced from ns_ble_task.o(.constdata)
 <LI><a href="#[6d]">gapc_disconnect_ind_handler</a> from ns_ble_task.o(i.gapc_disconnect_ind_handler) referenced from ns_ble_task.o(.constdata)
 <LI><a href="#[5e]">gapc_encrypt_ind_handler</a> from ns_sec.o(i.gapc_encrypt_ind_handler) referenced from ns_sec.o(.constdata)
 <LI><a href="#[5d]">gapc_encrypt_req_ind_handler</a> from ns_sec.o(i.gapc_encrypt_req_ind_handler) referenced from ns_sec.o(.constdata)
 <LI><a href="#[6e]">gapc_get_dev_info_req_ind_handler</a> from ns_ble_task.o(i.gapc_get_dev_info_req_ind_handler) referenced from ns_ble_task.o(.constdata)
 <LI><a href="#[6f]">gapc_le_phy_ind_handler</a> from ns_ble_task.o(i.gapc_le_phy_ind_handler) referenced from ns_ble_task.o(.constdata)
 <LI><a href="#[6c]">gapc_le_pkt_size_ind_handler</a> from ns_ble_task.o(i.gapc_le_pkt_size_ind_handler) referenced from ns_ble_task.o(.constdata)
 <LI><a href="#[6a]">gapc_param_update_req_ind_handler</a> from ns_ble_task.o(i.gapc_param_update_req_ind_handler) referenced from ns_ble_task.o(.constdata)
 <LI><a href="#[6b]">gapc_param_updated_ind_handler</a> from ns_ble_task.o(i.gapc_param_updated_ind_handler) referenced from ns_ble_task.o(.constdata)
 <LI><a href="#[70]">gapc_set_dev_info_req_ind_handler</a> from ns_ble_task.o(i.gapc_set_dev_info_req_ind_handler) referenced from ns_ble_task.o(.constdata)
 <LI><a href="#[60]">gapm_activity_created_ind_handler</a> from ns_ble_task.o(i.gapm_activity_created_ind_handler) referenced from ns_ble_task.o(.constdata)
 <LI><a href="#[61]">gapm_activity_stopped_ind_handler</a> from ns_ble_task.o(i.gapm_activity_stopped_ind_handler) referenced from ns_ble_task.o(.constdata)
 <LI><a href="#[63]">gapm_addr_solved_ind_handler</a> from ns_ble_task.o(i.gapm_addr_solved_ind_handler) referenced from ns_ble_task.o(.constdata)
 <LI><a href="#[64]">gapm_cmp_evt_handler</a> from ns_ble_task.o(i.gapm_cmp_evt_handler) referenced from ns_ble_task.o(.constdata)
 <LI><a href="#[66]">gapm_ext_adv_repoer_ind_handler</a> from ns_ble_task.o(i.gapm_ext_adv_repoer_ind_handler) referenced from ns_ble_task.o(.constdata)
 <LI><a href="#[62]">gapm_gen_rand_nb_ind_handler</a> from ns_ble_task.o(i.gapm_gen_rand_nb_ind_handler) referenced from ns_ble_task.o(.constdata)
 <LI><a href="#[65]">gapm_profile_added_ind_handler</a> from ns_ble_task.o(i.gapm_profile_added_ind_handler) referenced from ns_ble_task.o(.constdata)
 <LI><a href="#[46]">gattc_att_info_req_ind_handler</a> from bass_task.o(i.gattc_att_info_req_ind_handler) referenced 2 times from bass_task.o(.constdata)
 <LI><a href="#[49]">gattc_cmp_evt_handler</a> from bass_task.o(i.gattc_cmp_evt_handler) referenced 3 times from bass_task.o(.constdata)
 <LI><a href="#[67]">gattc_mtu_changed_ind_handler</a> from ns_ble_task.o(i.gattc_mtu_changed_ind_handler) referenced from ns_ble_task.o(.constdata)
 <LI><a href="#[42]">gattc_read_req_ind_handler</a> from diss_task.o(i.gattc_read_req_ind_handler) referenced 3 times from diss_task.o(.constdata)
 <LI><a href="#[47]">gattc_write_req_ind_handler</a> from bass_task.o(i.gattc_write_req_ind_handler) referenced 2 times from bass_task.o(.constdata)
 <LI><a href="#[59]">hogpd_cleanup</a> from hogpd.o(i.hogpd_cleanup) referenced from hogpd.o(.constdata)
 <LI><a href="#[58]">hogpd_create</a> from hogpd.o(i.hogpd_create) referenced from hogpd.o(.constdata)
 <LI><a href="#[80]">hogpd_ctnl_pt_ind_handler</a> from app_hid.o(i.hogpd_ctnl_pt_ind_handler) referenced from app_hid.o(.constdata)
 <LI><a href="#[57]">hogpd_destroy</a> from hogpd.o(i.hogpd_destroy) referenced from hogpd.o(.constdata)
 <LI><a href="#[4e]">hogpd_enable_req_handler</a> from hogpd_task.o(i.hogpd_enable_req_handler) referenced from hogpd_task.o(.constdata)
 <LI><a href="#[7c]">hogpd_enable_rsp_handler</a> from app_hid.o(i.hogpd_enable_rsp_handler) referenced from app_hid.o(.constdata)
 <LI><a href="#[56]">hogpd_init</a> from hogpd.o(i.hogpd_init) referenced from hogpd.o(.constdata)
 <LI><a href="#[7d]">hogpd_ntf_cfg_ind_handler</a> from app_hid.o(i.hogpd_ntf_cfg_ind_handler) referenced from app_hid.o(.constdata)
 <LI><a href="#[36]">hogpd_prf_itf_get</a> from hogpd.o(i.hogpd_prf_itf_get) referenced from app_hid.o(i.app_hid_init)
 <LI><a href="#[51]">hogpd_proto_mode_cfm_handler</a> from hogpd_task.o(i.hogpd_proto_mode_cfm_handler) referenced from hogpd_task.o(.constdata)
 <LI><a href="#[7f]">hogpd_proto_mode_req_ind_handler</a> from app_hid.o(i.hogpd_proto_mode_req_ind_handler) referenced from app_hid.o(.constdata)
 <LI><a href="#[50]">hogpd_report_cfm_handler</a> from hogpd_task.o(i.hogpd_report_cfm_handler) referenced from hogpd_task.o(.constdata)
 <LI><a href="#[7e]">hogpd_report_req_ind_handler</a> from app_hid.o(i.hogpd_report_req_ind_handler) referenced from app_hid.o(.constdata)
 <LI><a href="#[81]">hogpd_report_upd_handler</a> from app_hid.o(i.hogpd_report_upd_handler) referenced from app_hid.o(.constdata)
 <LI><a href="#[4f]">hogpd_report_upd_req_handler</a> from hogpd_task.o(i.hogpd_report_upd_req_handler) referenced from hogpd_task.o(.constdata)
 <LI><a href="#[26]">main</a> from main.o(i.main) referenced from entry9a.o(.ARM.Collect$$$$0000000B)
 <LI><a href="#[3a]">ns_EXTI4_12_IRQHandler</a> from ns_ble.o(i.ns_EXTI4_12_IRQHandler) referenced from ns_ble.o(i.ns_ble_stack_vtor_init)
 <LI><a href="#[38]">ns_HardFault_Handler</a> from ns_ble.o(i.ns_HardFault_Handler) referenced from ns_ble.o(i.ns_ble_stack_vtor_init)
 <LI><a href="#[76]">ns_sec_bond_store_evt_handler</a> from ns_sec.o(i.ns_sec_bond_store_evt_handler) referenced from ns_ble_task.o(.constdata)
 <LI><a href="#[29]">prf_add_profile</a> from prf.o(i.prf_add_profile) referenced from ns_ble.o(i.NS_BLE_STACK_INIT)
 <LI><a href="#[2b]">prf_get_id_from_task</a> from prf.o(i.prf_get_id_from_task) referenced from ns_ble.o(i.NS_BLE_STACK_INIT)
 <LI><a href="#[2a]">prf_get_task_from_id</a> from prf.o(i.prf_get_task_from_id) referenced from ns_ble.o(i.NS_BLE_STACK_INIT)
 <LI><a href="#[39]">rwip_slp_isr</a> from rwip_driver.o(i.rwip_slp_isr) referenced from ns_ble.o(i.ns_ble_stack_vtor_init)
 <LI><a href="#[3c]">timer_canceled_handler</a> from ns_timer.o(i.timer_canceled_handler) referenced from ns_timer.o(i.ns_timer_api_process_handler)
 <LI><a href="#[3b]">timer_modified_handler</a> from ns_timer.o(i.timer_modified_handler) referenced from ns_timer.o(i.ns_timer_api_process_handler)
</UL>
<P>
<H3>
Global Symbols
</H3>
<P><STRONG><a name="[123]"></a>EXTI_PA11_Configuration</STRONG> (Thumb, 0 bytes, Stack size 0 bytes, symbol_g15.obj(ABSOLUTE))
<BR><BR>[Called By]<UL><LI><a href="#[124]">&gt;&gt;</a>&nbsp;&nbsp;&nbsp;entry_sleep (via Veneer)
<LI><a href="#[122]">&gt;&gt;</a>&nbsp;&nbsp;&nbsp;entry_idle (via Veneer)
</UL>

<P><STRONG><a name="[c0]"></a>__ARM_common_ll_muluu</STRONG> (Thumb, 0 bytes, Stack size 0 bytes, symbol_g15.obj(ABSOLUTE))
<BR><BR>[Called By]<UL><LI><a href="#[172]">&gt;&gt;</a>&nbsp;&nbsp;&nbsp;rwip_wakeup (via Veneer)
<LI><a href="#[bf]">&gt;&gt;</a>&nbsp;&nbsp;&nbsp;__mathlib_rredf2 (via Veneer)
</UL>

<P><STRONG><a name="[16b]"></a>ahi_init</STRONG> (Thumb, 0 bytes, Stack size 0 bytes, symbol_g15.obj(ABSOLUTE))
<BR><BR>[Called By]<UL><LI><a href="#[b0]">&gt;&gt;</a>&nbsp;&nbsp;&nbsp;rwip_init (via Veneer)
</UL>

<P><STRONG><a name="[116]"></a>attm_svc_create_db</STRONG> (Thumb, 0 bytes, Stack size 0 bytes, symbol_g15.obj(ABSOLUTE))
<BR><BR>[Called By]<UL><LI><a href="#[3d]">&gt;&gt;</a>&nbsp;&nbsp;&nbsp;diss_init (via Veneer)
<LI><a href="#[56]">&gt;&gt;</a>&nbsp;&nbsp;&nbsp;hogpd_init (via Veneer)
<LI><a href="#[4a]">&gt;&gt;</a>&nbsp;&nbsp;&nbsp;bass_init (via Veneer)
<LI><a href="#[64]">&gt;&gt;</a>&nbsp;&nbsp;&nbsp;gapm_cmp_evt_handler (via Veneer)
</UL>

<P><STRONG><a name="[106]"></a>attmdb_get_attribute</STRONG> (Thumb, 0 bytes, Stack size 0 bytes, symbol_g15.obj(ABSOLUTE))
<BR><BR>[Called By]<UL><LI><a href="#[109]">&gt;&gt;</a>&nbsp;&nbsp;&nbsp;attm_att_set_value (via Veneer)
<LI><a href="#[105]">&gt;&gt;</a>&nbsp;&nbsp;&nbsp;attm_att_set_permission (via Veneer)
</UL>

<P><STRONG><a name="[10b]"></a>attmdb_svc_check_hdl</STRONG> (Thumb, 0 bytes, Stack size 0 bytes, symbol_g15.obj(ABSOLUTE))
<BR><BR>[Called By]<UL><LI><a href="#[10a]">&gt;&gt;</a>&nbsp;&nbsp;&nbsp;attm_reserve_handle_range (via Veneer)
</UL>

<P><STRONG><a name="[107]"></a>attmdb_uuid16_comp</STRONG> (Thumb, 0 bytes, Stack size 0 bytes, symbol_g15.obj(ABSOLUTE))
<BR><BR>[Called By]<UL><LI><a href="#[109]">&gt;&gt;</a>&nbsp;&nbsp;&nbsp;attm_att_set_value (via Veneer)
<LI><a href="#[105]">&gt;&gt;</a>&nbsp;&nbsp;&nbsp;attm_att_set_permission (via Veneer)
</UL>

<P><STRONG><a name="[154]"></a>calib_lsi_clk</STRONG> (Thumb, 0 bytes, Stack size 0 bytes, symbol_g15.obj(ABSOLUTE))
<BR><BR>[Called By]<UL><LI><a href="#[f9]">&gt;&gt;</a>&nbsp;&nbsp;&nbsp;ns_ble_lsc_config (via Veneer)
</UL>

<P><STRONG><a name="[120]"></a>co_list_extract</STRONG> (Thumb, 0 bytes, Stack size 0 bytes, symbol_g15.obj(ABSOLUTE))
<BR><BR>[Called By]<UL><LI><a href="#[41]">&gt;&gt;</a>&nbsp;&nbsp;&nbsp;diss_set_value_req_handler (via Veneer)
</UL>

<P><STRONG><a name="[11d]"></a>co_list_init</STRONG> (Thumb, 0 bytes, Stack size 0 bytes, symbol_g15.obj(ABSOLUTE))
<BR><BR>[Called By]<UL><LI><a href="#[3d]">&gt;&gt;</a>&nbsp;&nbsp;&nbsp;diss_init (via Veneer)
</UL>

<P><STRONG><a name="[11a]"></a>co_list_pop_front</STRONG> (Thumb, 0 bytes, Stack size 0 bytes, symbol_g15.obj(ABSOLUTE))
<BR><BR>[Called By]<UL><LI><a href="#[3e]">&gt;&gt;</a>&nbsp;&nbsp;&nbsp;diss_destroy (via Veneer)
</UL>

<P><STRONG><a name="[121]"></a>co_list_push_back</STRONG> (Thumb, 0 bytes, Stack size 0 bytes, symbol_g15.obj(ABSOLUTE))
<BR><BR>[Called By]<UL><LI><a href="#[41]">&gt;&gt;</a>&nbsp;&nbsp;&nbsp;diss_set_value_req_handler (via Veneer)
</UL>

<P><STRONG><a name="[9c]"></a>delay_n_10us</STRONG> (Thumb, 0 bytes, Stack size 0 bytes, symbol_g15.obj(ABSOLUTE))
<BR><BR>[Called By]<UL><LI><a href="#[e]">&gt;&gt;</a>&nbsp;&nbsp;&nbsp;EXTI4_12_IRQHandler (via Veneer)
<LI><a href="#[26]">&gt;&gt;</a>&nbsp;&nbsp;&nbsp;main (via Veneer)
</UL>

<P><STRONG><a name="[101]"></a>delay_n_ms</STRONG> (Thumb, 0 bytes, Stack size 0 bytes, symbol_g15.obj(ABSOLUTE))
<BR><BR>[Called By]<UL><LI><a href="#[f4]">&gt;&gt;</a>&nbsp;&nbsp;&nbsp;app_touchscreen_tap (via Veneer)
<LI><a href="#[f5]">&gt;&gt;</a>&nbsp;&nbsp;&nbsp;app_touchscreen_swipe (via Veneer)
<LI><a href="#[f8]">&gt;&gt;</a>&nbsp;&nbsp;&nbsp;app_touchscreen_rotate (via Veneer)
<LI><a href="#[f7]">&gt;&gt;</a>&nbsp;&nbsp;&nbsp;app_touchscreen_pinch (via Veneer)
<LI><a href="#[f6]">&gt;&gt;</a>&nbsp;&nbsp;&nbsp;app_touchscreen_multi_tap (via Veneer)
</UL>

<P><STRONG><a name="[167]"></a>ecc_init</STRONG> (Thumb, 0 bytes, Stack size 0 bytes, symbol_g15.obj(ABSOLUTE))
<BR><BR>[Called By]<UL><LI><a href="#[b0]">&gt;&gt;</a>&nbsp;&nbsp;&nbsp;rwip_init
</UL>

<P><STRONG><a name="[110]"></a>gapc_get_conhdl</STRONG> (Thumb, 0 bytes, Stack size 0 bytes, symbol_g15.obj(ABSOLUTE))
<BR><BR>[Called By]<UL><LI><a href="#[44]">&gt;&gt;</a>&nbsp;&nbsp;&nbsp;bass_enable_req_handler
<LI><a href="#[4f]">&gt;&gt;</a>&nbsp;&nbsp;&nbsp;hogpd_report_upd_req_handler
<LI><a href="#[4e]">&gt;&gt;</a>&nbsp;&nbsp;&nbsp;hogpd_enable_req_handler
</UL>

<P><STRONG><a name="[108]"></a>gattm_db_updated</STRONG> (Thumb, 0 bytes, Stack size 0 bytes, symbol_g15.obj(ABSOLUTE))
<BR><BR>[Called By]<UL><LI><a href="#[105]">&gt;&gt;</a>&nbsp;&nbsp;&nbsp;attm_att_set_permission
</UL>

<P><STRONG><a name="[169]"></a>h4tl_init</STRONG> (Thumb, 0 bytes, Stack size 0 bytes, symbol_g15.obj(ABSOLUTE))
<BR><BR>[Called By]<UL><LI><a href="#[b0]">&gt;&gt;</a>&nbsp;&nbsp;&nbsp;rwip_init
</UL>

<P><STRONG><a name="[16a]"></a>hci_init</STRONG> (Thumb, 0 bytes, Stack size 0 bytes, symbol_g15.obj(ABSOLUTE))
<BR><BR>[Called By]<UL><LI><a href="#[b0]">&gt;&gt;</a>&nbsp;&nbsp;&nbsp;rwip_init
</UL>

<P><STRONG><a name="[130]"></a>ke_event_set</STRONG> (Thumb, 0 bytes, Stack size 0 bytes, symbol_g15.obj(ABSOLUTE))
<BR><BR>[Called By]<UL><LI><a href="#[150]">&gt;&gt;</a>&nbsp;&nbsp;&nbsp;ns_sleep
<LI><a href="#[6d]">&gt;&gt;</a>&nbsp;&nbsp;&nbsp;gapc_disconnect_ind_handler
</UL>

<P><STRONG><a name="[10f]"></a>ke_free</STRONG> (Thumb, 0 bytes, Stack size 0 bytes, symbol_g15.obj(ABSOLUTE))
<BR><BR>[Called By]<UL><LI><a href="#[10e]">&gt;&gt;</a>&nbsp;&nbsp;&nbsp;bass_exe_operation
<LI><a href="#[41]">&gt;&gt;</a>&nbsp;&nbsp;&nbsp;diss_set_value_req_handler
<LI><a href="#[3e]">&gt;&gt;</a>&nbsp;&nbsp;&nbsp;diss_destroy
<LI><a href="#[56]">&gt;&gt;</a>&nbsp;&nbsp;&nbsp;hogpd_init
<LI><a href="#[57]">&gt;&gt;</a>&nbsp;&nbsp;&nbsp;hogpd_destroy
<LI><a href="#[4a]">&gt;&gt;</a>&nbsp;&nbsp;&nbsp;bass_init
<LI><a href="#[4b]">&gt;&gt;</a>&nbsp;&nbsp;&nbsp;bass_destroy
</UL>

<P><STRONG><a name="[164]"></a>ke_init</STRONG> (Thumb, 0 bytes, Stack size 0 bytes, symbol_g15.obj(ABSOLUTE))
<BR><BR>[Called By]<UL><LI><a href="#[b0]">&gt;&gt;</a>&nbsp;&nbsp;&nbsp;rwip_init
</UL>

<P><STRONG><a name="[115]"></a>ke_malloc</STRONG> (Thumb, 0 bytes, Stack size 0 bytes, symbol_g15.obj(ABSOLUTE))
<BR><BR>[Called By]<UL><LI><a href="#[41]">&gt;&gt;</a>&nbsp;&nbsp;&nbsp;diss_set_value_req_handler
<LI><a href="#[3d]">&gt;&gt;</a>&nbsp;&nbsp;&nbsp;diss_init
<LI><a href="#[56]">&gt;&gt;</a>&nbsp;&nbsp;&nbsp;hogpd_init
<LI><a href="#[4a]">&gt;&gt;</a>&nbsp;&nbsp;&nbsp;bass_init
</UL>

<P><STRONG><a name="[165]"></a>ke_mem_init</STRONG> (Thumb, 0 bytes, Stack size 0 bytes, symbol_g15.obj(ABSOLUTE))
<BR><BR>[Called By]<UL><LI><a href="#[b0]">&gt;&gt;</a>&nbsp;&nbsp;&nbsp;rwip_init
</UL>

<P><STRONG><a name="[c4]"></a>ke_msg_alloc</STRONG> (Thumb, 0 bytes, Stack size 0 bytes, symbol_g15.obj(ABSOLUTE))
<BR><BR>[Called By]<UL><LI><a href="#[10e]">&gt;&gt;</a>&nbsp;&nbsp;&nbsp;bass_exe_operation
<LI><a href="#[47]">&gt;&gt;</a>&nbsp;&nbsp;&nbsp;gattc_write_req_ind_handler
<LI><a href="#[48]">&gt;&gt;</a>&nbsp;&nbsp;&nbsp;gattc_read_req_ind_handler
<LI><a href="#[46]">&gt;&gt;</a>&nbsp;&nbsp;&nbsp;gattc_att_info_req_ind_handler
<LI><a href="#[44]">&gt;&gt;</a>&nbsp;&nbsp;&nbsp;bass_enable_req_handler
<LI><a href="#[45]">&gt;&gt;</a>&nbsp;&nbsp;&nbsp;bass_batt_level_upd_req_handler
<LI><a href="#[42]">&gt;&gt;</a>&nbsp;&nbsp;&nbsp;gattc_read_req_ind_handler
<LI><a href="#[43]">&gt;&gt;</a>&nbsp;&nbsp;&nbsp;diss_value_cfm_handler
<LI><a href="#[41]">&gt;&gt;</a>&nbsp;&nbsp;&nbsp;diss_set_value_req_handler
<LI><a href="#[100]">&gt;&gt;</a>&nbsp;&nbsp;&nbsp;app_stop_advertising
<LI><a href="#[fe]">&gt;&gt;</a>&nbsp;&nbsp;&nbsp;app_start_advertising
<LI><a href="#[fc]">&gt;&gt;</a>&nbsp;&nbsp;&nbsp;app_set_scan_rsp_data
<LI><a href="#[fb]">&gt;&gt;</a>&nbsp;&nbsp;&nbsp;app_set_adv_data
<LI><a href="#[e1]">&gt;&gt;</a>&nbsp;&nbsp;&nbsp;app_delete_activity
<LI><a href="#[de]">&gt;&gt;</a>&nbsp;&nbsp;&nbsp;app_create_advertising
<LI><a href="#[13b]">&gt;&gt;</a>&nbsp;&nbsp;&nbsp;ns_ble_list_set_ral
<LI><a href="#[e8]">&gt;&gt;</a>&nbsp;&nbsp;&nbsp;ns_ble_disconnect
<LI><a href="#[dc]">&gt;&gt;</a>&nbsp;&nbsp;&nbsp;ns_sec_pincode_respond
<LI><a href="#[13f]">&gt;&gt;</a>&nbsp;&nbsp;&nbsp;ns_bond_resolv_addr_start
<LI><a href="#[5d]">&gt;&gt;</a>&nbsp;&nbsp;&nbsp;gapc_encrypt_req_ind_handler
<LI><a href="#[5b]">&gt;&gt;</a>&nbsp;&nbsp;&nbsp;gapc_bond_req_ind_handler
<LI><a href="#[14b]">&gt;&gt;</a>&nbsp;&nbsp;&nbsp;hogpd_ntf_send
<LI><a href="#[148]">&gt;&gt;</a>&nbsp;&nbsp;&nbsp;hogpd_ntf_cfg_ind_send
<LI><a href="#[4f]">&gt;&gt;</a>&nbsp;&nbsp;&nbsp;hogpd_report_upd_req_handler
<LI><a href="#[50]">&gt;&gt;</a>&nbsp;&nbsp;&nbsp;hogpd_report_cfm_handler
<LI><a href="#[51]">&gt;&gt;</a>&nbsp;&nbsp;&nbsp;hogpd_proto_mode_cfm_handler
<LI><a href="#[4e]">&gt;&gt;</a>&nbsp;&nbsp;&nbsp;hogpd_enable_req_handler
<LI><a href="#[53]">&gt;&gt;</a>&nbsp;&nbsp;&nbsp;gattc_write_req_ind_handler
<LI><a href="#[54]">&gt;&gt;</a>&nbsp;&nbsp;&nbsp;gattc_read_req_ind_handler
<LI><a href="#[55]">&gt;&gt;</a>&nbsp;&nbsp;&nbsp;gattc_cmp_evt_handler
<LI><a href="#[52]">&gt;&gt;</a>&nbsp;&nbsp;&nbsp;gattc_att_info_req_ind_handler
<LI><a href="#[111]">&gt;&gt;</a>&nbsp;&nbsp;&nbsp;bass_notify_batt_lvl
<LI><a href="#[ea]">&gt;&gt;</a>&nbsp;&nbsp;&nbsp;app_hid_send_mouse_report
<LI><a href="#[e9]">&gt;&gt;</a>&nbsp;&nbsp;&nbsp;app_hid_send_keyboard_report
<LI><a href="#[7e]">&gt;&gt;</a>&nbsp;&nbsp;&nbsp;hogpd_report_req_ind_handler
<LI><a href="#[7f]">&gt;&gt;</a>&nbsp;&nbsp;&nbsp;hogpd_proto_mode_req_ind_handler
<LI><a href="#[80]">&gt;&gt;</a>&nbsp;&nbsp;&nbsp;hogpd_ctnl_pt_ind_handler
<LI><a href="#[77]">&gt;&gt;</a>&nbsp;&nbsp;&nbsp;diss_value_req_ind_handler
<LI><a href="#[d8]">&gt;&gt;</a>&nbsp;&nbsp;&nbsp;app_hid_enable_prf
<LI><a href="#[33]">&gt;&gt;</a>&nbsp;&nbsp;&nbsp;app_hid_add_hids
<LI><a href="#[31]">&gt;&gt;</a>&nbsp;&nbsp;&nbsp;app_dis_add_dis
<LI><a href="#[c7]">&gt;&gt;</a>&nbsp;&nbsp;&nbsp;app_batt_enable_prf
<LI><a href="#[32]">&gt;&gt;</a>&nbsp;&nbsp;&nbsp;app_batt_add_bas
<LI><a href="#[e4]">&gt;&gt;</a>&nbsp;&nbsp;&nbsp;ns_timer_api_process_handler
<LI><a href="#[64]">&gt;&gt;</a>&nbsp;&nbsp;&nbsp;gapm_cmp_evt_handler
<LI><a href="#[70]">&gt;&gt;</a>&nbsp;&nbsp;&nbsp;gapc_set_dev_info_req_ind_handler
<LI><a href="#[6a]">&gt;&gt;</a>&nbsp;&nbsp;&nbsp;gapc_param_update_req_ind_handler
<LI><a href="#[6e]">&gt;&gt;</a>&nbsp;&nbsp;&nbsp;gapc_get_dev_info_req_ind_handler
<LI><a href="#[69]">&gt;&gt;</a>&nbsp;&nbsp;&nbsp;gapc_connection_req_ind_handler
<LI><a href="#[72]">&gt;&gt;</a>&nbsp;&nbsp;&nbsp;gapc_conn_rssi_ind_handler
<LI><a href="#[dd]">&gt;&gt;</a>&nbsp;&nbsp;&nbsp;ns_ble_update_param
<LI><a href="#[142]">&gt;&gt;</a>&nbsp;&nbsp;&nbsp;ns_ble_stop_scan
<LI><a href="#[ed]">&gt;&gt;</a>&nbsp;&nbsp;&nbsp;ns_ble_stop_init
<LI><a href="#[13d]">&gt;&gt;</a>&nbsp;&nbsp;&nbsp;ns_ble_start_scan
<LI><a href="#[140]">&gt;&gt;</a>&nbsp;&nbsp;&nbsp;ns_ble_start_init
<LI><a href="#[d4]">&gt;&gt;</a>&nbsp;&nbsp;&nbsp;ns_ble_stack_init
<LI><a href="#[135]">&gt;&gt;</a>&nbsp;&nbsp;&nbsp;ns_ble_delete_scan
<LI><a href="#[136]">&gt;&gt;</a>&nbsp;&nbsp;&nbsp;ns_ble_delete_init
<LI><a href="#[153]">&gt;&gt;</a>&nbsp;&nbsp;&nbsp;ns_ble_create_scan
<LI><a href="#[152]">&gt;&gt;</a>&nbsp;&nbsp;&nbsp;ns_ble_create_init
<LI><a href="#[eb]">&gt;&gt;</a>&nbsp;&nbsp;&nbsp;app_hid_send_multitouch
</UL>

<P><STRONG><a name="[12c]"></a>ke_msg_free</STRONG> (Thumb, 0 bytes, Stack size 0 bytes, symbol_g15.obj(ABSOLUTE))
<BR><BR>[Called By]<UL><LI><a href="#[5b]">&gt;&gt;</a>&nbsp;&nbsp;&nbsp;gapc_bond_req_ind_handler
</UL>

<P><STRONG><a name="[c5]"></a>ke_msg_send</STRONG> (Thumb, 0 bytes, Stack size 0 bytes, symbol_g15.obj(ABSOLUTE))
<BR><BR>[Called By]<UL><LI><a href="#[10e]">&gt;&gt;</a>&nbsp;&nbsp;&nbsp;bass_exe_operation
<LI><a href="#[47]">&gt;&gt;</a>&nbsp;&nbsp;&nbsp;gattc_write_req_ind_handler
<LI><a href="#[48]">&gt;&gt;</a>&nbsp;&nbsp;&nbsp;gattc_read_req_ind_handler
<LI><a href="#[46]">&gt;&gt;</a>&nbsp;&nbsp;&nbsp;gattc_att_info_req_ind_handler
<LI><a href="#[44]">&gt;&gt;</a>&nbsp;&nbsp;&nbsp;bass_enable_req_handler
<LI><a href="#[45]">&gt;&gt;</a>&nbsp;&nbsp;&nbsp;bass_batt_level_upd_req_handler
<LI><a href="#[42]">&gt;&gt;</a>&nbsp;&nbsp;&nbsp;gattc_read_req_ind_handler
<LI><a href="#[43]">&gt;&gt;</a>&nbsp;&nbsp;&nbsp;diss_value_cfm_handler
<LI><a href="#[41]">&gt;&gt;</a>&nbsp;&nbsp;&nbsp;diss_set_value_req_handler
<LI><a href="#[100]">&gt;&gt;</a>&nbsp;&nbsp;&nbsp;app_stop_advertising
<LI><a href="#[fe]">&gt;&gt;</a>&nbsp;&nbsp;&nbsp;app_start_advertising
<LI><a href="#[fc]">&gt;&gt;</a>&nbsp;&nbsp;&nbsp;app_set_scan_rsp_data
<LI><a href="#[fb]">&gt;&gt;</a>&nbsp;&nbsp;&nbsp;app_set_adv_data
<LI><a href="#[e1]">&gt;&gt;</a>&nbsp;&nbsp;&nbsp;app_delete_activity
<LI><a href="#[de]">&gt;&gt;</a>&nbsp;&nbsp;&nbsp;app_create_advertising
<LI><a href="#[13b]">&gt;&gt;</a>&nbsp;&nbsp;&nbsp;ns_ble_list_set_ral
<LI><a href="#[e8]">&gt;&gt;</a>&nbsp;&nbsp;&nbsp;ns_ble_disconnect
<LI><a href="#[dc]">&gt;&gt;</a>&nbsp;&nbsp;&nbsp;ns_sec_pincode_respond
<LI><a href="#[13f]">&gt;&gt;</a>&nbsp;&nbsp;&nbsp;ns_bond_resolv_addr_start
<LI><a href="#[5d]">&gt;&gt;</a>&nbsp;&nbsp;&nbsp;gapc_encrypt_req_ind_handler
<LI><a href="#[5b]">&gt;&gt;</a>&nbsp;&nbsp;&nbsp;gapc_bond_req_ind_handler
<LI><a href="#[14b]">&gt;&gt;</a>&nbsp;&nbsp;&nbsp;hogpd_ntf_send
<LI><a href="#[148]">&gt;&gt;</a>&nbsp;&nbsp;&nbsp;hogpd_ntf_cfg_ind_send
<LI><a href="#[4f]">&gt;&gt;</a>&nbsp;&nbsp;&nbsp;hogpd_report_upd_req_handler
<LI><a href="#[50]">&gt;&gt;</a>&nbsp;&nbsp;&nbsp;hogpd_report_cfm_handler
<LI><a href="#[51]">&gt;&gt;</a>&nbsp;&nbsp;&nbsp;hogpd_proto_mode_cfm_handler
<LI><a href="#[4e]">&gt;&gt;</a>&nbsp;&nbsp;&nbsp;hogpd_enable_req_handler
<LI><a href="#[53]">&gt;&gt;</a>&nbsp;&nbsp;&nbsp;gattc_write_req_ind_handler
<LI><a href="#[54]">&gt;&gt;</a>&nbsp;&nbsp;&nbsp;gattc_read_req_ind_handler
<LI><a href="#[55]">&gt;&gt;</a>&nbsp;&nbsp;&nbsp;gattc_cmp_evt_handler
<LI><a href="#[52]">&gt;&gt;</a>&nbsp;&nbsp;&nbsp;gattc_att_info_req_ind_handler
<LI><a href="#[111]">&gt;&gt;</a>&nbsp;&nbsp;&nbsp;bass_notify_batt_lvl
<LI><a href="#[ea]">&gt;&gt;</a>&nbsp;&nbsp;&nbsp;app_hid_send_mouse_report
<LI><a href="#[e9]">&gt;&gt;</a>&nbsp;&nbsp;&nbsp;app_hid_send_keyboard_report
<LI><a href="#[7e]">&gt;&gt;</a>&nbsp;&nbsp;&nbsp;hogpd_report_req_ind_handler
<LI><a href="#[7f]">&gt;&gt;</a>&nbsp;&nbsp;&nbsp;hogpd_proto_mode_req_ind_handler
<LI><a href="#[80]">&gt;&gt;</a>&nbsp;&nbsp;&nbsp;hogpd_ctnl_pt_ind_handler
<LI><a href="#[77]">&gt;&gt;</a>&nbsp;&nbsp;&nbsp;diss_value_req_ind_handler
<LI><a href="#[d8]">&gt;&gt;</a>&nbsp;&nbsp;&nbsp;app_hid_enable_prf
<LI><a href="#[33]">&gt;&gt;</a>&nbsp;&nbsp;&nbsp;app_hid_add_hids
<LI><a href="#[31]">&gt;&gt;</a>&nbsp;&nbsp;&nbsp;app_dis_add_dis
<LI><a href="#[c7]">&gt;&gt;</a>&nbsp;&nbsp;&nbsp;app_batt_enable_prf
<LI><a href="#[32]">&gt;&gt;</a>&nbsp;&nbsp;&nbsp;app_batt_add_bas
<LI><a href="#[e4]">&gt;&gt;</a>&nbsp;&nbsp;&nbsp;ns_timer_api_process_handler
<LI><a href="#[64]">&gt;&gt;</a>&nbsp;&nbsp;&nbsp;gapm_cmp_evt_handler
<LI><a href="#[70]">&gt;&gt;</a>&nbsp;&nbsp;&nbsp;gapc_set_dev_info_req_ind_handler
<LI><a href="#[6a]">&gt;&gt;</a>&nbsp;&nbsp;&nbsp;gapc_param_update_req_ind_handler
<LI><a href="#[6e]">&gt;&gt;</a>&nbsp;&nbsp;&nbsp;gapc_get_dev_info_req_ind_handler
<LI><a href="#[69]">&gt;&gt;</a>&nbsp;&nbsp;&nbsp;gapc_connection_req_ind_handler
<LI><a href="#[72]">&gt;&gt;</a>&nbsp;&nbsp;&nbsp;gapc_conn_rssi_ind_handler
<LI><a href="#[dd]">&gt;&gt;</a>&nbsp;&nbsp;&nbsp;ns_ble_update_param
<LI><a href="#[142]">&gt;&gt;</a>&nbsp;&nbsp;&nbsp;ns_ble_stop_scan
<LI><a href="#[ed]">&gt;&gt;</a>&nbsp;&nbsp;&nbsp;ns_ble_stop_init
<LI><a href="#[13d]">&gt;&gt;</a>&nbsp;&nbsp;&nbsp;ns_ble_start_scan
<LI><a href="#[140]">&gt;&gt;</a>&nbsp;&nbsp;&nbsp;ns_ble_start_init
<LI><a href="#[d4]">&gt;&gt;</a>&nbsp;&nbsp;&nbsp;ns_ble_stack_init
<LI><a href="#[135]">&gt;&gt;</a>&nbsp;&nbsp;&nbsp;ns_ble_delete_scan
<LI><a href="#[136]">&gt;&gt;</a>&nbsp;&nbsp;&nbsp;ns_ble_delete_init
<LI><a href="#[153]">&gt;&gt;</a>&nbsp;&nbsp;&nbsp;ns_ble_create_scan
<LI><a href="#[152]">&gt;&gt;</a>&nbsp;&nbsp;&nbsp;ns_ble_create_init
<LI><a href="#[eb]">&gt;&gt;</a>&nbsp;&nbsp;&nbsp;app_hid_send_multitouch
</UL>

<P><STRONG><a name="[9e]"></a>ke_msg_send_basic</STRONG> (Thumb, 0 bytes, Stack size 0 bytes, symbol_g15.obj(ABSOLUTE))
<BR><BR>[Called By]<UL><LI><a href="#[69]">&gt;&gt;</a>&nbsp;&nbsp;&nbsp;gapc_connection_req_ind_handler
<LI><a href="#[e]">&gt;&gt;</a>&nbsp;&nbsp;&nbsp;EXTI4_12_IRQHandler
</UL>

<P><STRONG><a name="[16f]"></a>ke_sleep_check</STRONG> (Thumb, 0 bytes, Stack size 0 bytes, symbol_g15.obj(ABSOLUTE))
<BR><BR>[Called By]<UL><LI><a href="#[160]">&gt;&gt;</a>&nbsp;&nbsp;&nbsp;rwip_sleep
</UL>

<P><STRONG><a name="[e2]"></a>ke_state_get</STRONG> (Thumb, 0 bytes, Stack size 0 bytes, symbol_g15.obj(ABSOLUTE))
<BR><BR>[Called By]<UL><LI><a href="#[44]">&gt;&gt;</a>&nbsp;&nbsp;&nbsp;bass_enable_req_handler
<LI><a href="#[45]">&gt;&gt;</a>&nbsp;&nbsp;&nbsp;bass_batt_level_upd_req_handler
<LI><a href="#[42]">&gt;&gt;</a>&nbsp;&nbsp;&nbsp;gattc_read_req_ind_handler
<LI><a href="#[43]">&gt;&gt;</a>&nbsp;&nbsp;&nbsp;diss_value_cfm_handler
<LI><a href="#[e1]">&gt;&gt;</a>&nbsp;&nbsp;&nbsp;app_delete_activity
<LI><a href="#[4f]">&gt;&gt;</a>&nbsp;&nbsp;&nbsp;hogpd_report_upd_req_handler
<LI><a href="#[50]">&gt;&gt;</a>&nbsp;&nbsp;&nbsp;hogpd_report_cfm_handler
<LI><a href="#[51]">&gt;&gt;</a>&nbsp;&nbsp;&nbsp;hogpd_proto_mode_cfm_handler
<LI><a href="#[53]">&gt;&gt;</a>&nbsp;&nbsp;&nbsp;gattc_write_req_ind_handler
<LI><a href="#[54]">&gt;&gt;</a>&nbsp;&nbsp;&nbsp;gattc_read_req_ind_handler
<LI><a href="#[55]">&gt;&gt;</a>&nbsp;&nbsp;&nbsp;gattc_cmp_evt_handler
<LI><a href="#[65]">&gt;&gt;</a>&nbsp;&nbsp;&nbsp;gapm_profile_added_ind_handler
<LI><a href="#[72]">&gt;&gt;</a>&nbsp;&nbsp;&nbsp;gapc_conn_rssi_ind_handler
</UL>

<P><STRONG><a name="[10d]"></a>ke_state_set</STRONG> (Thumb, 0 bytes, Stack size 0 bytes, symbol_g15.obj(ABSOLUTE))
<BR><BR>[Called By]<UL><LI><a href="#[10e]">&gt;&gt;</a>&nbsp;&nbsp;&nbsp;bass_exe_operation
<LI><a href="#[44]">&gt;&gt;</a>&nbsp;&nbsp;&nbsp;bass_enable_req_handler
<LI><a href="#[45]">&gt;&gt;</a>&nbsp;&nbsp;&nbsp;bass_batt_level_upd_req_handler
<LI><a href="#[42]">&gt;&gt;</a>&nbsp;&nbsp;&nbsp;gattc_read_req_ind_handler
<LI><a href="#[43]">&gt;&gt;</a>&nbsp;&nbsp;&nbsp;diss_value_cfm_handler
<LI><a href="#[3d]">&gt;&gt;</a>&nbsp;&nbsp;&nbsp;diss_init
<LI><a href="#[56]">&gt;&gt;</a>&nbsp;&nbsp;&nbsp;hogpd_init
<LI><a href="#[4f]">&gt;&gt;</a>&nbsp;&nbsp;&nbsp;hogpd_report_upd_req_handler
<LI><a href="#[50]">&gt;&gt;</a>&nbsp;&nbsp;&nbsp;hogpd_report_cfm_handler
<LI><a href="#[51]">&gt;&gt;</a>&nbsp;&nbsp;&nbsp;hogpd_proto_mode_cfm_handler
<LI><a href="#[53]">&gt;&gt;</a>&nbsp;&nbsp;&nbsp;gattc_write_req_ind_handler
<LI><a href="#[54]">&gt;&gt;</a>&nbsp;&nbsp;&nbsp;gattc_read_req_ind_handler
<LI><a href="#[55]">&gt;&gt;</a>&nbsp;&nbsp;&nbsp;gattc_cmp_evt_handler
<LI><a href="#[4a]">&gt;&gt;</a>&nbsp;&nbsp;&nbsp;bass_init
<LI><a href="#[64]">&gt;&gt;</a>&nbsp;&nbsp;&nbsp;gapm_cmp_evt_handler
<LI><a href="#[6d]">&gt;&gt;</a>&nbsp;&nbsp;&nbsp;gapc_disconnect_ind_handler
<LI><a href="#[69]">&gt;&gt;</a>&nbsp;&nbsp;&nbsp;gapc_connection_req_ind_handler
<LI><a href="#[d4]">&gt;&gt;</a>&nbsp;&nbsp;&nbsp;ns_ble_stack_init
</UL>

<P><STRONG><a name="[156]"></a>ke_task_create</STRONG> (Thumb, 0 bytes, Stack size 0 bytes, symbol_g15.obj(ABSOLUTE))
<BR><BR>[Called By]<UL><LI><a href="#[138]">&gt;&gt;</a>&nbsp;&nbsp;&nbsp;prf_init
<LI><a href="#[d4]">&gt;&gt;</a>&nbsp;&nbsp;&nbsp;ns_ble_stack_init
</UL>

<P><STRONG><a name="[162]"></a>ke_task_delete</STRONG> (Thumb, 0 bytes, Stack size 0 bytes, symbol_g15.obj(ABSOLUTE))
<BR><BR>[Called By]<UL><LI><a href="#[138]">&gt;&gt;</a>&nbsp;&nbsp;&nbsp;prf_init
</UL>

<P><STRONG><a name="[163]"></a>ke_task_msg_flush</STRONG> (Thumb, 0 bytes, Stack size 0 bytes, symbol_g15.obj(ABSOLUTE))
<BR><BR>[Called By]<UL><LI><a href="#[138]">&gt;&gt;</a>&nbsp;&nbsp;&nbsp;prf_init
</UL>

<P><STRONG><a name="[12e]"></a>ke_timer_clear</STRONG> (Thumb, 0 bytes, Stack size 0 bytes, symbol_g15.obj(ABSOLUTE))
<BR><BR>[Called By]<UL><LI><a href="#[69]">&gt;&gt;</a>&nbsp;&nbsp;&nbsp;gapc_connection_req_ind_handler
</UL>

<P><STRONG><a name="[db]"></a>ke_timer_set</STRONG> (Thumb, 0 bytes, Stack size 0 bytes, symbol_g15.obj(ABSOLUTE))
<BR><BR>[Called By]<UL><LI><a href="#[76]">&gt;&gt;</a>&nbsp;&nbsp;&nbsp;ns_sec_bond_store_evt_handler
<LI><a href="#[5c]">&gt;&gt;</a>&nbsp;&nbsp;&nbsp;gapc_bond_ind_handler
<LI><a href="#[ea]">&gt;&gt;</a>&nbsp;&nbsp;&nbsp;app_hid_send_mouse_report
<LI><a href="#[e9]">&gt;&gt;</a>&nbsp;&nbsp;&nbsp;app_hid_send_keyboard_report
<LI><a href="#[e7]">&gt;&gt;</a>&nbsp;&nbsp;&nbsp;app_hid_mouse_timeout_timer_handler
<LI><a href="#[34]">&gt;&gt;</a>&nbsp;&nbsp;&nbsp;app_ble_sec_msg_handler
<LI><a href="#[f3]">&gt;&gt;</a>&nbsp;&nbsp;&nbsp;ns_timer_create
<LI><a href="#[e4]">&gt;&gt;</a>&nbsp;&nbsp;&nbsp;ns_timer_api_process_handler
<LI><a href="#[69]">&gt;&gt;</a>&nbsp;&nbsp;&nbsp;gapc_connection_req_ind_handler
<LI><a href="#[72]">&gt;&gt;</a>&nbsp;&nbsp;&nbsp;gapc_conn_rssi_ind_handler
<LI><a href="#[73]">&gt;&gt;</a>&nbsp;&nbsp;&nbsp;app_lsi_calib_evt_handler
<LI><a href="#[139]">&gt;&gt;</a>&nbsp;&nbsp;&nbsp;ns_peripheral_config
<LI><a href="#[140]">&gt;&gt;</a>&nbsp;&nbsp;&nbsp;ns_ble_start_init
</UL>

<P><STRONG><a name="[166]"></a>rf_init</STRONG> (Thumb, 0 bytes, Stack size 0 bytes, symbol_g15.obj(ABSOLUTE))
<BR><BR>[Called By]<UL><LI><a href="#[b0]">&gt;&gt;</a>&nbsp;&nbsp;&nbsp;rwip_init
</UL>

<P><STRONG><a name="[16c]"></a>rwble_hl_init</STRONG> (Thumb, 0 bytes, Stack size 0 bytes, symbol_g15.obj(ABSOLUTE))
<BR><BR>[Called By]<UL><LI><a href="#[b0]">&gt;&gt;</a>&nbsp;&nbsp;&nbsp;rwip_init
</UL>

<P><STRONG><a name="[16d]"></a>rwble_init</STRONG> (Thumb, 0 bytes, Stack size 0 bytes, symbol_g15.obj(ABSOLUTE))
<BR><BR>[Called By]<UL><LI><a href="#[b0]">&gt;&gt;</a>&nbsp;&nbsp;&nbsp;rwip_init
</UL>

<P><STRONG><a name="[16e]"></a>rwip_driver_init</STRONG> (Thumb, 0 bytes, Stack size 0 bytes, symbol_g15.obj(ABSOLUTE))
<BR><BR>[Called By]<UL><LI><a href="#[b0]">&gt;&gt;</a>&nbsp;&nbsp;&nbsp;rwip_init
</UL>

<P><STRONG><a name="[168]"></a>rwip_eif_get</STRONG> (Thumb, 0 bytes, Stack size 0 bytes, symbol_g15.obj(ABSOLUTE))
<BR><BR>[Called By]<UL><LI><a href="#[b0]">&gt;&gt;</a>&nbsp;&nbsp;&nbsp;rwip_init
</UL>

<P><STRONG><a name="[173]"></a>rwip_prevent_sleep_clear</STRONG> (Thumb, 0 bytes, Stack size 0 bytes, symbol_g15.obj(ABSOLUTE))
<BR><BR>[Called By]<UL><LI><a href="#[172]">&gt;&gt;</a>&nbsp;&nbsp;&nbsp;rwip_wakeup
</UL>

<P><STRONG><a name="[171]"></a>rwip_prevent_sleep_set</STRONG> (Thumb, 0 bytes, Stack size 0 bytes, symbol_g15.obj(ABSOLUTE))
<BR><BR>[Called By]<UL><LI><a href="#[160]">&gt;&gt;</a>&nbsp;&nbsp;&nbsp;rwip_sleep
<LI><a href="#[172]">&gt;&gt;</a>&nbsp;&nbsp;&nbsp;rwip_wakeup
</UL>

<P><STRONG><a name="[14f]"></a>rwip_schedule</STRONG> (Thumb, 0 bytes, Stack size 0 bytes, symbol_g15.obj(ABSOLUTE))
<BR><BR>[Called By]<UL><LI><a href="#[26]">&gt;&gt;</a>&nbsp;&nbsp;&nbsp;main
</UL>

<P><STRONG><a name="[12a]"></a>rwip_time_get</STRONG> (Thumb, 0 bytes, Stack size 0 bytes, symbol_g15.obj(ABSOLUTE))
<BR><BR>[Called By]<UL><LI><a href="#[160]">&gt;&gt;</a>&nbsp;&nbsp;&nbsp;rwip_sleep
<LI><a href="#[76]">&gt;&gt;</a>&nbsp;&nbsp;&nbsp;ns_sec_bond_store_evt_handler
<LI><a href="#[5b]">&gt;&gt;</a>&nbsp;&nbsp;&nbsp;gapc_bond_req_ind_handler
<LI><a href="#[150]">&gt;&gt;</a>&nbsp;&nbsp;&nbsp;ns_sleep
<LI><a href="#[139]">&gt;&gt;</a>&nbsp;&nbsp;&nbsp;ns_peripheral_config
</UL>

<P><STRONG><a name="[28]"></a>__main</STRONG> (Thumb, 0 bytes, Stack size unknown bytes, entry.o(.ARM.Collect$$$$00000000))
<BR>[Address Reference Count : 1]<UL><LI> startup_n32wb03x.o(.text)
</UL>
<P><STRONG><a name="[175]"></a>_main_stk</STRONG> (Thumb, 0 bytes, Stack size unknown bytes, entry2.o(.ARM.Collect$$$$00000001))

<P><STRONG><a name="[82]"></a>_main_scatterload</STRONG> (Thumb, 0 bytes, Stack size unknown bytes, entry5.o(.ARM.Collect$$$$00000004))
<BR><BR>[Calls]<UL><LI><a href="#[83]">&gt;&gt;</a>&nbsp;&nbsp;&nbsp;__scatterload
</UL>

<P><STRONG><a name="[9a]"></a>__main_after_scatterload</STRONG> (Thumb, 0 bytes, Stack size unknown bytes, entry5.o(.ARM.Collect$$$$00000004))
<BR><BR>[Called By]<UL><LI><a href="#[83]">&gt;&gt;</a>&nbsp;&nbsp;&nbsp;__scatterload
</UL>

<P><STRONG><a name="[176]"></a>_main_clock</STRONG> (Thumb, 0 bytes, Stack size unknown bytes, entry7b.o(.ARM.Collect$$$$00000008))

<P><STRONG><a name="[177]"></a>_main_cpp_init</STRONG> (Thumb, 0 bytes, Stack size unknown bytes, entry8b.o(.ARM.Collect$$$$0000000A))

<P><STRONG><a name="[178]"></a>_main_init</STRONG> (Thumb, 0 bytes, Stack size unknown bytes, entry9a.o(.ARM.Collect$$$$0000000B))

<P><STRONG><a name="[84]"></a>__rt_lib_shutdown_fini</STRONG> (Thumb, 0 bytes, Stack size unknown bytes, entry12b.o(.ARM.Collect$$$$0000000E))
<BR><BR>[Calls]<UL><LI><a href="#[85]">&gt;&gt;</a>&nbsp;&nbsp;&nbsp;__arm_fini_ (Weak Reference)
</UL>

<P><STRONG><a name="[179]"></a>__rt_final_cpp</STRONG> (Thumb, 0 bytes, Stack size unknown bytes, entry10a.o(.ARM.Collect$$$$0000000F))

<P><STRONG><a name="[17a]"></a>__rt_final_exit</STRONG> (Thumb, 0 bytes, Stack size unknown bytes, entry11a.o(.ARM.Collect$$$$00000011))

<P><STRONG><a name="[17b]"></a>__asm___17_system_n32wb03x_c_f233b82c____REV16</STRONG> (Thumb, 4 bytes, Stack size 0 bytes, system_n32wb03x.o(.emb_text), UNUSED)

<P><STRONG><a name="[17c]"></a>__asm___17_system_n32wb03x_c_f233b82c____REVSH</STRONG> (Thumb, 4 bytes, Stack size 0 bytes, system_n32wb03x.o(.emb_text), UNUSED)

<P><STRONG><a name="[86]"></a>system_delay_cycles</STRONG> (Thumb, 6 bytes, Stack size 0 bytes, system_n32wb03x.o(.emb_text))
<BR><BR>[Calls]<UL><LI><a href="#[86]">&gt;&gt;</a>&nbsp;&nbsp;&nbsp;system_delay_cycles
</UL>
<BR>[Called By]<UL><LI><a href="#[86]">&gt;&gt;</a>&nbsp;&nbsp;&nbsp;system_delay_cycles
<LI><a href="#[b3]">&gt;&gt;</a>&nbsp;&nbsp;&nbsp;RCC_HsiCalib
</UL>

<P><STRONG><a name="[0]"></a>Reset_Handler</STRONG> (Thumb, 8 bytes, Stack size 0 bytes, startup_n32wb03x.o(.text))
<BR>[Address Reference Count : 1]<UL><LI> startup_n32wb03x.o(RESET)
</UL>
<P><STRONG><a name="[1]"></a>NMI_Handler</STRONG> (Thumb, 2 bytes, Stack size 0 bytes, startup_n32wb03x.o(.text))
<BR><BR>[Calls]<UL><LI><a href="#[1]">&gt;&gt;</a>&nbsp;&nbsp;&nbsp;NMI_Handler
</UL>
<BR>[Called By]<UL><LI><a href="#[1]">&gt;&gt;</a>&nbsp;&nbsp;&nbsp;NMI_Handler
</UL>
<BR>[Address Reference Count : 1]<UL><LI> startup_n32wb03x.o(RESET)
</UL>
<P><STRONG><a name="[2]"></a>HardFault_Handler</STRONG> (Thumb, 2 bytes, Stack size 0 bytes, startup_n32wb03x.o(.text))
<BR><BR>[Calls]<UL><LI><a href="#[2]">&gt;&gt;</a>&nbsp;&nbsp;&nbsp;HardFault_Handler
</UL>
<BR>[Called By]<UL><LI><a href="#[2]">&gt;&gt;</a>&nbsp;&nbsp;&nbsp;HardFault_Handler
</UL>
<BR>[Address Reference Count : 1]<UL><LI> startup_n32wb03x.o(RESET)
</UL>
<P><STRONG><a name="[3]"></a>SVC_Handler</STRONG> (Thumb, 2 bytes, Stack size 0 bytes, startup_n32wb03x.o(.text))
<BR><BR>[Calls]<UL><LI><a href="#[3]">&gt;&gt;</a>&nbsp;&nbsp;&nbsp;SVC_Handler
</UL>
<BR>[Called By]<UL><LI><a href="#[3]">&gt;&gt;</a>&nbsp;&nbsp;&nbsp;SVC_Handler
</UL>
<BR>[Address Reference Count : 1]<UL><LI> startup_n32wb03x.o(RESET)
</UL>
<P><STRONG><a name="[4]"></a>PendSV_Handler</STRONG> (Thumb, 2 bytes, Stack size 0 bytes, startup_n32wb03x.o(.text))
<BR><BR>[Calls]<UL><LI><a href="#[4]">&gt;&gt;</a>&nbsp;&nbsp;&nbsp;PendSV_Handler
</UL>
<BR>[Called By]<UL><LI><a href="#[4]">&gt;&gt;</a>&nbsp;&nbsp;&nbsp;PendSV_Handler
</UL>
<BR>[Address Reference Count : 1]<UL><LI> startup_n32wb03x.o(RESET)
</UL>
<P><STRONG><a name="[5]"></a>SysTick_Handler</STRONG> (Thumb, 2 bytes, Stack size 0 bytes, startup_n32wb03x.o(.text))
<BR><BR>[Calls]<UL><LI><a href="#[5]">&gt;&gt;</a>&nbsp;&nbsp;&nbsp;SysTick_Handler
</UL>
<BR>[Called By]<UL><LI><a href="#[5]">&gt;&gt;</a>&nbsp;&nbsp;&nbsp;SysTick_Handler
</UL>
<BR>[Address Reference Count : 1]<UL><LI> startup_n32wb03x.o(RESET)
</UL>
<P><STRONG><a name="[1b]"></a>ADC_IRQHandler</STRONG> (Thumb, 0 bytes, Stack size 0 bytes, startup_n32wb03x.o(.text))
<BR><BR>[Calls]<UL><LI><a href="#[1b]">&gt;&gt;</a>&nbsp;&nbsp;&nbsp;ADC_IRQHandler
</UL>
<BR>[Called By]<UL><LI><a href="#[1b]">&gt;&gt;</a>&nbsp;&nbsp;&nbsp;ADC_IRQHandler
</UL>
<BR>[Address Reference Count : 1]<UL><LI> startup_n32wb03x.o(RESET)
</UL>
<P><STRONG><a name="[18]"></a>BLE_CRYPT_IRQHandler</STRONG> (Thumb, 0 bytes, Stack size 0 bytes, startup_n32wb03x.o(.text))
<BR>[Address Reference Count : 1]<UL><LI> startup_n32wb03x.o(RESET)
</UL>
<P><STRONG><a name="[17]"></a>BLE_ERROR_IRQHandler</STRONG> (Thumb, 0 bytes, Stack size 0 bytes, startup_n32wb03x.o(.text))
<BR>[Address Reference Count : 1]<UL><LI> startup_n32wb03x.o(RESET)
</UL>
<P><STRONG><a name="[10]"></a>BLE_FIFO_IRQHandler</STRONG> (Thumb, 0 bytes, Stack size 0 bytes, startup_n32wb03x.o(.text))
<BR>[Address Reference Count : 1]<UL><LI> startup_n32wb03x.o(RESET)
</UL>
<P><STRONG><a name="[f]"></a>BLE_FINETGT_IRQHandler</STRONG> (Thumb, 0 bytes, Stack size 0 bytes, startup_n32wb03x.o(.text))
<BR>[Address Reference Count : 1]<UL><LI> startup_n32wb03x.o(RESET)
</UL>
<P><STRONG><a name="[9]"></a>BLE_HSLOT_IRQHandler</STRONG> (Thumb, 0 bytes, Stack size 0 bytes, startup_n32wb03x.o(.text))
<BR>[Address Reference Count : 1]<UL><LI> startup_n32wb03x.o(RESET)
</UL>
<P><STRONG><a name="[20]"></a>BLE_SLP_IRQHandler</STRONG> (Thumb, 0 bytes, Stack size 0 bytes, startup_n32wb03x.o(.text))
<BR>[Address Reference Count : 1]<UL><LI> startup_n32wb03x.o(RESET)
</UL>
<P><STRONG><a name="[7]"></a>BLE_SW_IRQHandler</STRONG> (Thumb, 0 bytes, Stack size 0 bytes, startup_n32wb03x.o(.text))
<BR>[Address Reference Count : 1]<UL><LI> startup_n32wb03x.o(RESET)
</UL>
<P><STRONG><a name="[19]"></a>BLE_TIMESTAMP_TGT1_IRQHandler</STRONG> (Thumb, 0 bytes, Stack size 0 bytes, startup_n32wb03x.o(.text))
<BR>[Address Reference Count : 1]<UL><LI> startup_n32wb03x.o(RESET)
</UL>
<P><STRONG><a name="[1e]"></a>BLE_TIMESTAMP_TGT2_IRQHandler</STRONG> (Thumb, 0 bytes, Stack size 0 bytes, startup_n32wb03x.o(.text))
<BR>[Address Reference Count : 1]<UL><LI> startup_n32wb03x.o(RESET)
</UL>
<P><STRONG><a name="[11]"></a>DMA_Channel1_2_3_4_IRQHandler</STRONG> (Thumb, 0 bytes, Stack size 0 bytes, startup_n32wb03x.o(.text))
<BR>[Address Reference Count : 1]<UL><LI> startup_n32wb03x.o(RESET)
</UL>
<P><STRONG><a name="[12]"></a>DMA_Channel5_IRQHandler</STRONG> (Thumb, 0 bytes, Stack size 0 bytes, startup_n32wb03x.o(.text))
<BR>[Address Reference Count : 1]<UL><LI> startup_n32wb03x.o(RESET)
</UL>
<P><STRONG><a name="[c]"></a>EXTI0_1_IRQHandler</STRONG> (Thumb, 0 bytes, Stack size 0 bytes, startup_n32wb03x.o(.text))
<BR>[Address Reference Count : 1]<UL><LI> startup_n32wb03x.o(RESET)
</UL>
<P><STRONG><a name="[d]"></a>EXTI2_3_IRQHandler</STRONG> (Thumb, 0 bytes, Stack size 0 bytes, startup_n32wb03x.o(.text))
<BR>[Address Reference Count : 1]<UL><LI> startup_n32wb03x.o(RESET)
</UL>
<P><STRONG><a name="[a]"></a>FLASH_IRQHandler</STRONG> (Thumb, 0 bytes, Stack size 0 bytes, startup_n32wb03x.o(.text))
<BR>[Address Reference Count : 1]<UL><LI> startup_n32wb03x.o(RESET)
</UL>
<P><STRONG><a name="[1d]"></a>I2C1_IRQHandler</STRONG> (Thumb, 0 bytes, Stack size 0 bytes, startup_n32wb03x.o(.text))
<BR>[Address Reference Count : 1]<UL><LI> startup_n32wb03x.o(RESET)
</UL>
<P><STRONG><a name="[25]"></a>IRC_IRQHandler</STRONG> (Thumb, 0 bytes, Stack size 0 bytes, startup_n32wb03x.o(.text))
<BR>[Address Reference Count : 1]<UL><LI> startup_n32wb03x.o(RESET)
</UL>
<P><STRONG><a name="[21]"></a>KEYSCAN_IRQHandler</STRONG> (Thumb, 0 bytes, Stack size 0 bytes, startup_n32wb03x.o(.text))
<BR>[Address Reference Count : 1]<UL><LI> startup_n32wb03x.o(RESET)
</UL>
<P><STRONG><a name="[23]"></a>LPUART1_IRQHandler</STRONG> (Thumb, 0 bytes, Stack size 0 bytes, startup_n32wb03x.o(.text))
<BR>[Address Reference Count : 1]<UL><LI> startup_n32wb03x.o(RESET)
</UL>
<P><STRONG><a name="[b]"></a>RCC_IRQHandler</STRONG> (Thumb, 0 bytes, Stack size 0 bytes, startup_n32wb03x.o(.text))
<BR>[Address Reference Count : 1]<UL><LI> startup_n32wb03x.o(RESET)
</UL>
<P><STRONG><a name="[15]"></a>RESERVED_IRQHandler</STRONG> (Thumb, 0 bytes, Stack size 0 bytes, startup_n32wb03x.o(.text))
<BR>[Address Reference Count : 1]<UL><LI> startup_n32wb03x.o(RESET)
</UL>
<P><STRONG><a name="[8]"></a>RTC_IRQHandler</STRONG> (Thumb, 0 bytes, Stack size 0 bytes, startup_n32wb03x.o(.text))
<BR>[Address Reference Count : 1]<UL><LI> startup_n32wb03x.o(RESET)
</UL>
<P><STRONG><a name="[1f]"></a>SPI1_IRQHandler</STRONG> (Thumb, 0 bytes, Stack size 0 bytes, startup_n32wb03x.o(.text))
<BR>[Address Reference Count : 1]<UL><LI> startup_n32wb03x.o(RESET)
</UL>
<P><STRONG><a name="[1c]"></a>SPI2_IRQHandler</STRONG> (Thumb, 0 bytes, Stack size 0 bytes, startup_n32wb03x.o(.text))
<BR>[Address Reference Count : 1]<UL><LI> startup_n32wb03x.o(RESET)
</UL>
<P><STRONG><a name="[13]"></a>TIM1_BRK_UP_TRG_COM_IRQHandler</STRONG> (Thumb, 0 bytes, Stack size 0 bytes, startup_n32wb03x.o(.text))
<BR>[Address Reference Count : 1]<UL><LI> startup_n32wb03x.o(RESET)
</UL>
<P><STRONG><a name="[14]"></a>TIM1_CC_IRQHandler</STRONG> (Thumb, 0 bytes, Stack size 0 bytes, startup_n32wb03x.o(.text))
<BR>[Address Reference Count : 1]<UL><LI> startup_n32wb03x.o(RESET)
</UL>
<P><STRONG><a name="[16]"></a>TIM3_IRQHandler</STRONG> (Thumb, 0 bytes, Stack size 0 bytes, startup_n32wb03x.o(.text))
<BR>[Address Reference Count : 1]<UL><LI> startup_n32wb03x.o(RESET)
</UL>
<P><STRONG><a name="[1a]"></a>TIM6_IRQHandler</STRONG> (Thumb, 0 bytes, Stack size 0 bytes, startup_n32wb03x.o(.text))
<BR>[Address Reference Count : 1]<UL><LI> startup_n32wb03x.o(RESET)
</UL>
<P><STRONG><a name="[22]"></a>USART1_IRQHandler</STRONG> (Thumb, 0 bytes, Stack size 0 bytes, startup_n32wb03x.o(.text))
<BR>[Address Reference Count : 1]<UL><LI> startup_n32wb03x.o(RESET)
</UL>
<P><STRONG><a name="[24]"></a>USART2_IRQHandler</STRONG> (Thumb, 0 bytes, Stack size 0 bytes, startup_n32wb03x.o(.text))
<BR>[Address Reference Count : 1]<UL><LI> startup_n32wb03x.o(RESET)
</UL>
<P><STRONG><a name="[6]"></a>WWDG_IRQHandler</STRONG> (Thumb, 0 bytes, Stack size 0 bytes, startup_n32wb03x.o(.text))
<BR>[Address Reference Count : 1]<UL><LI> startup_n32wb03x.o(RESET)
</UL>
<P><STRONG><a name="[17d]"></a>__aeabi_uidiv</STRONG> (Thumb, 0 bytes, Stack size 12 bytes, uidiv.o(.text), UNUSED)

<P><STRONG><a name="[88]"></a>__aeabi_uidivmod</STRONG> (Thumb, 44 bytes, Stack size 12 bytes, uidiv.o(.text))
<BR><BR>[Stack]<UL><LI>Max Depth = 12<LI>Call Chain = __aeabi_uidivmod
</UL>
<BR>[Called By]<UL><LI><a href="#[b7]">&gt;&gt;</a>&nbsp;&nbsp;&nbsp;USART_Init
<LI><a href="#[160]">&gt;&gt;</a>&nbsp;&nbsp;&nbsp;rwip_sleep
<LI><a href="#[5b]">&gt;&gt;</a>&nbsp;&nbsp;&nbsp;gapc_bond_req_ind_handler
<LI><a href="#[87]">&gt;&gt;</a>&nbsp;&nbsp;&nbsp;__aeabi_idivmod
<LI><a href="#[f5]">&gt;&gt;</a>&nbsp;&nbsp;&nbsp;app_touchscreen_swipe
<LI><a href="#[f8]">&gt;&gt;</a>&nbsp;&nbsp;&nbsp;app_touchscreen_rotate
<LI><a href="#[f7]">&gt;&gt;</a>&nbsp;&nbsp;&nbsp;app_touchscreen_pinch
</UL>

<P><STRONG><a name="[17e]"></a>__aeabi_idiv</STRONG> (Thumb, 0 bytes, Stack size 16 bytes, idiv.o(.text), UNUSED)

<P><STRONG><a name="[87]"></a>__aeabi_idivmod</STRONG> (Thumb, 40 bytes, Stack size 16 bytes, idiv.o(.text))
<BR><BR>[Stack]<UL><LI>Max Depth = 28<LI>Call Chain = __aeabi_idivmod &rArr; __aeabi_uidivmod
</UL>
<BR>[Calls]<UL><LI><a href="#[88]">&gt;&gt;</a>&nbsp;&nbsp;&nbsp;__aeabi_uidivmod
</UL>
<BR>[Called By]<UL><LI><a href="#[f5]">&gt;&gt;</a>&nbsp;&nbsp;&nbsp;app_touchscreen_swipe
<LI><a href="#[f7]">&gt;&gt;</a>&nbsp;&nbsp;&nbsp;app_touchscreen_pinch
</UL>

<P><STRONG><a name="[89]"></a>__aeabi_uldivmod</STRONG> (Thumb, 96 bytes, Stack size 48 bytes, uldiv.o(.text))
<BR><BR>[Stack]<UL><LI>Max Depth = 56<LI>Call Chain = __aeabi_uldivmod &rArr; __aeabi_llsr
</UL>
<BR>[Calls]<UL><LI><a href="#[8a]">&gt;&gt;</a>&nbsp;&nbsp;&nbsp;__aeabi_llsr
<LI><a href="#[8b]">&gt;&gt;</a>&nbsp;&nbsp;&nbsp;__aeabi_llsl
</UL>
<BR>[Called By]<UL><LI><a href="#[160]">&gt;&gt;</a>&nbsp;&nbsp;&nbsp;rwip_sleep
<LI><a href="#[172]">&gt;&gt;</a>&nbsp;&nbsp;&nbsp;rwip_wakeup
<LI><a href="#[ba]">&gt;&gt;</a>&nbsp;&nbsp;&nbsp;_printf_core
</UL>

<P><STRONG><a name="[12b]"></a>rand</STRONG> (Thumb, 18 bytes, Stack size 0 bytes, rand.o(.text))
<BR><BR>[Called By]<UL><LI><a href="#[5b]">&gt;&gt;</a>&nbsp;&nbsp;&nbsp;gapc_bond_req_ind_handler
</UL>

<P><STRONG><a name="[143]"></a>srand</STRONG> (Thumb, 6 bytes, Stack size 0 bytes, rand.o(.text))
<BR><BR>[Called By]<UL><LI><a href="#[62]">&gt;&gt;</a>&nbsp;&nbsp;&nbsp;gapm_gen_rand_nb_ind_handler
</UL>

<P><STRONG><a name="[b2]"></a>__aeabi_memcpy</STRONG> (Thumb, 36 bytes, Stack size 0 bytes, memcpya.o(.text))
<BR><BR>[Called By]<UL><LI><a href="#[b6]">&gt;&gt;</a>&nbsp;&nbsp;&nbsp;SystemTrimValueRead
<LI><a href="#[b1]">&gt;&gt;</a>&nbsp;&nbsp;&nbsp;Qflash_Init
<LI><a href="#[42]">&gt;&gt;</a>&nbsp;&nbsp;&nbsp;gattc_read_req_ind_handler
<LI><a href="#[43]">&gt;&gt;</a>&nbsp;&nbsp;&nbsp;diss_value_cfm_handler
<LI><a href="#[41]">&gt;&gt;</a>&nbsp;&nbsp;&nbsp;diss_set_value_req_handler
<LI><a href="#[109]">&gt;&gt;</a>&nbsp;&nbsp;&nbsp;attm_att_set_value
<LI><a href="#[fc]">&gt;&gt;</a>&nbsp;&nbsp;&nbsp;app_set_scan_rsp_data
<LI><a href="#[fb]">&gt;&gt;</a>&nbsp;&nbsp;&nbsp;app_set_adv_data
<LI><a href="#[13b]">&gt;&gt;</a>&nbsp;&nbsp;&nbsp;ns_ble_list_set_ral
<LI><a href="#[76]">&gt;&gt;</a>&nbsp;&nbsp;&nbsp;ns_sec_bond_store_evt_handler
<LI><a href="#[137]">&gt;&gt;</a>&nbsp;&nbsp;&nbsp;ns_bond_search_addr_irk
<LI><a href="#[13f]">&gt;&gt;</a>&nbsp;&nbsp;&nbsp;ns_bond_resolv_addr_start
<LI><a href="#[13a]">&gt;&gt;</a>&nbsp;&nbsp;&nbsp;ns_bond_last_bonded_ral_info
<LI><a href="#[e0]">&gt;&gt;</a>&nbsp;&nbsp;&nbsp;ns_bond_last_bonded_peer_id
<LI><a href="#[132]">&gt;&gt;</a>&nbsp;&nbsp;&nbsp;ns_bond_db_load
<LI><a href="#[157]">&gt;&gt;</a>&nbsp;&nbsp;&nbsp;ns_bond_db_add_entry
<LI><a href="#[5d]">&gt;&gt;</a>&nbsp;&nbsp;&nbsp;gapc_encrypt_req_ind_handler
<LI><a href="#[5b]">&gt;&gt;</a>&nbsp;&nbsp;&nbsp;gapc_bond_req_ind_handler
<LI><a href="#[5c]">&gt;&gt;</a>&nbsp;&nbsp;&nbsp;gapc_bond_ind_handler
<LI><a href="#[56]">&gt;&gt;</a>&nbsp;&nbsp;&nbsp;hogpd_init
<LI><a href="#[14b]">&gt;&gt;</a>&nbsp;&nbsp;&nbsp;hogpd_ntf_send
<LI><a href="#[50]">&gt;&gt;</a>&nbsp;&nbsp;&nbsp;hogpd_report_cfm_handler
<LI><a href="#[53]">&gt;&gt;</a>&nbsp;&nbsp;&nbsp;gattc_write_req_ind_handler
<LI><a href="#[54]">&gt;&gt;</a>&nbsp;&nbsp;&nbsp;gattc_read_req_ind_handler
<LI><a href="#[4a]">&gt;&gt;</a>&nbsp;&nbsp;&nbsp;bass_init
<LI><a href="#[ea]">&gt;&gt;</a>&nbsp;&nbsp;&nbsp;app_hid_send_mouse_report
<LI><a href="#[e9]">&gt;&gt;</a>&nbsp;&nbsp;&nbsp;app_hid_send_keyboard_report
<LI><a href="#[7e]">&gt;&gt;</a>&nbsp;&nbsp;&nbsp;hogpd_report_req_ind_handler
<LI><a href="#[77]">&gt;&gt;</a>&nbsp;&nbsp;&nbsp;diss_value_req_ind_handler
<LI><a href="#[d1]">&gt;&gt;</a>&nbsp;&nbsp;&nbsp;app_ble_gap_params_init
<LI><a href="#[62]">&gt;&gt;</a>&nbsp;&nbsp;&nbsp;gapm_gen_rand_nb_ind_handler
<LI><a href="#[64]">&gt;&gt;</a>&nbsp;&nbsp;&nbsp;gapm_cmp_evt_handler
<LI><a href="#[63]">&gt;&gt;</a>&nbsp;&nbsp;&nbsp;gapm_addr_solved_ind_handler
<LI><a href="#[70]">&gt;&gt;</a>&nbsp;&nbsp;&nbsp;gapc_set_dev_info_req_ind_handler
<LI><a href="#[6e]">&gt;&gt;</a>&nbsp;&nbsp;&nbsp;gapc_get_dev_info_req_ind_handler
<LI><a href="#[69]">&gt;&gt;</a>&nbsp;&nbsp;&nbsp;gapc_connection_req_ind_handler
<LI><a href="#[140]">&gt;&gt;</a>&nbsp;&nbsp;&nbsp;ns_ble_start_init
<LI><a href="#[d2]">&gt;&gt;</a>&nbsp;&nbsp;&nbsp;ns_ble_gap_init
<LI><a href="#[eb]">&gt;&gt;</a>&nbsp;&nbsp;&nbsp;app_hid_send_multitouch
<LI><a href="#[f2]">&gt;&gt;</a>&nbsp;&nbsp;&nbsp;build_keyboard_report
</UL>

<P><STRONG><a name="[cc]"></a>__aeabi_memcpy4</STRONG> (Thumb, 0 bytes, Stack size 0 bytes, memcpya.o(.text))
<BR><BR>[Called By]<UL><LI><a href="#[155]">&gt;&gt;</a>&nbsp;&nbsp;&nbsp;ns_ble_stack_vtor_init
<LI><a href="#[da]">&gt;&gt;</a>&nbsp;&nbsp;&nbsp;ns_sec_init
<LI><a href="#[d1]">&gt;&gt;</a>&nbsp;&nbsp;&nbsp;app_ble_gap_params_init
<LI><a href="#[ca]">&gt;&gt;</a>&nbsp;&nbsp;&nbsp;app_ble_adv_init
<LI><a href="#[cd]">&gt;&gt;</a>&nbsp;&nbsp;&nbsp;ns_ble_adv_init
</UL>

<P><STRONG><a name="[17f]"></a>__aeabi_memcpy8</STRONG> (Thumb, 0 bytes, Stack size 0 bytes, memcpya.o(.text), UNUSED)

<P><STRONG><a name="[8d]"></a>__aeabi_memset</STRONG> (Thumb, 14 bytes, Stack size 0 bytes, memseta.o(.text))
<BR><BR>[Called By]<UL><LI><a href="#[8e]">&gt;&gt;</a>&nbsp;&nbsp;&nbsp;_memset$wrapper
<LI><a href="#[8c]">&gt;&gt;</a>&nbsp;&nbsp;&nbsp;__aeabi_memclr
</UL>

<P><STRONG><a name="[180]"></a>__aeabi_memset4</STRONG> (Thumb, 0 bytes, Stack size 0 bytes, memseta.o(.text), UNUSED)

<P><STRONG><a name="[181]"></a>__aeabi_memset8</STRONG> (Thumb, 0 bytes, Stack size 0 bytes, memseta.o(.text), UNUSED)

<P><STRONG><a name="[8c]"></a>__aeabi_memclr</STRONG> (Thumb, 4 bytes, Stack size 0 bytes, memseta.o(.text))
<BR><BR>[Calls]<UL><LI><a href="#[8d]">&gt;&gt;</a>&nbsp;&nbsp;&nbsp;__aeabi_memset
</UL>
<BR>[Called By]<UL><LI><a href="#[dc]">&gt;&gt;</a>&nbsp;&nbsp;&nbsp;ns_sec_pincode_respond
<LI><a href="#[13a]">&gt;&gt;</a>&nbsp;&nbsp;&nbsp;ns_bond_last_bonded_ral_info
<LI><a href="#[5b]">&gt;&gt;</a>&nbsp;&nbsp;&nbsp;gapc_bond_req_ind_handler
<LI><a href="#[56]">&gt;&gt;</a>&nbsp;&nbsp;&nbsp;hogpd_init
<LI><a href="#[e6]">&gt;&gt;</a>&nbsp;&nbsp;&nbsp;app_hid_init
<LI><a href="#[7e]">&gt;&gt;</a>&nbsp;&nbsp;&nbsp;hogpd_report_req_ind_handler
<LI><a href="#[64]">&gt;&gt;</a>&nbsp;&nbsp;&nbsp;gapm_cmp_evt_handler
<LI><a href="#[d4]">&gt;&gt;</a>&nbsp;&nbsp;&nbsp;ns_ble_stack_init
<LI><a href="#[f2]">&gt;&gt;</a>&nbsp;&nbsp;&nbsp;build_keyboard_report
</UL>

<P><STRONG><a name="[cb]"></a>__aeabi_memclr4</STRONG> (Thumb, 0 bytes, Stack size 0 bytes, memseta.o(.text))
<BR><BR>[Called By]<UL><LI><a href="#[76]">&gt;&gt;</a>&nbsp;&nbsp;&nbsp;ns_sec_bond_store_evt_handler
<LI><a href="#[137]">&gt;&gt;</a>&nbsp;&nbsp;&nbsp;ns_bond_search_addr_irk
<LI><a href="#[13f]">&gt;&gt;</a>&nbsp;&nbsp;&nbsp;ns_bond_resolv_addr_start
<LI><a href="#[13a]">&gt;&gt;</a>&nbsp;&nbsp;&nbsp;ns_bond_last_bonded_ral_info
<LI><a href="#[e0]">&gt;&gt;</a>&nbsp;&nbsp;&nbsp;ns_bond_last_bonded_peer_id
<LI><a href="#[157]">&gt;&gt;</a>&nbsp;&nbsp;&nbsp;ns_bond_db_add_entry
<LI><a href="#[5d]">&gt;&gt;</a>&nbsp;&nbsp;&nbsp;gapc_encrypt_req_ind_handler
<LI><a href="#[4a]">&gt;&gt;</a>&nbsp;&nbsp;&nbsp;bass_init
<LI><a href="#[d5]">&gt;&gt;</a>&nbsp;&nbsp;&nbsp;app_ble_sec_init
<LI><a href="#[d1]">&gt;&gt;</a>&nbsp;&nbsp;&nbsp;app_ble_gap_params_init
<LI><a href="#[ca]">&gt;&gt;</a>&nbsp;&nbsp;&nbsp;app_ble_adv_init
<LI><a href="#[64]">&gt;&gt;</a>&nbsp;&nbsp;&nbsp;gapm_cmp_evt_handler
<LI><a href="#[d4]">&gt;&gt;</a>&nbsp;&nbsp;&nbsp;ns_ble_stack_init
<LI><a href="#[eb]">&gt;&gt;</a>&nbsp;&nbsp;&nbsp;app_hid_send_multitouch
</UL>

<P><STRONG><a name="[182]"></a>__aeabi_memclr8</STRONG> (Thumb, 0 bytes, Stack size 0 bytes, memseta.o(.text), UNUSED)

<P><STRONG><a name="[8e]"></a>_memset$wrapper</STRONG> (Thumb, 18 bytes, Stack size 8 bytes, memseta.o(.text), UNUSED)
<BR><BR>[Calls]<UL><LI><a href="#[8d]">&gt;&gt;</a>&nbsp;&nbsp;&nbsp;__aeabi_memset
</UL>

<P><STRONG><a name="[133]"></a>memcmp</STRONG> (Thumb, 26 bytes, Stack size 12 bytes, memcmp.o(.text))
<BR><BR>[Stack]<UL><LI>Max Depth = 12<LI>Call Chain = memcmp
</UL>
<BR>[Called By]<UL><LI><a href="#[137]">&gt;&gt;</a>&nbsp;&nbsp;&nbsp;ns_bond_search_addr_irk
<LI><a href="#[5d]">&gt;&gt;</a>&nbsp;&nbsp;&nbsp;gapc_encrypt_req_ind_handler
<LI><a href="#[66]">&gt;&gt;</a>&nbsp;&nbsp;&nbsp;gapm_ext_adv_repoer_ind_handler
<LI><a href="#[141]">&gt;&gt;</a>&nbsp;&nbsp;&nbsp;ns_ble_scan_data_find
</UL>

<P><STRONG><a name="[8f]"></a>__aeabi_fadd</STRONG> (Thumb, 162 bytes, Stack size 24 bytes, fadd.o(.text))
<BR><BR>[Stack]<UL><LI>Max Depth = 36<LI>Call Chain = __aeabi_fadd &rArr; _float_epilogue
</UL>
<BR>[Calls]<UL><LI><a href="#[91]">&gt;&gt;</a>&nbsp;&nbsp;&nbsp;_float_round
<LI><a href="#[90]">&gt;&gt;</a>&nbsp;&nbsp;&nbsp;_float_epilogue
</UL>
<BR>[Called By]<UL><LI><a href="#[93]">&gt;&gt;</a>&nbsp;&nbsp;&nbsp;__aeabi_frsub
<LI><a href="#[bf]">&gt;&gt;</a>&nbsp;&nbsp;&nbsp;__mathlib_rredf2
<LI><a href="#[103]">&gt;&gt;</a>&nbsp;&nbsp;&nbsp;sinf
<LI><a href="#[92]">&gt;&gt;</a>&nbsp;&nbsp;&nbsp;__aeabi_fsub
<LI><a href="#[102]">&gt;&gt;</a>&nbsp;&nbsp;&nbsp;cosf
</UL>

<P><STRONG><a name="[92]"></a>__aeabi_fsub</STRONG> (Thumb, 8 bytes, Stack size 0 bytes, fadd.o(.text))
<BR><BR>[Stack]<UL><LI>Max Depth = 36<LI>Call Chain = __aeabi_fsub &rArr; __aeabi_fadd &rArr; _float_epilogue
</UL>
<BR>[Calls]<UL><LI><a href="#[8f]">&gt;&gt;</a>&nbsp;&nbsp;&nbsp;__aeabi_fadd
</UL>
<BR>[Called By]<UL><LI><a href="#[bf]">&gt;&gt;</a>&nbsp;&nbsp;&nbsp;__mathlib_rredf2
<LI><a href="#[103]">&gt;&gt;</a>&nbsp;&nbsp;&nbsp;sinf
<LI><a href="#[102]">&gt;&gt;</a>&nbsp;&nbsp;&nbsp;cosf
</UL>

<P><STRONG><a name="[93]"></a>__aeabi_frsub</STRONG> (Thumb, 8 bytes, Stack size 0 bytes, fadd.o(.text))
<BR><BR>[Stack]<UL><LI>Max Depth = 36<LI>Call Chain = __aeabi_frsub &rArr; __aeabi_fadd &rArr; _float_epilogue
</UL>
<BR>[Calls]<UL><LI><a href="#[8f]">&gt;&gt;</a>&nbsp;&nbsp;&nbsp;__aeabi_fadd
</UL>
<BR>[Called By]<UL><LI><a href="#[bf]">&gt;&gt;</a>&nbsp;&nbsp;&nbsp;__mathlib_rredf2
<LI><a href="#[103]">&gt;&gt;</a>&nbsp;&nbsp;&nbsp;sinf
<LI><a href="#[102]">&gt;&gt;</a>&nbsp;&nbsp;&nbsp;cosf
</UL>

<P><STRONG><a name="[c1]"></a>__aeabi_fmul</STRONG> (Thumb, 122 bytes, Stack size 16 bytes, fmul.o(.text))
<BR><BR>[Stack]<UL><LI>Max Depth = 16<LI>Call Chain = __aeabi_fmul
</UL>
<BR>[Called By]<UL><LI><a href="#[172]">&gt;&gt;</a>&nbsp;&nbsp;&nbsp;rwip_wakeup
<LI><a href="#[bf]">&gt;&gt;</a>&nbsp;&nbsp;&nbsp;__mathlib_rredf2
<LI><a href="#[103]">&gt;&gt;</a>&nbsp;&nbsp;&nbsp;sinf
<LI><a href="#[102]">&gt;&gt;</a>&nbsp;&nbsp;&nbsp;cosf
<LI><a href="#[f8]">&gt;&gt;</a>&nbsp;&nbsp;&nbsp;app_touchscreen_rotate
</UL>

<P><STRONG><a name="[94]"></a>__aeabi_fdiv</STRONG> (Thumb, 124 bytes, Stack size 16 bytes, fdiv.o(.text))
<BR><BR>[Stack]<UL><LI>Max Depth = 16<LI>Call Chain = __aeabi_fdiv
</UL>
<BR>[Calls]<UL><LI><a href="#[91]">&gt;&gt;</a>&nbsp;&nbsp;&nbsp;_float_round
</UL>
<BR>[Called By]<UL><LI><a href="#[172]">&gt;&gt;</a>&nbsp;&nbsp;&nbsp;rwip_wakeup
<LI><a href="#[bd]">&gt;&gt;</a>&nbsp;&nbsp;&nbsp;__mathlib_flt_invalid
<LI><a href="#[f8]">&gt;&gt;</a>&nbsp;&nbsp;&nbsp;app_touchscreen_rotate
</UL>

<P><STRONG><a name="[95]"></a>__aeabi_i2f</STRONG> (Thumb, 22 bytes, Stack size 8 bytes, fflti.o(.text))
<BR><BR>[Stack]<UL><LI>Max Depth = 20<LI>Call Chain = __aeabi_i2f &rArr; _float_epilogue
</UL>
<BR>[Calls]<UL><LI><a href="#[90]">&gt;&gt;</a>&nbsp;&nbsp;&nbsp;_float_epilogue
</UL>
<BR>[Called By]<UL><LI><a href="#[bf]">&gt;&gt;</a>&nbsp;&nbsp;&nbsp;__mathlib_rredf2
<LI><a href="#[f8]">&gt;&gt;</a>&nbsp;&nbsp;&nbsp;app_touchscreen_rotate
</UL>

<P><STRONG><a name="[96]"></a>__aeabi_ui2f</STRONG> (Thumb, 14 bytes, Stack size 8 bytes, ffltui.o(.text))
<BR><BR>[Stack]<UL><LI>Max Depth = 20<LI>Call Chain = __aeabi_ui2f &rArr; _float_epilogue
</UL>
<BR>[Calls]<UL><LI><a href="#[90]">&gt;&gt;</a>&nbsp;&nbsp;&nbsp;_float_epilogue
</UL>
<BR>[Called By]<UL><LI><a href="#[172]">&gt;&gt;</a>&nbsp;&nbsp;&nbsp;rwip_wakeup
<LI><a href="#[bf]">&gt;&gt;</a>&nbsp;&nbsp;&nbsp;__mathlib_rredf2
<LI><a href="#[f8]">&gt;&gt;</a>&nbsp;&nbsp;&nbsp;app_touchscreen_rotate
</UL>

<P><STRONG><a name="[97]"></a>__aeabi_ul2f</STRONG> (Thumb, 28 bytes, Stack size 8 bytes, ffltul.o(.text))
<BR><BR>[Stack]<UL><LI>Max Depth = 20<LI>Call Chain = __aeabi_ul2f &rArr; _float_epilogue
</UL>
<BR>[Calls]<UL><LI><a href="#[90]">&gt;&gt;</a>&nbsp;&nbsp;&nbsp;_float_epilogue
</UL>
<BR>[Called By]<UL><LI><a href="#[172]">&gt;&gt;</a>&nbsp;&nbsp;&nbsp;rwip_wakeup
</UL>

<P><STRONG><a name="[104]"></a>__aeabi_f2iz</STRONG> (Thumb, 50 bytes, Stack size 0 bytes, ffixi.o(.text))
<BR><BR>[Called By]<UL><LI><a href="#[103]">&gt;&gt;</a>&nbsp;&nbsp;&nbsp;sinf
<LI><a href="#[102]">&gt;&gt;</a>&nbsp;&nbsp;&nbsp;cosf
<LI><a href="#[f8]">&gt;&gt;</a>&nbsp;&nbsp;&nbsp;app_touchscreen_rotate
</UL>

<P><STRONG><a name="[98]"></a>__aeabi_f2ulz</STRONG> (Thumb, 48 bytes, Stack size 8 bytes, ffixul.o(.text))
<BR><BR>[Stack]<UL><LI>Max Depth = 16<LI>Call Chain = __aeabi_f2ulz &rArr; __aeabi_llsl
</UL>
<BR>[Calls]<UL><LI><a href="#[8b]">&gt;&gt;</a>&nbsp;&nbsp;&nbsp;__aeabi_llsl
</UL>
<BR>[Called By]<UL><LI><a href="#[172]">&gt;&gt;</a>&nbsp;&nbsp;&nbsp;rwip_wakeup
</UL>

<P><STRONG><a name="[8b]"></a>__aeabi_llsl</STRONG> (Thumb, 32 bytes, Stack size 8 bytes, llshl.o(.text))
<BR><BR>[Stack]<UL><LI>Max Depth = 8<LI>Call Chain = __aeabi_llsl
</UL>
<BR>[Called By]<UL><LI><a href="#[98]">&gt;&gt;</a>&nbsp;&nbsp;&nbsp;__aeabi_f2ulz
<LI><a href="#[89]">&gt;&gt;</a>&nbsp;&nbsp;&nbsp;__aeabi_uldivmod
</UL>

<P><STRONG><a name="[183]"></a>_ll_shift_l</STRONG> (Thumb, 0 bytes, Stack size 8 bytes, llshl.o(.text), UNUSED)

<P><STRONG><a name="[8a]"></a>__aeabi_llsr</STRONG> (Thumb, 34 bytes, Stack size 8 bytes, llushr.o(.text))
<BR><BR>[Stack]<UL><LI>Max Depth = 8<LI>Call Chain = __aeabi_llsr
</UL>
<BR>[Called By]<UL><LI><a href="#[89]">&gt;&gt;</a>&nbsp;&nbsp;&nbsp;__aeabi_uldivmod
</UL>

<P><STRONG><a name="[184]"></a>_ll_ushift_r</STRONG> (Thumb, 0 bytes, Stack size 8 bytes, llushr.o(.text), UNUSED)

<P><STRONG><a name="[185]"></a>__I$use$fp</STRONG> (Thumb, 0 bytes, Stack size 0 bytes, iusefp.o(.text), UNUSED)

<P><STRONG><a name="[91]"></a>_float_round</STRONG> (Thumb, 16 bytes, Stack size 0 bytes, fepilogue.o(.text))
<BR><BR>[Called By]<UL><LI><a href="#[94]">&gt;&gt;</a>&nbsp;&nbsp;&nbsp;__aeabi_fdiv
<LI><a href="#[8f]">&gt;&gt;</a>&nbsp;&nbsp;&nbsp;__aeabi_fadd
<LI><a href="#[99]">&gt;&gt;</a>&nbsp;&nbsp;&nbsp;_frnd
</UL>

<P><STRONG><a name="[90]"></a>_float_epilogue</STRONG> (Thumb, 114 bytes, Stack size 12 bytes, fepilogue.o(.text))
<BR><BR>[Stack]<UL><LI>Max Depth = 12<LI>Call Chain = _float_epilogue
</UL>
<BR>[Called By]<UL><LI><a href="#[96]">&gt;&gt;</a>&nbsp;&nbsp;&nbsp;__aeabi_ui2f
<LI><a href="#[97]">&gt;&gt;</a>&nbsp;&nbsp;&nbsp;__aeabi_ul2f
<LI><a href="#[95]">&gt;&gt;</a>&nbsp;&nbsp;&nbsp;__aeabi_i2f
<LI><a href="#[8f]">&gt;&gt;</a>&nbsp;&nbsp;&nbsp;__aeabi_fadd
</UL>

<P><STRONG><a name="[99]"></a>_frnd</STRONG> (Thumb, 62 bytes, Stack size 8 bytes, frnd.o(.text))
<BR><BR>[Stack]<UL><LI>Max Depth = 8<LI>Call Chain = _frnd
</UL>
<BR>[Calls]<UL><LI><a href="#[91]">&gt;&gt;</a>&nbsp;&nbsp;&nbsp;_float_round
</UL>
<BR>[Called By]<UL><LI><a href="#[103]">&gt;&gt;</a>&nbsp;&nbsp;&nbsp;sinf
<LI><a href="#[102]">&gt;&gt;</a>&nbsp;&nbsp;&nbsp;cosf
</UL>

<P><STRONG><a name="[83]"></a>__scatterload</STRONG> (Thumb, 28 bytes, Stack size 0 bytes, init.o(.text))
<BR><BR>[Calls]<UL><LI><a href="#[9a]">&gt;&gt;</a>&nbsp;&nbsp;&nbsp;__main_after_scatterload
</UL>
<BR>[Called By]<UL><LI><a href="#[82]">&gt;&gt;</a>&nbsp;&nbsp;&nbsp;_main_scatterload
</UL>

<P><STRONG><a name="[186]"></a>__scatterload_rt2</STRONG> (Thumb, 0 bytes, Stack size 0 bytes, init.o(.text), UNUSED)

<P><STRONG><a name="[bc]"></a>__ARM_scalbnf</STRONG> (Thumb, 24 bytes, Stack size 0 bytes, fscalb.o(.text))
<BR><BR>[Called By]<UL><LI><a href="#[bf]">&gt;&gt;</a>&nbsp;&nbsp;&nbsp;__mathlib_rredf2
<LI><a href="#[be]">&gt;&gt;</a>&nbsp;&nbsp;&nbsp;__mathlib_flt_underflow
<LI><a href="#[bb]">&gt;&gt;</a>&nbsp;&nbsp;&nbsp;__mathlib_flt_infnan
</UL>

<P><STRONG><a name="[187]"></a>scalbnf</STRONG> (Thumb, 0 bytes, Stack size 0 bytes, fscalb.o(.text), UNUSED)

<P><STRONG><a name="[188]"></a>__decompress</STRONG> (Thumb, 0 bytes, Stack size unknown bytes, __dclz77c.o(.text), UNUSED)

<P><STRONG><a name="[189]"></a>__decompress2</STRONG> (Thumb, 96 bytes, Stack size unknown bytes, __dclz77c.o(.text), UNUSED)

<P><STRONG><a name="[e]"></a>EXTI4_12_IRQHandler</STRONG> (Thumb, 272 bytes, Stack size 24 bytes, app_gpio.o(i.EXTI4_12_IRQHandler))
<BR><BR>[Stack]<UL><LI>Max Depth = 24<LI>Call Chain = EXTI4_12_IRQHandler
</UL>
<BR>[Calls]<UL><LI><a href="#[9d]">&gt;&gt;</a>&nbsp;&nbsp;&nbsp;GPIO_ReadInputDataBit
<LI><a href="#[9b]">&gt;&gt;</a>&nbsp;&nbsp;&nbsp;EXTI_GetITStatus
<LI><a href="#[9f]">&gt;&gt;</a>&nbsp;&nbsp;&nbsp;EXTI_ClrITPendBit
<LI><a href="#[9e]">&gt;&gt;</a>&nbsp;&nbsp;&nbsp;ke_msg_send_basic
<LI><a href="#[9c]">&gt;&gt;</a>&nbsp;&nbsp;&nbsp;delay_n_10us (via Veneer)
</UL>
<BR>[Address Reference Count : 1]<UL><LI> startup_n32wb03x.o(RESET)
</UL>
<P><STRONG><a name="[9f]"></a>EXTI_ClrITPendBit</STRONG> (Thumb, 6 bytes, Stack size 0 bytes, n32wb03x_exti.o(i.EXTI_ClrITPendBit))
<BR><BR>[Called By]<UL><LI><a href="#[3a]">&gt;&gt;</a>&nbsp;&nbsp;&nbsp;ns_EXTI4_12_IRQHandler
<LI><a href="#[e]">&gt;&gt;</a>&nbsp;&nbsp;&nbsp;EXTI4_12_IRQHandler
</UL>

<P><STRONG><a name="[9b]"></a>EXTI_GetITStatus</STRONG> (Thumb, 24 bytes, Stack size 0 bytes, n32wb03x_exti.o(i.EXTI_GetITStatus))
<BR><BR>[Called By]<UL><LI><a href="#[3a]">&gt;&gt;</a>&nbsp;&nbsp;&nbsp;ns_EXTI4_12_IRQHandler
<LI><a href="#[e]">&gt;&gt;</a>&nbsp;&nbsp;&nbsp;EXTI4_12_IRQHandler
</UL>

<P><STRONG><a name="[ef]"></a>EXTI_InitPeripheral</STRONG> (Thumb, 102 bytes, Stack size 8 bytes, n32wb03x_exti.o(i.EXTI_InitPeripheral))
<BR><BR>[Stack]<UL><LI>Max Depth = 8<LI>Call Chain = EXTI_InitPeripheral
</UL>
<BR>[Called By]<UL><LI><a href="#[155]">&gt;&gt;</a>&nbsp;&nbsp;&nbsp;ns_ble_stack_vtor_init
<LI><a href="#[ee]">&gt;&gt;</a>&nbsp;&nbsp;&nbsp;app_key_configuration
</UL>

<P><STRONG><a name="[a0]"></a>GPIO_ConfigEXTILine</STRONG> (Thumb, 294 bytes, Stack size 20 bytes, n32wb03x_gpio.o(i.GPIO_ConfigEXTILine))
<BR><BR>[Stack]<UL><LI>Max Depth = 28<LI>Call Chain = GPIO_ConfigEXTILine &rArr; __ARM_common_switch8
</UL>
<BR>[Calls]<UL><LI><a href="#[a1]">&gt;&gt;</a>&nbsp;&nbsp;&nbsp;__ARM_common_switch8
</UL>
<BR>[Called By]<UL><LI><a href="#[ee]">&gt;&gt;</a>&nbsp;&nbsp;&nbsp;app_key_configuration
</UL>

<P><STRONG><a name="[15b]"></a>GPIO_DeInitPin</STRONG> (Thumb, 100 bytes, Stack size 20 bytes, n32wb03x_gpio.o(i.GPIO_DeInitPin))
<BR><BR>[Stack]<UL><LI>Max Depth = 20<LI>Call Chain = GPIO_DeInitPin
</UL>
<BR>[Called By]<UL><LI><a href="#[125]">&gt;&gt;</a>&nbsp;&nbsp;&nbsp;ns_log_usart_deinit
</UL>

<P><STRONG><a name="[a7]"></a>GPIO_InitPeripheral</STRONG> (Thumb, 186 bytes, Stack size 20 bytes, n32wb03x_gpio.o(i.GPIO_InitPeripheral))
<BR><BR>[Stack]<UL><LI>Max Depth = 20<LI>Call Chain = GPIO_InitPeripheral
</UL>
<BR>[Called By]<UL><LI><a href="#[127]">&gt;&gt;</a>&nbsp;&nbsp;&nbsp;ns_log_usart_init
<LI><a href="#[ee]">&gt;&gt;</a>&nbsp;&nbsp;&nbsp;app_key_configuration
<LI><a href="#[a4]">&gt;&gt;</a>&nbsp;&nbsp;&nbsp;LedInit
<LI><a href="#[b4]">&gt;&gt;</a>&nbsp;&nbsp;&nbsp;ResInit
</UL>

<P><STRONG><a name="[a6]"></a>GPIO_InitStruct</STRONG> (Thumb, 22 bytes, Stack size 0 bytes, n32wb03x_gpio.o(i.GPIO_InitStruct))
<BR><BR>[Called By]<UL><LI><a href="#[127]">&gt;&gt;</a>&nbsp;&nbsp;&nbsp;ns_log_usart_init
<LI><a href="#[ee]">&gt;&gt;</a>&nbsp;&nbsp;&nbsp;app_key_configuration
<LI><a href="#[a4]">&gt;&gt;</a>&nbsp;&nbsp;&nbsp;LedInit
<LI><a href="#[b4]">&gt;&gt;</a>&nbsp;&nbsp;&nbsp;ResInit
</UL>

<P><STRONG><a name="[9d]"></a>GPIO_ReadInputDataBit</STRONG> (Thumb, 14 bytes, Stack size 0 bytes, n32wb03x_gpio.o(i.GPIO_ReadInputDataBit))
<BR><BR>[Called By]<UL><LI><a href="#[e]">&gt;&gt;</a>&nbsp;&nbsp;&nbsp;EXTI4_12_IRQHandler
</UL>

<P><STRONG><a name="[a9]"></a>GPIO_ResetBits</STRONG> (Thumb, 4 bytes, Stack size 0 bytes, n32wb03x_gpio.o(i.GPIO_ResetBits))
<BR><BR>[Called By]<UL><LI><a href="#[a8]">&gt;&gt;</a>&nbsp;&nbsp;&nbsp;LedOff
</UL>

<P><STRONG><a name="[ab]"></a>GPIO_SetBits</STRONG> (Thumb, 4 bytes, Stack size 0 bytes, n32wb03x_gpio.o(i.GPIO_SetBits))
<BR><BR>[Called By]<UL><LI><a href="#[aa]">&gt;&gt;</a>&nbsp;&nbsp;&nbsp;LedOn
<LI><a href="#[119]">&gt;&gt;</a>&nbsp;&nbsp;&nbsp;detect_select
</UL>

<P><STRONG><a name="[a3]"></a>GPIO_TogglePin</STRONG> (Thumb, 8 bytes, Stack size 0 bytes, n32wb03x_gpio.o(i.GPIO_TogglePin))
<BR><BR>[Called By]<UL><LI><a href="#[a2]">&gt;&gt;</a>&nbsp;&nbsp;&nbsp;LedBlink
</UL>

<P><STRONG><a name="[a2]"></a>LedBlink</STRONG> (Thumb, 8 bytes, Stack size 8 bytes, app_gpio.o(i.LedBlink))
<BR><BR>[Stack]<UL><LI>Max Depth = 8<LI>Call Chain = LedBlink
</UL>
<BR>[Calls]<UL><LI><a href="#[a3]">&gt;&gt;</a>&nbsp;&nbsp;&nbsp;GPIO_TogglePin
</UL>
<BR>[Called By]<UL><LI><a href="#[37]">&gt;&gt;</a>&nbsp;&nbsp;&nbsp;app_key_press_timeout_handler
</UL>

<P><STRONG><a name="[a4]"></a>LedInit</STRONG> (Thumb, 64 bytes, Stack size 40 bytes, app_gpio.o(i.LedInit))
<BR><BR>[Stack]<UL><LI>Max Depth = 60<LI>Call Chain = LedInit &rArr; GPIO_InitPeripheral
</UL>
<BR>[Calls]<UL><LI><a href="#[a6]">&gt;&gt;</a>&nbsp;&nbsp;&nbsp;GPIO_InitStruct
<LI><a href="#[a7]">&gt;&gt;</a>&nbsp;&nbsp;&nbsp;GPIO_InitPeripheral
<LI><a href="#[a5]">&gt;&gt;</a>&nbsp;&nbsp;&nbsp;RCC_EnableAPB2PeriphClk
</UL>
<BR>[Called By]<UL><LI><a href="#[26]">&gt;&gt;</a>&nbsp;&nbsp;&nbsp;main
</UL>

<P><STRONG><a name="[a8]"></a>LedOff</STRONG> (Thumb, 8 bytes, Stack size 8 bytes, app_gpio.o(i.LedOff))
<BR><BR>[Stack]<UL><LI>Max Depth = 8<LI>Call Chain = LedOff
</UL>
<BR>[Calls]<UL><LI><a href="#[a9]">&gt;&gt;</a>&nbsp;&nbsp;&nbsp;GPIO_ResetBits
</UL>
<BR>[Called By]<UL><LI><a href="#[cf]">&gt;&gt;</a>&nbsp;&nbsp;&nbsp;app_ble_disconnected
</UL>

<P><STRONG><a name="[aa]"></a>LedOn</STRONG> (Thumb, 8 bytes, Stack size 8 bytes, app_gpio.o(i.LedOn))
<BR><BR>[Stack]<UL><LI>Max Depth = 8<LI>Call Chain = LedOn
</UL>
<BR>[Calls]<UL><LI><a href="#[ab]">&gt;&gt;</a>&nbsp;&nbsp;&nbsp;GPIO_SetBits
</UL>
<BR>[Called By]<UL><LI><a href="#[ce]">&gt;&gt;</a>&nbsp;&nbsp;&nbsp;app_ble_connected
<LI><a href="#[26]">&gt;&gt;</a>&nbsp;&nbsp;&nbsp;main
</UL>

<P><STRONG><a name="[f0]"></a>NVIC_Init</STRONG> (Thumb, 102 bytes, Stack size 8 bytes, misc.o(i.NVIC_Init))
<BR><BR>[Stack]<UL><LI>Max Depth = 8<LI>Call Chain = NVIC_Init
</UL>
<BR>[Called By]<UL><LI><a href="#[ee]">&gt;&gt;</a>&nbsp;&nbsp;&nbsp;app_key_configuration
</UL>

<P><STRONG><a name="[158]"></a>Qflash_Erase_Sector</STRONG> (Thumb, 30 bytes, Stack size 8 bytes, n32wb03x_qflash.o(i.Qflash_Erase_Sector))
<BR><BR>[Stack]<UL><LI>Max Depth = 8<LI>Call Chain = Qflash_Erase_Sector
</UL>
<BR>[Called By]<UL><LI><a href="#[131]">&gt;&gt;</a>&nbsp;&nbsp;&nbsp;ns_bond_db_get_size
<LI><a href="#[157]">&gt;&gt;</a>&nbsp;&nbsp;&nbsp;ns_bond_db_add_entry
</UL>

<P><STRONG><a name="[b1]"></a>Qflash_Init</STRONG> (Thumb, 34 bytes, Stack size 8 bytes, n32wb03x_qflash.o(i.Qflash_Init))
<BR><BR>[Stack]<UL><LI>Max Depth = 8<LI>Call Chain = Qflash_Init
</UL>
<BR>[Calls]<UL><LI><a href="#[b2]">&gt;&gt;</a>&nbsp;&nbsp;&nbsp;__aeabi_memcpy
</UL>
<BR>[Called By]<UL><LI><a href="#[da]">&gt;&gt;</a>&nbsp;&nbsp;&nbsp;ns_sec_init
</UL>

<P><STRONG><a name="[159]"></a>Qflash_Write</STRONG> (Thumb, 30 bytes, Stack size 8 bytes, n32wb03x_qflash.o(i.Qflash_Write))
<BR><BR>[Stack]<UL><LI>Max Depth = 8<LI>Call Chain = Qflash_Write
</UL>
<BR>[Called By]<UL><LI><a href="#[157]">&gt;&gt;</a>&nbsp;&nbsp;&nbsp;ns_bond_db_add_entry
</UL>

<P><STRONG><a name="[ad]"></a>RCC_EnableAHBPeriphClk</STRONG> (Thumb, 18 bytes, Stack size 0 bytes, n32wb03x_rcc.o(i.RCC_EnableAHBPeriphClk))
<BR><BR>[Called By]<UL><LI><a href="#[ac]">&gt;&gt;</a>&nbsp;&nbsp;&nbsp;NS_BLE_PATCH_INIT
</UL>

<P><STRONG><a name="[15c]"></a>RCC_EnableAPB1PeriphClk</STRONG> (Thumb, 18 bytes, Stack size 0 bytes, n32wb03x_rcc.o(i.RCC_EnableAPB1PeriphClk))
<BR><BR>[Called By]<UL><LI><a href="#[127]">&gt;&gt;</a>&nbsp;&nbsp;&nbsp;ns_log_usart_init
</UL>

<P><STRONG><a name="[a5]"></a>RCC_EnableAPB2PeriphClk</STRONG> (Thumb, 18 bytes, Stack size 0 bytes, n32wb03x_rcc.o(i.RCC_EnableAPB2PeriphClk))
<BR><BR>[Called By]<UL><LI><a href="#[127]">&gt;&gt;</a>&nbsp;&nbsp;&nbsp;ns_log_usart_init
<LI><a href="#[ee]">&gt;&gt;</a>&nbsp;&nbsp;&nbsp;app_key_configuration
<LI><a href="#[a4]">&gt;&gt;</a>&nbsp;&nbsp;&nbsp;LedInit
<LI><a href="#[fd]">&gt;&gt;</a>&nbsp;&nbsp;&nbsp;app_sleep_resume_proc
<LI><a href="#[b4]">&gt;&gt;</a>&nbsp;&nbsp;&nbsp;ResInit
</UL>

<P><STRONG><a name="[b8]"></a>RCC_GetClocksFreqValue</STRONG> (Thumb, 90 bytes, Stack size 12 bytes, n32wb03x_rcc.o(i.RCC_GetClocksFreqValue))
<BR><BR>[Stack]<UL><LI>Max Depth = 12<LI>Call Chain = RCC_GetClocksFreqValue
</UL>
<BR>[Called By]<UL><LI><a href="#[b7]">&gt;&gt;</a>&nbsp;&nbsp;&nbsp;USART_Init
</UL>

<P><STRONG><a name="[b4]"></a>ResInit</STRONG> (Thumb, 64 bytes, Stack size 40 bytes, main.o(i.ResInit))
<BR><BR>[Stack]<UL><LI>Max Depth = 60<LI>Call Chain = ResInit &rArr; GPIO_InitPeripheral
</UL>
<BR>[Calls]<UL><LI><a href="#[a6]">&gt;&gt;</a>&nbsp;&nbsp;&nbsp;GPIO_InitStruct
<LI><a href="#[a7]">&gt;&gt;</a>&nbsp;&nbsp;&nbsp;GPIO_InitPeripheral
<LI><a href="#[a5]">&gt;&gt;</a>&nbsp;&nbsp;&nbsp;RCC_EnableAPB2PeriphClk
</UL>
<BR>[Called By]<UL><LI><a href="#[26]">&gt;&gt;</a>&nbsp;&nbsp;&nbsp;main
</UL>

<P><STRONG><a name="[b5]"></a>SystemGetMacAddr</STRONG> (Thumb, 42 bytes, Stack size 8 bytes, system_n32wb03x.o(i.SystemGetMacAddr))
<BR><BR>[Stack]<UL><LI>Max Depth = 352<LI>Call Chain = SystemGetMacAddr &rArr; SystemTrimValueRead
</UL>
<BR>[Calls]<UL><LI><a href="#[b6]">&gt;&gt;</a>&nbsp;&nbsp;&nbsp;SystemTrimValueRead
</UL>
<BR>[Called By]<UL><LI><a href="#[d1]">&gt;&gt;</a>&nbsp;&nbsp;&nbsp;app_ble_gap_params_init
</UL>

<P><STRONG><a name="[27]"></a>SystemInit</STRONG> (Thumb, 172 bytes, Stack size 24 bytes, system_n32wb03x.o(i.SystemInit))
<BR><BR>[Stack]<UL><LI>Max Depth = 368<LI>Call Chain = SystemInit &rArr; SystemTrimValueRead
</UL>
<BR>[Calls]<UL><LI><a href="#[b6]">&gt;&gt;</a>&nbsp;&nbsp;&nbsp;SystemTrimValueRead
<LI><a href="#[b3]">&gt;&gt;</a>&nbsp;&nbsp;&nbsp;RCC_HsiCalib
</UL>
<BR>[Address Reference Count : 1]<UL><LI> startup_n32wb03x.o(.text)
</UL>
<P><STRONG><a name="[b6]"></a>SystemTrimValueRead</STRONG> (Thumb, 50 bytes, Stack size 344 bytes, system_n32wb03x.o(i.SystemTrimValueRead))
<BR><BR>[Stack]<UL><LI>Max Depth = 344<LI>Call Chain = SystemTrimValueRead
</UL>
<BR>[Calls]<UL><LI><a href="#[b2]">&gt;&gt;</a>&nbsp;&nbsp;&nbsp;__aeabi_memcpy
</UL>
<BR>[Called By]<UL><LI><a href="#[b5]">&gt;&gt;</a>&nbsp;&nbsp;&nbsp;SystemGetMacAddr
<LI><a href="#[27]">&gt;&gt;</a>&nbsp;&nbsp;&nbsp;SystemInit
</UL>

[...]
<LI><a href="#[c4]">&gt;&gt;</a>&nbsp;&nbsp;&nbsp;ke_msg_alloc
</UL>
<BR>[Called By]<UL><LI><a href="#[13e]">&gt;&gt;</a>&nbsp;&nbsp;&nbsp;ns_ble_adv_stop
<LI><a href="#[134]">&gt;&gt;</a>&nbsp;&nbsp;&nbsp;ns_ble_adv_fsm_next
</UL>

<P><STRONG><a name="[155]"></a>ns_ble_stack_vtor_init</STRONG> (Thumb, 150 bytes, Stack size 32 bytes, ns_ble.o(i.ns_ble_stack_vtor_init))
<BR><BR>[Stack]<UL><LI>Max Depth = 40<LI>Call Chain = ns_ble_stack_vtor_init &rArr; EXTI_InitPeripheral
</UL>
<BR>[Calls]<UL><LI><a href="#[ef]">&gt;&gt;</a>&nbsp;&nbsp;&nbsp;EXTI_InitPeripheral
<LI><a href="#[cc]">&gt;&gt;</a>&nbsp;&nbsp;&nbsp;__aeabi_memcpy4
</UL>
<BR>[Called By]<UL><LI><a href="#[d4]">&gt;&gt;</a>&nbsp;&nbsp;&nbsp;ns_ble_stack_init
</UL>

<P><STRONG><a name="[ae]"></a>patchx_enable</STRONG> (Thumb, 54 bytes, Stack size 12 bytes, ns_ble.o(i.patchx_enable))
<BR><BR>[Stack]<UL><LI>Max Depth = 12<LI>Call Chain = patchx_enable
</UL>
<BR>[Called By]<UL><LI><a href="#[ac]">&gt;&gt;</a>&nbsp;&nbsp;&nbsp;NS_BLE_PATCH_INIT
</UL>

<P><STRONG><a name="[74]"></a>app_conn_params_update_evt_handler</STRONG> (Thumb, 12 bytes, Stack size 8 bytes, ns_ble_task.o(i.app_conn_params_update_evt_handler))
<BR><BR>[Stack]<UL><LI>Max Depth = 40<LI>Call Chain = app_conn_params_update_evt_handler &rArr; ns_ble_update_param &rArr; __2printf
</UL>
<BR>[Calls]<UL><LI><a href="#[dd]">&gt;&gt;</a>&nbsp;&nbsp;&nbsp;ns_ble_update_param
</UL>
<BR>[Address Reference Count : 1]<UL><LI> ns_ble_task.o(.constdata)
</UL>
<P><STRONG><a name="[e5]"></a>app_get_handler</STRONG> (Thumb, 64 bytes, Stack size 32 bytes, ns_ble_task.o(i.app_get_handler))
<BR><BR>[Stack]<UL><LI>Max Depth = 32<LI>Call Chain = app_get_handler
</UL>
<BR>[Called By]<UL><LI><a href="#[5f]">&gt;&gt;</a>&nbsp;&nbsp;&nbsp;app_entry_point_handler
</UL>

<P><STRONG><a name="[75]"></a>app_init_timeout_evt_handler</STRONG> (Thumb, 22 bytes, Stack size 8 bytes, ns_ble_task.o(i.app_init_timeout_evt_handler))
<BR><BR>[Stack]<UL><LI>Max Depth = 16<LI>Call Chain = app_init_timeout_evt_handler &rArr; ns_ble_stop_init
</UL>
<BR>[Calls]<UL><LI><a href="#[ed]">&gt;&gt;</a>&nbsp;&nbsp;&nbsp;ns_ble_stop_init
</UL>
<BR>[Address Reference Count : 1]<UL><LI> ns_ble_task.o(.constdata)
</UL>
<P><STRONG><a name="[73]"></a>app_lsi_calib_evt_handler</STRONG> (Thumb, 140 bytes, Stack size 16 bytes, ns_ble_task.o(i.app_lsi_calib_evt_handler))
<BR><BR>[Stack]<UL><LI>Max Depth = 40<LI>Call Chain = app_lsi_calib_evt_handler &rArr; ns_ble_lsc_config
</UL>
<BR>[Calls]<UL><LI><a href="#[db]">&gt;&gt;</a>&nbsp;&nbsp;&nbsp;ke_timer_set
<LI><a href="#[fa]">&gt;&gt;</a>&nbsp;&nbsp;&nbsp;ns_sleep_lock_release
<LI><a href="#[f9]">&gt;&gt;</a>&nbsp;&nbsp;&nbsp;ns_ble_lsc_config
</UL>
<BR>[Address Reference Count : 1]<UL><LI> ns_ble_task.o(.constdata)
</UL>
<P><STRONG><a name="[71]"></a>gapc_cmp_evt_handler</STRONG> (Thumb, 32 bytes, Stack size 16 bytes, ns_ble_task.o(i.gapc_cmp_evt_handler))
<BR><BR>[Stack]<UL><LI>Max Depth = 16<LI>Call Chain = gapc_cmp_evt_handler
</UL>
<BR>[Address Reference Count : 1]<UL><LI> ns_ble_task.o(.constdata)
</UL>
<P><STRONG><a name="[72]"></a>gapc_conn_rssi_ind_handler</STRONG> (Thumb, 84 bytes, Stack size 24 bytes, ns_ble_task.o(i.gapc_conn_rssi_ind_handler))
<BR><BR>[Stack]<UL><LI>Max Depth = 24<LI>Call Chain = gapc_conn_rssi_ind_handler
</UL>
<BR>[Calls]<UL><LI><a href="#[e2]">&gt;&gt;</a>&nbsp;&nbsp;&nbsp;ke_state_get
<LI><a href="#[c5]">&gt;&gt;</a>&nbsp;&nbsp;&nbsp;ke_msg_send
<LI><a href="#[c4]">&gt;&gt;</a>&nbsp;&nbsp;&nbsp;ke_msg_alloc
<LI><a href="#[db]">&gt;&gt;</a>&nbsp;&nbsp;&nbsp;ke_timer_set
</UL>
<BR>[Address Reference Count : 1]<UL><LI> ns_ble_task.o(.constdata)
</UL>
<P><STRONG><a name="[69]"></a>gapc_connection_req_ind_handler</STRONG> (Thumb, 316 bytes, Stack size 48 bytes, ns_ble_task.o(i.gapc_connection_req_ind_handler))
<BR><BR>[Stack]<UL><LI>Max Depth = 168<LI>Call Chain = gapc_connection_req_ind_handler &rArr; ns_ble_adv_start &rArr; app_create_advertising &rArr; ns_bond_last_bonded_peer_id &rArr; ns_bond_db_get_size &rArr; Qflash_Erase_Sector
</UL>
<BR>[Calls]<UL><LI><a href="#[a1]">&gt;&gt;</a>&nbsp;&nbsp;&nbsp;__ARM_common_switch8
<LI><a href="#[c5]">&gt;&gt;</a>&nbsp;&nbsp;&nbsp;ke_msg_send
<LI><a href="#[c4]">&gt;&gt;</a>&nbsp;&nbsp;&nbsp;ke_msg_alloc
<LI><a href="#[10d]">&gt;&gt;</a>&nbsp;&nbsp;&nbsp;ke_state_set
<LI><a href="#[db]">&gt;&gt;</a>&nbsp;&nbsp;&nbsp;ke_timer_set
<LI><a href="#[12d]">&gt;&gt;</a>&nbsp;&nbsp;&nbsp;ns_sec_get_iocap
<LI><a href="#[df]">&gt;&gt;</a>&nbsp;&nbsp;&nbsp;ns_sec_get_bond_status
<LI><a href="#[d7]">&gt;&gt;</a>&nbsp;&nbsp;&nbsp;__2printf
<LI><a href="#[b2]">&gt;&gt;</a>&nbsp;&nbsp;&nbsp;__aeabi_memcpy
<LI><a href="#[12e]">&gt;&gt;</a>&nbsp;&nbsp;&nbsp;ke_timer_clear
<LI><a href="#[9e]">&gt;&gt;</a>&nbsp;&nbsp;&nbsp;ke_msg_send_basic
<LI><a href="#[d0]">&gt;&gt;</a>&nbsp;&nbsp;&nbsp;ns_ble_adv_start
</UL>
<BR>[Address Reference Count : 1]<UL><LI> ns_ble_task.o(.constdata)
</UL>
<P><STRONG><a name="[6d]"></a>gapc_disconnect_ind_handler</STRONG> (Thumb, 92 bytes, Stack size 32 bytes, ns_ble_task.o(i.gapc_disconnect_ind_handler))
<BR><BR>[Stack]<UL><LI>Max Depth = 56<LI>Call Chain = gapc_disconnect_ind_handler &rArr; __2printf
</UL>
<BR>[Calls]<UL><LI><a href="#[10d]">&gt;&gt;</a>&nbsp;&nbsp;&nbsp;ke_state_set
<LI><a href="#[130]">&gt;&gt;</a>&nbsp;&nbsp;&nbsp;ke_event_set
<LI><a href="#[d7]">&gt;&gt;</a>&nbsp;&nbsp;&nbsp;__2printf
<LI><a href="#[12f]">&gt;&gt;</a>&nbsp;&nbsp;&nbsp;ns_ble_get_connection_num
</UL>
<BR>[Address Reference Count : 1]<UL><LI> ns_ble_task.o(.constdata)
</UL>
<P><STRONG><a name="[6e]"></a>gapc_get_dev_info_req_ind_handler</STRONG> (Thumb, 114 bytes, Stack size 16 bytes, ns_ble_task.o(i.gapc_get_dev_info_req_ind_handler))
<BR><BR>[Stack]<UL><LI>Max Depth = 16<LI>Call Chain = gapc_get_dev_info_req_ind_handler
</UL>
<BR>[Calls]<UL><LI><a href="#[c5]">&gt;&gt;</a>&nbsp;&nbsp;&nbsp;ke_msg_send
<LI><a href="#[c4]">&gt;&gt;</a>&nbsp;&nbsp;&nbsp;ke_msg_alloc
<LI><a href="#[b2]">&gt;&gt;</a>&nbsp;&nbsp;&nbsp;__aeabi_memcpy
</UL>
<BR>[Address Reference Count : 1]<UL><LI> ns_ble_task.o(.constdata)
</UL>
<P><STRONG><a name="[6f]"></a>gapc_le_phy_ind_handler</STRONG> (Thumb, 24 bytes, Stack size 8 bytes, ns_ble_task.o(i.gapc_le_phy_ind_handler))
<BR><BR>[Stack]<UL><LI>Max Depth = 32<LI>Call Chain = gapc_le_phy_ind_handler &rArr; __2printf
</UL>
<BR>[Calls]<UL><LI><a href="#[ff]">&gt;&gt;</a>&nbsp;&nbsp;&nbsp;llhwc_modem_setmode
<LI><a href="#[d7]">&gt;&gt;</a>&nbsp;&nbsp;&nbsp;__2printf
</UL>
<BR>[Address Reference Count : 1]<UL><LI> ns_ble_task.o(.constdata)
</UL>
<P><STRONG><a name="[6c]"></a>gapc_le_pkt_size_ind_handler</STRONG> (Thumb, 22 bytes, Stack size 0 bytes, ns_ble_task.o(i.gapc_le_pkt_size_ind_handler))
<BR>[Address Reference Count : 1]<UL><LI> ns_ble_task.o(.constdata)
</UL>
<P><STRONG><a name="[6a]"></a>gapc_param_update_req_ind_handler</STRONG> (Thumb, 92 bytes, Stack size 24 bytes, ns_ble_task.o(i.gapc_param_update_req_ind_handler))
<BR><BR>[Stack]<UL><LI>Max Depth = 144<LI>Call Chain = gapc_param_update_req_ind_handler &rArr; ns_ble_adv_start &rArr; app_create_advertising &rArr; ns_bond_last_bonded_peer_id &rArr; ns_bond_db_get_size &rArr; Qflash_Erase_Sector
</UL>
<BR>[Calls]<UL><LI><a href="#[c5]">&gt;&gt;</a>&nbsp;&nbsp;&nbsp;ke_msg_send
<LI><a href="#[c4]">&gt;&gt;</a>&nbsp;&nbsp;&nbsp;ke_msg_alloc
<LI><a href="#[d0]">&gt;&gt;</a>&nbsp;&nbsp;&nbsp;ns_ble_adv_start
</UL>
<BR>[Address Reference Count : 1]<UL><LI> ns_ble_task.o(.constdata)
</UL>
<P><STRONG><a name="[6b]"></a>gapc_param_updated_ind_handler</STRONG> (Thumb, 32 bytes, Stack size 16 bytes, ns_ble_task.o(i.gapc_param_updated_ind_handler))
<BR><BR>[Stack]<UL><LI>Max Depth = 16<LI>Call Chain = gapc_param_updated_ind_handler
</UL>
<BR>[Address Reference Count : 1]<UL><LI> ns_ble_task.o(.constdata)
</UL>
<P><STRONG><a name="[70]"></a>gapc_set_dev_info_req_ind_handler</STRONG> (Thumb, 54 bytes, Stack size 16 bytes, ns_ble_task.o(i.gapc_set_dev_info_req_ind_handler))
<BR><BR>[Stack]<UL><LI>Max Depth = 16<LI>Call Chain = gapc_set_dev_info_req_ind_handler
</UL>
<BR>[Calls]<UL><LI><a href="#[c5]">&gt;&gt;</a>&nbsp;&nbsp;&nbsp;ke_msg_send
<LI><a href="#[c4]">&gt;&gt;</a>&nbsp;&nbsp;&nbsp;ke_msg_alloc
<LI><a href="#[b2]">&gt;&gt;</a>&nbsp;&nbsp;&nbsp;__aeabi_memcpy
</UL>
<BR>[Address Reference Count : 1]<UL><LI> ns_ble_task.o(.constdata)
</UL>
<P><STRONG><a name="[60]"></a>gapm_activity_created_ind_handler</STRONG> (Thumb, 48 bytes, Stack size 0 bytes, ns_ble_task.o(i.gapm_activity_created_ind_handler))
<BR>[Address Reference Count : 1]<UL><LI> ns_ble_task.o(.constdata)
</UL>
<P><STRONG><a name="[61]"></a>gapm_activity_stopped_ind_handler</STRONG> (Thumb, 84 bytes, Stack size 16 bytes, ns_ble_task.o(i.gapm_activity_stopped_ind_handler))
<BR><BR>[Stack]<UL><LI>Max Depth = 136<LI>Call Chain = gapm_activity_stopped_ind_handler &rArr; ns_ble_adv_fsm_next &rArr; app_create_advertising &rArr; ns_bond_last_bonded_peer_id &rArr; ns_bond_db_get_size &rArr; Qflash_Erase_Sector
</UL>
<BR>[Calls]<UL><LI><a href="#[135]">&gt;&gt;</a>&nbsp;&nbsp;&nbsp;ns_ble_delete_scan
<LI><a href="#[136]">&gt;&gt;</a>&nbsp;&nbsp;&nbsp;ns_ble_delete_init
<LI><a href="#[134]">&gt;&gt;</a>&nbsp;&nbsp;&nbsp;ns_ble_adv_fsm_next
</UL>
<BR>[Address Reference Count : 1]<UL><LI> ns_ble_task.o(.constdata)
</UL>
<P><STRONG><a name="[63]"></a>gapm_addr_solved_ind_handler</STRONG> (Thumb, 34 bytes, Stack size 8 bytes, ns_ble_task.o(i.gapm_addr_solved_ind_handler))
<BR><BR>[Stack]<UL><LI>Max Depth = 184<LI>Call Chain = gapm_addr_solved_ind_handler &rArr; ns_bond_search_addr_irk &rArr; ns_bond_resolv_addr_start &rArr; ns_bond_db_get_size &rArr; Qflash_Erase_Sector
</UL>
<BR>[Calls]<UL><LI><a href="#[137]">&gt;&gt;</a>&nbsp;&nbsp;&nbsp;ns_bond_search_addr_irk
<LI><a href="#[b2]">&gt;&gt;</a>&nbsp;&nbsp;&nbsp;__aeabi_memcpy
</UL>
<BR>[Address Reference Count : 1]<UL><LI> ns_ble_task.o(.constdata)
</UL>
<P><STRONG><a name="[64]"></a>gapm_cmp_evt_handler</STRONG> (Thumb, 860 bytes, Stack size 72 bytes, ns_ble_task.o(i.gapm_cmp_evt_handler))
<BR><BR>[Stack]<UL><LI>Max Depth = 192<LI>Call Chain = gapm_cmp_evt_handler &rArr; ns_ble_adv_start &rArr; app_create_advertising &rArr; ns_bond_last_bonded_peer_id &rArr; ns_bond_db_get_size &rArr; Qflash_Erase_Sector
</UL>
<BR>[Calls]<UL><LI><a href="#[a1]">&gt;&gt;</a>&nbsp;&nbsp;&nbsp;__ARM_common_switch8
<LI><a href="#[c5]">&gt;&gt;</a>&nbsp;&nbsp;&nbsp;ke_msg_send
<LI><a href="#[c4]">&gt;&gt;</a>&nbsp;&nbsp;&nbsp;ke_msg_alloc
<LI><a href="#[10d]">&gt;&gt;</a>&nbsp;&nbsp;&nbsp;ke_state_set
<LI><a href="#[116]">&gt;&gt;</a>&nbsp;&nbsp;&nbsp;attm_svc_create_db (via Veneer)
<LI><a href="#[138]">&gt;&gt;</a>&nbsp;&nbsp;&nbsp;prf_init
<LI><a href="#[ff]">&gt;&gt;</a>&nbsp;&nbsp;&nbsp;llhwc_modem_setmode
<LI><a href="#[13b]">&gt;&gt;</a>&nbsp;&nbsp;&nbsp;ns_ble_list_set_ral
<LI><a href="#[df]">&gt;&gt;</a>&nbsp;&nbsp;&nbsp;ns_sec_get_bond_status
<LI><a href="#[13f]">&gt;&gt;</a>&nbsp;&nbsp;&nbsp;ns_bond_resolv_addr_start
<LI><a href="#[13a]">&gt;&gt;</a>&nbsp;&nbsp;&nbsp;ns_bond_last_bonded_ral_info
<LI><a href="#[d7]">&gt;&gt;</a>&nbsp;&nbsp;&nbsp;__2printf
<LI><a href="#[cb]">&gt;&gt;</a>&nbsp;&nbsp;&nbsp;__aeabi_memclr4
<LI><a href="#[8c]">&gt;&gt;</a>&nbsp;&nbsp;&nbsp;__aeabi_memclr
<LI><a href="#[b2]">&gt;&gt;</a>&nbsp;&nbsp;&nbsp;__aeabi_memcpy
<LI><a href="#[139]">&gt;&gt;</a>&nbsp;&nbsp;&nbsp;ns_peripheral_config
<LI><a href="#[13d]">&gt;&gt;</a>&nbsp;&nbsp;&nbsp;ns_ble_start_scan
<LI><a href="#[140]">&gt;&gt;</a>&nbsp;&nbsp;&nbsp;ns_ble_start_init
<LI><a href="#[135]">&gt;&gt;</a>&nbsp;&nbsp;&nbsp;ns_ble_delete_scan
<LI><a href="#[136]">&gt;&gt;</a>&nbsp;&nbsp;&nbsp;ns_ble_delete_init
<LI><a href="#[13e]">&gt;&gt;</a>&nbsp;&nbsp;&nbsp;ns_ble_adv_stop
<LI><a href="#[d0]">&gt;&gt;</a>&nbsp;&nbsp;&nbsp;ns_ble_adv_start
<LI><a href="#[134]">&gt;&gt;</a>&nbsp;&nbsp;&nbsp;ns_ble_adv_fsm_next
<LI><a href="#[13c]">&gt;&gt;</a>&nbsp;&nbsp;&nbsp;ns_ble_add_svc
</UL>
<BR>[Address Reference Count : 1]<UL><LI> ns_ble_task.o(.constdata)
</UL>
<P><STRONG><a name="[66]"></a>gapm_ext_adv_repoer_ind_handler</STRONG> (Thumb, 134 bytes, Stack size 16 bytes, ns_ble_task.o(i.gapm_ext_adv_repoer_ind_handler))
<BR><BR>[Stack]<UL><LI>Max Depth = 68<LI>Call Chain = gapm_ext_adv_repoer_ind_handler &rArr; ns_ble_start_init &rArr; llhwc_modem_setmode &rArr; llhwc_setmode_reg_config
</UL>
<BR>[Calls]<UL><LI><a href="#[a1]">&gt;&gt;</a>&nbsp;&nbsp;&nbsp;__ARM_common_switch8
<LI><a href="#[133]">&gt;&gt;</a>&nbsp;&nbsp;&nbsp;memcmp
<LI><a href="#[142]">&gt;&gt;</a>&nbsp;&nbsp;&nbsp;ns_ble_stop_scan
<LI><a href="#[140]">&gt;&gt;</a>&nbsp;&nbsp;&nbsp;ns_ble_start_init
<LI><a href="#[141]">&gt;&gt;</a>&nbsp;&nbsp;&nbsp;ns_ble_scan_data_find
</UL>
<BR>[Address Reference Count : 1]<UL><LI> ns_ble_task.o(.constdata)
</UL>
<P><STRONG><a name="[62]"></a>gapm_gen_rand_nb_ind_handler</STRONG> (Thumb, 20 bytes, Stack size 8 bytes, ns_ble_task.o(i.gapm_gen_rand_nb_ind_handler))
<BR><BR>[Stack]<UL><LI>Max Depth = 8<LI>Call Chain = gapm_gen_rand_nb_ind_handler
</UL>
<BR>[Calls]<UL><LI><a href="#[b2]">&gt;&gt;</a>&nbsp;&nbsp;&nbsp;__aeabi_memcpy
<LI><a href="#[143]">&gt;&gt;</a>&nbsp;&nbsp;&nbsp;srand
</UL>
<BR>[Address Reference Count : 1]<UL><LI> ns_ble_task.o(.constdata)
</UL>
<P><STRONG><a name="[65]"></a>gapm_profile_added_ind_handler</STRONG> (Thumb, 12 bytes, Stack size 8 bytes, ns_ble_task.o(i.gapm_profile_added_ind_handler))
<BR><BR>[Stack]<UL><LI>Max Depth = 8<LI>Call Chain = gapm_profile_added_ind_handler
</UL>
<BR>[Calls]<UL><LI><a href="#[e2]">&gt;&gt;</a>&nbsp;&nbsp;&nbsp;ke_state_get
</UL>
<BR>[Address Reference Count : 1]<UL><LI> ns_ble_task.o(.constdata)
</UL>
<P><STRONG><a name="[68]"></a>gattc_cmp_evt_handler</STRONG> (Thumb, 32 bytes, Stack size 16 bytes, ns_ble_task.o(i.gattc_cmp_evt_handler))
<BR><BR>[Stack]<UL><LI>Max Depth = 16<LI>Call Chain = gattc_cmp_evt_handler
</UL>
<BR>[Address Reference Count : 1]<UL><LI> ns_ble_task.o(.constdata)
</UL>
<P><STRONG><a name="[67]"></a>gattc_mtu_changed_ind_handler</STRONG> (Thumb, 70 bytes, Stack size 24 bytes, ns_ble_task.o(i.gattc_mtu_changed_ind_handler))
<BR><BR>[Stack]<UL><LI>Max Depth = 24<LI>Call Chain = gattc_mtu_changed_ind_handler
</UL>
<BR>[Address Reference Count : 1]<UL><LI> ns_ble_task.o(.constdata)
</UL>
<P><STRONG><a name="[3c]"></a>timer_canceled_handler</STRONG> (Thumb, 2 bytes, Stack size 0 bytes, ns_timer.o(i.timer_canceled_handler))
<BR>[Address Reference Count : 1]<UL><LI> ns_timer.o(i.ns_timer_api_process_handler)
</UL>
<P><STRONG><a name="[3b]"></a>timer_modified_handler</STRONG> (Thumb, 2 bytes, Stack size 0 bytes, ns_timer.o(i.timer_modified_handler))
<BR>[Address Reference Count : 1]<UL><LI> ns_timer.o(i.ns_timer_api_process_handler)
</UL>
<P><STRONG><a name="[77]"></a>diss_value_req_ind_handler</STRONG> (Thumb, 112 bytes, Stack size 24 bytes, app_dis.o(i.diss_value_req_ind_handler))
<BR><BR>[Stack]<UL><LI>Max Depth = 32<LI>Call Chain = diss_value_req_ind_handler &rArr; __ARM_common_switch8
</UL>
<BR>[Calls]<UL><LI><a href="#[a1]">&gt;&gt;</a>&nbsp;&nbsp;&nbsp;__ARM_common_switch8
<LI><a href="#[c5]">&gt;&gt;</a>&nbsp;&nbsp;&nbsp;ke_msg_send
<LI><a href="#[c4]">&gt;&gt;</a>&nbsp;&nbsp;&nbsp;ke_msg_alloc
<LI><a href="#[b2]">&gt;&gt;</a>&nbsp;&nbsp;&nbsp;__aeabi_memcpy
</UL>
<BR>[Address Reference Count : 1]<UL><LI> app_dis.o(.constdata)
</UL>
<P><STRONG><a name="[78]"></a>app_batt_msg_dflt_handler</STRONG> (Thumb, 4 bytes, Stack size 0 bytes, app_batt.o(i.app_batt_msg_dflt_handler))
<BR>[Address Reference Count : 1]<UL><LI> app_batt.o(.constdata)
</UL>
<P><STRONG><a name="[79]"></a>bass_batt_level_ntf_cfg_ind_handler</STRONG> (Thumb, 4 bytes, Stack size 0 bytes, app_batt.o(i.bass_batt_level_ntf_cfg_ind_handler))
<BR>[Address Reference Count : 1]<UL><LI> app_batt.o(.constdata)
</UL>
<P><STRONG><a name="[7a]"></a>batt_level_upd_handler</STRONG> (Thumb, 4 bytes, Stack size 0 bytes, app_batt.o(i.batt_level_upd_handler))
<BR>[Address Reference Count : 1]<UL><LI> app_batt.o(.constdata)
</UL>
<P><STRONG><a name="[7b]"></a>app_hid_msg_dflt_handler</STRONG> (Thumb, 4 bytes, Stack size 0 bytes, app_hid.o(i.app_hid_msg_dflt_handler))
<BR>[Address Reference Count : 1]<UL><LI> app_hid.o(.constdata)
</UL>
<P><STRONG><a name="[80]"></a>hogpd_ctnl_pt_ind_handler</STRONG> (Thumb, 64 bytes, Stack size 16 bytes, app_hid.o(i.hogpd_ctnl_pt_ind_handler))
<BR><BR>[Stack]<UL><LI>Max Depth = 28<LI>Call Chain = hogpd_ctnl_pt_ind_handler &rArr; prf_get_task_from_id
</UL>
<BR>[Calls]<UL><LI><a href="#[c5]">&gt;&gt;</a>&nbsp;&nbsp;&nbsp;ke_msg_send
<LI><a href="#[c4]">&gt;&gt;</a>&nbsp;&nbsp;&nbsp;ke_msg_alloc
<LI><a href="#[2a]">&gt;&gt;</a>&nbsp;&nbsp;&nbsp;prf_get_task_from_id
</UL>
<BR>[Address Reference Count : 1]<UL><LI> app_hid.o(.constdata)
</UL>
<P><STRONG><a name="[7c]"></a>hogpd_enable_rsp_handler</STRONG> (Thumb, 4 bytes, Stack size 0 bytes, app_hid.o(i.hogpd_enable_rsp_handler))
<BR>[Address Reference Count : 1]<UL><LI> app_hid.o(.constdata)
</UL>
<P><STRONG><a name="[7d]"></a>hogpd_ntf_cfg_ind_handler</STRONG> (Thumb, 48 bytes, Stack size 8 bytes, app_hid.o(i.hogpd_ntf_cfg_ind_handler))
<BR><BR>[Stack]<UL><LI>Max Depth = 32<LI>Call Chain = hogpd_ntf_cfg_ind_handler &rArr; __2printf
</UL>
<BR>[Calls]<UL><LI><a href="#[d7]">&gt;&gt;</a>&nbsp;&nbsp;&nbsp;__2printf
</UL>
<BR>[Address Reference Count : 1]<UL><LI> app_hid.o(.constdata)
</UL>
<P><STRONG><a name="[7f]"></a>hogpd_proto_mode_req_ind_handler</STRONG> (Thumb, 92 bytes, Stack size 16 bytes, app_hid.o(i.hogpd_proto_mode_req_ind_handler))
<BR><BR>[Stack]<UL><LI>Max Depth = 28<LI>Call Chain = hogpd_proto_mode_req_ind_handler &rArr; prf_get_task_from_id
</UL>
<BR>[Calls]<UL><LI><a href="#[c5]">&gt;&gt;</a>&nbsp;&nbsp;&nbsp;ke_msg_send
<LI><a href="#[c4]">&gt;&gt;</a>&nbsp;&nbsp;&nbsp;ke_msg_alloc
<LI><a href="#[2a]">&gt;&gt;</a>&nbsp;&nbsp;&nbsp;prf_get_task_from_id
</UL>
<BR>[Address Reference Count : 1]<UL><LI> app_hid.o(.constdata)
</UL>
<P><STRONG><a name="[7e]"></a>hogpd_report_req_ind_handler</STRONG> (Thumb, 204 bytes, Stack size 24 bytes, app_hid.o(i.hogpd_report_req_ind_handler))
<BR><BR>[Stack]<UL><LI>Max Depth = 36<LI>Call Chain = hogpd_report_req_ind_handler &rArr; prf_get_task_from_id
</UL>
<BR>[Calls]<UL><LI><a href="#[c5]">&gt;&gt;</a>&nbsp;&nbsp;&nbsp;ke_msg_send
<LI><a href="#[c4]">&gt;&gt;</a>&nbsp;&nbsp;&nbsp;ke_msg_alloc
<LI><a href="#[2a]">&gt;&gt;</a>&nbsp;&nbsp;&nbsp;prf_get_task_from_id
<LI><a href="#[8c]">&gt;&gt;</a>&nbsp;&nbsp;&nbsp;__aeabi_memclr
<LI><a href="#[b2]">&gt;&gt;</a>&nbsp;&nbsp;&nbsp;__aeabi_memcpy
</UL>
<BR>[Address Reference Count : 1]<UL><LI> app_hid.o(.constdata)
</UL>
<P><STRONG><a name="[81]"></a>hogpd_report_upd_handler</STRONG> (Thumb, 36 bytes, Stack size 0 bytes, app_hid.o(i.hogpd_report_upd_handler))
<BR>[Address Reference Count : 1]<UL><LI> app_hid.o(.constdata)
</UL>
<P><STRONG><a name="[ba]"></a>_printf_core</STRONG> (Thumb, 1020 bytes, Stack size 104 bytes, printf8.o(i._printf_core), UNUSED)
<BR><BR>[Calls]<UL><LI><a href="#[c2]">&gt;&gt;</a>&nbsp;&nbsp;&nbsp;_printf_pre_padding
<LI><a href="#[c3]">&gt;&gt;</a>&nbsp;&nbsp;&nbsp;_printf_post_padding
<LI><a href="#[89]">&gt;&gt;</a>&nbsp;&nbsp;&nbsp;__aeabi_uldivmod
</UL>
<BR>[Called By]<UL><LI><a href="#[b9]">&gt;&gt;</a>&nbsp;&nbsp;&nbsp;__0printf$8
</UL>

<P><STRONG><a name="[c3]"></a>_printf_post_padding</STRONG> (Thumb, 32 bytes, Stack size 24 bytes, printf8.o(i._printf_post_padding), UNUSED)
<BR><BR>[Called By]<UL><LI><a href="#[ba]">&gt;&gt;</a>&nbsp;&nbsp;&nbsp;_printf_core
</UL>

<P><STRONG><a name="[c2]"></a>_printf_pre_padding</STRONG> (Thumb, 44 bytes, Stack size 40 bytes, printf8.o(i._printf_pre_padding), UNUSED)
<BR><BR>[Called By]<UL><LI><a href="#[ba]">&gt;&gt;</a>&nbsp;&nbsp;&nbsp;_printf_core
</UL>
<P>
<H3>
Undefined Global Symbols
</H3>
<P><STRONG><a name="[85]"></a>__arm_fini_</STRONG> (Unknown, 0 bytes, Stack size 0 bytes, UNDEFINED)
<BR><BR>[Called By]<UL><LI><a href="#[84]">&gt;&gt;</a>&nbsp;&nbsp;&nbsp;__rt_lib_shutdown_fini
</UL>
<HR></body></html>
